./lcd/lcd.c:97:6:lcd_port_pinmode_in	16	static
./lcd/lcd.c:112:6:lcd_port_pinmode_out	16	static
./lcd/lcd.c:120:6:lcd_port_write_byte	24	static
./lcd/lcd.c:133:9:lcd_port_read_byte	16	static
./lcd/lcd.c:149:6:lcd_rs_pinmode_in	8	static
./lcd/lcd.c:155:6:lcd_rs_pinmode_out	8	static
./lcd/lcd.c:161:6:lcd_rs_clear	8	static
./lcd/lcd.c:166:6:lcd_rs_set	8	static
./lcd/lcd.c:171:6:lcd_en_pinmode_in	8	static
./lcd/lcd.c:177:6:lcd_en_pinmode_out	8	static
./lcd/lcd.c:183:6:lcd_en_clear	8	static
./lcd/lcd.c:188:6:lcd_en_set	8	static
./lcd/lcd.c:193:9:lcd_read_busy	8	static
./lcd/lcd.c:202:9:lcd_read_data	16	static
./lcd/lcd.c:216:9:lcd_read_byte	16	static
./lcd/lcd.c:246:6:lcd_write_cmd	16	static
./lcd/lcd.c:257:7:lcd_write_data	16	static
./lcd/lcd.c:270:6:lcd_write_byte	16	static
./lcd/lcd.c:299:6:lcd_clear	8	static
./lcd/lcd.c:305:6:lcd_cursor_home	8	static
./lcd/lcd.c:310:6:lcd_cursor_on	8	static
./lcd/lcd.c:315:6:lcd_cursor_off	8	static
./lcd/lcd.c:320:6:lcd_cursor_blink	8	static
./lcd/lcd.c:325:6:lcd_cursor_shift_left	8	static
./lcd/lcd.c:330:6:lcd_cursor_shift_right	8	static
./lcd/lcd.c:335:6:lcd_display_shift_left	8	static
./lcd/lcd.c:340:6:lcd_display_shift_right	8	static
./lcd/lcd.c:345:6:lcd_entery_mode_increment	8	static
./lcd/lcd.c:350:6:lcd_entery_mode_decrement	8	static
./lcd/lcd.c:355:6:lcd_set_display_cursor	24	static
./lcd/lcd.c:373:6:lcd_init	8	static
./lcd/lcd.c:389:6:lcd_refresh	8	static
./lcd/lcd.c:415:10:lcd_is_busy	8	static
./lcd/lcd.c:424:10:lcd_get_AC	16	static
./lcd/lcd.c:437:6:lcd_set_line	16	static
./lcd/lcd.c:442:6:lcd_clear_line	16	static
./lcd/lcd.c:447:6:lcd_goto_xy	24	static
./lcd/lcd.c:463:6:lcd_write_8bit	24	static
./lcd/lcd.c:472:6:lcd_write_16bit	16	static
./lcd/lcd.c:480:6:lcd_write_bcd_8bit	24	static
./lcd/lcd.c:497:6:lcd_write_bcd_16bit	24	static
./lcd/lcd.c:520:6:lcd_init_cgram	24	static
./lcd/lcd.c:529:6:lcd_print_cgram	16	static
./lcd/lcd.c:537:6:lcd_write_num	32	static
./lcd/lcd.c:544:6:lcd_write_hex	16	static
./lcd/lcd.c:549:6:lcd_write_octal	16	static
./lcd/lcd.c:554:6:lcd_write_int	16	static
./lcd/lcd.c:559:6:lcd_write_bin	24	static
./lcd/lcd.c:574:8:lcd_write	16	static
./lcd/lcd.c:586:8:lcd_write_array	24	static
./lcd/lcd.c:596:9:lcd_write_str	16	static
./lcd/lcd.c:601:9:lcd_write_cstr	16	static
./lcd/lcd.c:612:8:lcd_print_array	16	static
./lcd/lcd.c:617:8:lcd_print_as_number	112	static
./lcd/lcd.c:637:8:lcd_print_as_Float	88	static
./lcd/lcd.c:688:8:lcd_print_ch	16	static
./lcd/lcd.c:693:8:lcd_print	16	static
./lcd/lcd.c:698:8:lcd_print_xy	16	static
./lcd/lcd.c:711:6:lcd_printf	32	static
./lcd/lcd.c:721:6:lcd_printf_xy	40	static
./lcd/lcd.c:751:8:lcd_print_uint8	24	static
./lcd/lcd.c:756:8:lcd_print_uint8_xy	32	static
./lcd/lcd.c:761:8:lcd_print_uint8_str	40	static
./lcd/lcd.c:766:8:lcd_print_uint8_xy_str	40	static
./lcd/lcd.c:771:8:lcd_print_int8_t	24	static
./lcd/lcd.c:776:8:lcd_print_int8_xy	32	static
./lcd/lcd.c:781:8:lcd_print_int8_str	40	static
./lcd/lcd.c:786:8:lcd_print_int8_xy_str	40	static
./lcd/lcd.c:796:8:lcd_print_uint16	24	static
./lcd/lcd.c:801:8:lcd_print_uint16_xy	32	static
./lcd/lcd.c:806:8:lcd_print_uint16_str	40	static
./lcd/lcd.c:811:8:lcd_print_uint16_xy_str	40	static
./lcd/lcd.c:816:8:lcd_print_int16	24	static
./lcd/lcd.c:821:8:lcd_print_int16_xy	32	static
./lcd/lcd.c:826:8:lcd_print_int16_str	40	static
./lcd/lcd.c:831:8:lcd_print_int16_xy_str	40	static
./lcd/lcd.c:841:8:lcd_print_uint32	24	static
./lcd/lcd.c:846:8:lcd_print_uint32_xy	40	static
./lcd/lcd.c:851:8:lcd_print_uint32_str	40	static
./lcd/lcd.c:856:8:lcd_print_uint32_xy_str	48	static
./lcd/lcd.c:861:8:lcd_print_int32	24	static
./lcd/lcd.c:866:8:lcd_print_int32_xy	40	static
./lcd/lcd.c:871:8:lcd_print_int32_str	40	static
./lcd/lcd.c:876:8:lcd_print_int32_xy_str	48	static
./lcd/lcd.c:886:8:lcd_print_uint64	24	static
./lcd/lcd.c:894:8:lcd_print_uint64_xy	24	static
./lcd/lcd.c:900:8:lcd_print_uint64_str	32	static
./lcd/lcd.c:907:8:lcd_print_uint64_xy_str	24	static
./lcd/lcd.c:913:8:lcd_print_int64	40	static
./lcd/lcd.c:930:8:lcd_print_int64_xy	24	static
./lcd/lcd.c:936:8:lcd_print_int64_str	32	static
./lcd/lcd.c:942:8:lcd_print_int64_xy_str	24	static
./lcd/lcd.c:953:8:lcd_print_double	24	static
./lcd/lcd.c:958:8:lcd_print_double_xy	24	static
./lcd/lcd.c:964:8:lcd_print_double_str	32	static
./lcd/lcd.c:970:8:lcd_print_double_xy_str	24	static
./lcd/lcd.c:981:6:lcd_print_real	32	static
./lcd/lcd.c:991:6:lcd_print_real_str	24	static
./lcd/lcd.c:997:6:lcd_print_real_xy	32	static
./lcd/lcd.c:1003:6:lcd_print_real_xy_str	16	static
./lcd/lcd.c:1009:6:lcd_print_ureal	32	static
./lcd/lcd.c:1017:6:lcd_print_ureal_str	24	static
./lcd/lcd.c:1023:6:lcd_print_ureal_xy	32	static
./lcd/lcd.c:1029:6:lcd_print_ureal_xy_str	16	static
./lcd/lcd.c:1041:6:lcd_print_minute	32	static
./lcd/lcd.c:1049:6:lcd_print_minute_xy	16	static
./lcd/lcd.c:1055:6:lcd_print_minute_str	16	static
./lcd/lcd.c:1061:6:lcd_print_minute_xy_str	16	static
./lcd/lcd.c:1067:6:lcd_print_hour	32	static
./lcd/lcd.c:1075:6:lcd_print_hour_xy	16	static
./lcd/lcd.c:1081:6:lcd_print_hour_str	16	static
./lcd/lcd.c:1087:6:lcd_print_hour_xy_str	16	static
./lcd/lcd.c:1093:6:lcd_print_period	32	static
./lcd/lcd.c:1101:6:lcd_print_period_xy	16	static
./lcd/lcd.c:1107:6:lcd_print_period_str	16	static
./lcd/lcd.c:1113:6:lcd_print_period_xy_str	16	static
./lcd/lcd.c:1119:6:lcd_print_ext_period	40	static
./lcd/lcd.c:1129:6:lcd_print_ext_period_xy	16	static
./lcd/lcd.c:1135:6:lcd_print_ext_period_str	16	static
./lcd/lcd.c:1141:6:lcd_print_ext_period_xy_str	24	static
./lcd/lcd.c:1147:6:lcd_print_time	40	static
./lcd/lcd.c:1162:6:lcd_print_time_xy	16	static
./lcd/lcd.c:1168:6:lcd_print_time_str	16	static
./lcd/lcd.c:1174:6:lcd_print_time_xy_str	24	static
./lcd/lcd.c:1180:6:lcd_print_date	40	static
./lcd/lcd.c:1190:6:lcd_print_date_xy	16	static
./lcd/lcd.c:1196:6:lcd_print_date_str	16	static
./lcd/lcd.c:1202:6:lcd_print_date_xy_str	24	static
./lcd/lcd.c:1208:6:lcd_print_datetime	16	static
./lcd/lcd.c:1215:6:lcd_print_datetime_xy	32	static
./lcd/lcd.c:1221:6:lcd_print_datetime_str	24	static
./lcd/lcd.c:1227:6:lcd_print_datetime_xy_str	16	static
./lcd/lcd.c:1233:6:lcd_blank_line	24	static
