Archive member included to satisfy reference by file (symbol)

c:/arm-tool/gcc-arm-none-eabi-10.3-2021.10/bin/../lib/gcc/arm-none-eabi/10.3.1/../../../../arm-none-eabi/lib/thumb/v7-m/nofp\libc_nano.a(lib_a-exit.o)
                              c:/arm-tool/gcc-arm-none-eabi-10.3-2021.10/bin/../lib/gcc/arm-none-eabi/10.3.1/../../../../arm-none-eabi/lib/thumb/v7-m/nofp/crt0.o (exit)
c:/arm-tool/gcc-arm-none-eabi-10.3-2021.10/bin/../lib/gcc/arm-none-eabi/10.3.1/../../../../arm-none-eabi/lib/thumb/v7-m/nofp\libc_nano.a(lib_a-impure.o)
                              c:/arm-tool/gcc-arm-none-eabi-10.3-2021.10/bin/../lib/gcc/arm-none-eabi/10.3.1/../../../../arm-none-eabi/lib/thumb/v7-m/nofp\libc_nano.a(lib_a-exit.o) (_global_impure_ptr)
c:/arm-tool/gcc-arm-none-eabi-10.3-2021.10/bin/../lib/gcc/arm-none-eabi/10.3.1/../../../../arm-none-eabi/lib/thumb/v7-m/nofp\libc_nano.a(lib_a-init.o)
                              c:/arm-tool/gcc-arm-none-eabi-10.3-2021.10/bin/../lib/gcc/arm-none-eabi/10.3.1/../../../../arm-none-eabi/lib/thumb/v7-m/nofp/crt0.o (__libc_init_array)
c:/arm-tool/gcc-arm-none-eabi-10.3-2021.10/bin/../lib/gcc/arm-none-eabi/10.3.1/../../../../arm-none-eabi/lib/thumb/v7-m/nofp\libc_nano.a(lib_a-itoa.o)
                              build/lcd.o (itoa)
c:/arm-tool/gcc-arm-none-eabi-10.3-2021.10/bin/../lib/gcc/arm-none-eabi/10.3.1/../../../../arm-none-eabi/lib/thumb/v7-m/nofp\libc_nano.a(lib_a-memchr-stub.o)
                              build/array.o (memchr)
c:/arm-tool/gcc-arm-none-eabi-10.3-2021.10/bin/../lib/gcc/arm-none-eabi/10.3.1/../../../../arm-none-eabi/lib/thumb/v7-m/nofp\libc_nano.a(lib_a-memset.o)
                              c:/arm-tool/gcc-arm-none-eabi-10.3-2021.10/bin/../lib/gcc/arm-none-eabi/10.3.1/../../../../arm-none-eabi/lib/thumb/v7-m/nofp/crt0.o (memset)
c:/arm-tool/gcc-arm-none-eabi-10.3-2021.10/bin/../lib/gcc/arm-none-eabi/10.3.1/../../../../arm-none-eabi/lib/thumb/v7-m/nofp\libc_nano.a(lib_a-strlen.o)
                              build/lcd.o (strlen)
c:/arm-tool/gcc-arm-none-eabi-10.3-2021.10/bin/../lib/gcc/arm-none-eabi/10.3.1/../../../../arm-none-eabi/lib/thumb/v7-m/nofp\libc_nano.a(lib_a-utoa.o)
                              c:/arm-tool/gcc-arm-none-eabi-10.3-2021.10/bin/../lib/gcc/arm-none-eabi/10.3.1/../../../../arm-none-eabi/lib/thumb/v7-m/nofp\libc_nano.a(lib_a-itoa.o) (__utoa)
c:/arm-tool/gcc-arm-none-eabi-10.3-2021.10/bin/../lib/gcc/arm-none-eabi/10.3.1/../../../../arm-none-eabi/lib/thumb/v7-m/nofp\libc_nano.a(lib_a-vsprintf.o)
                              build/lcd.o (vsprintf)
c:/arm-tool/gcc-arm-none-eabi-10.3-2021.10/bin/../lib/gcc/arm-none-eabi/10.3.1/../../../../arm-none-eabi/lib/thumb/v7-m/nofp\libc_nano.a(lib_a-nano-svfprintf.o)
                              c:/arm-tool/gcc-arm-none-eabi-10.3-2021.10/bin/../lib/gcc/arm-none-eabi/10.3.1/../../../../arm-none-eabi/lib/thumb/v7-m/nofp\libc_nano.a(lib_a-vsprintf.o) (_svfprintf_r)
c:/arm-tool/gcc-arm-none-eabi-10.3-2021.10/bin/../lib/gcc/arm-none-eabi/10.3.1/../../../../arm-none-eabi/lib/thumb/v7-m/nofp\libc_nano.a(lib_a-nano-vfprintf_i.o)
                              c:/arm-tool/gcc-arm-none-eabi-10.3-2021.10/bin/../lib/gcc/arm-none-eabi/10.3.1/../../../../arm-none-eabi/lib/thumb/v7-m/nofp\libc_nano.a(lib_a-nano-svfprintf.o) (_printf_i)
c:/arm-tool/gcc-arm-none-eabi-10.3-2021.10/bin/../lib/gcc/arm-none-eabi/10.3.1/../../../../arm-none-eabi/lib/thumb/v7-m/nofp\libc_nano.a(lib_a-memcpy-stub.o)
                              c:/arm-tool/gcc-arm-none-eabi-10.3-2021.10/bin/../lib/gcc/arm-none-eabi/10.3.1/../../../../arm-none-eabi/lib/thumb/v7-m/nofp\libc_nano.a(lib_a-nano-svfprintf.o) (memcpy)
c:/arm-tool/gcc-arm-none-eabi-10.3-2021.10/bin/../lib/gcc/arm-none-eabi/10.3.1/../../../../arm-none-eabi/lib/thumb/v7-m/nofp\libc_nano.a(lib_a-memmove.o)
                              c:/arm-tool/gcc-arm-none-eabi-10.3-2021.10/bin/../lib/gcc/arm-none-eabi/10.3.1/../../../../arm-none-eabi/lib/thumb/v7-m/nofp\libc_nano.a(lib_a-nano-svfprintf.o) (memmove)
c:/arm-tool/gcc-arm-none-eabi-10.3-2021.10/bin/../lib/gcc/arm-none-eabi/10.3.1/../../../../arm-none-eabi/lib/thumb/v7-m/nofp\libc_nano.a(lib_a-nano-freer.o)
                              c:/arm-tool/gcc-arm-none-eabi-10.3-2021.10/bin/../lib/gcc/arm-none-eabi/10.3.1/../../../../arm-none-eabi/lib/thumb/v7-m/nofp\libc_nano.a(lib_a-nano-svfprintf.o) (_free_r)
c:/arm-tool/gcc-arm-none-eabi-10.3-2021.10/bin/../lib/gcc/arm-none-eabi/10.3.1/../../../../arm-none-eabi/lib/thumb/v7-m/nofp\libc_nano.a(lib_a-nano-mallocr.o)
                              c:/arm-tool/gcc-arm-none-eabi-10.3-2021.10/bin/../lib/gcc/arm-none-eabi/10.3.1/../../../../arm-none-eabi/lib/thumb/v7-m/nofp\libc_nano.a(lib_a-nano-svfprintf.o) (_malloc_r)
c:/arm-tool/gcc-arm-none-eabi-10.3-2021.10/bin/../lib/gcc/arm-none-eabi/10.3.1/../../../../arm-none-eabi/lib/thumb/v7-m/nofp\libc_nano.a(lib_a-nano-reallocr.o)
[...]
Memory Configuration

Name             Origin             Length             Attributes
FLASH            0x08000000         0x00010000         xr
RAM              0x20000000         0x00005000         xrw
MEMORY_B1        0x60000000         0x00000000         xr
*default*        0x00000000         0xffffffff

Linker script and memory map

LOAD c:/arm-tool/gcc-arm-none-eabi-10.3-2021.10/bin/../lib/gcc/arm-none-eabi/10.3.1/thumb/v7-m/nofp/crti.o
LOAD c:/arm-tool/gcc-arm-none-eabi-10.3-2021.10/bin/../lib/gcc/arm-none-eabi/10.3.1/thumb/v7-m/nofp/crtbegin.o
LOAD c:/arm-tool/gcc-arm-none-eabi-10.3-2021.10/bin/../lib/gcc/arm-none-eabi/10.3.1/../../../../arm-none-eabi/lib/thumb/v7-m/nofp/crt0.o
LOAD build/main.o
LOAD build/misc.o
LOAD build/stm32f10x_adc.o
LOAD build/stm32f10x_bkp.o
LOAD build/stm32f10x_can.o
LOAD build/stm32f10x_cec.o
LOAD build/stm32f10x_crc.o
LOAD build/stm32f10x_dac.o
LOAD build/stm32f10x_dbgmcu.o
LOAD build/stm32f10x_dma.o
LOAD build/stm32f10x_exti.o
LOAD build/stm32f10x_flash.o
LOAD build/stm32f10x_fsmc.o
LOAD build/stm32f10x_gpio.o
LOAD build/stm32f10x_i2c.o
LOAD build/stm32f10x_iwdg.o
LOAD build/stm32f10x_pwr.o
LOAD build/stm32f10x_rcc.o
LOAD build/stm32f10x_rtc.o
LOAD build/stm32f10x_sdio.o
LOAD build/stm32f10x_spi.o
LOAD build/stm32f10x_tim.o
LOAD build/stm32f10x_usart.o
LOAD build/stm32f10x_wwdg.o
LOAD build/stm32f10x_it.o
LOAD build/system_stm32f10x.o
LOAD build/array.o
LOAD build/crc.o
LOAD build/gpio.o
LOAD build/queue.o
LOAD build/structs.o
LOAD build/init.o
LOAD build/lcd.o
LOAD build/keypad.o
LOAD build/system-task.o
LOAD build/system.o
LOAD build/TIM.o
LOAD build/uart-cmd.o
LOAD build/uart.o
LOAD build/uart_com.o
LOAD build/mpu6050.o
LOAD build/i2c-com.o
LOAD build/i2c-std.o
LOAD build/i2c.o
LOAD build/time.o
LOAD build/startup_stm32f10x_md.o
LOAD c:/arm-tool/gcc-arm-none-eabi-10.3-2021.10/bin/../lib/gcc/arm-none-eabi/10.3.1/../../../../arm-none-eabi/lib/thumb/v7-m/nofp\libc_nano.a
LOAD c:/arm-tool/gcc-arm-none-eabi-10.3-2021.10/bin/../lib/gcc/arm-none-eabi/10.3.1/../../../../arm-none-eabi/lib/thumb/v7-m/nofp\libm.a
LOAD c:/arm-tool/gcc-arm-none-eabi-10.3-2021.10/bin/../lib/gcc/arm-none-eabi/10.3.1/../../../../arm-none-eabi/lib/thumb/v7-m/nofp\libnosys.a
START GROUP
LOAD c:/arm-tool/gcc-arm-none-eabi-10.3-2021.10/bin/../lib/gcc/arm-none-eabi/10.3.1/thumb/v7-m/nofp\libgcc.a
LOAD c:/arm-tool/gcc-arm-none-eabi-10.3-2021.10/bin/../lib/gcc/arm-none-eabi/10.3.1/../../../../arm-none-eabi/lib/thumb/v7-m/nofp\libc_nano.a
END GROUP
START GROUP
LOAD c:/arm-tool/gcc-arm-none-eabi-10.3-2021.10/bin/../lib/gcc/arm-none-eabi/10.3.1/thumb/v7-m/nofp\libgcc.a
LOAD c:/arm-tool/gcc-arm-none-eabi-10.3-2021.10/bin/../lib/gcc/arm-none-eabi/10.3.1/../../../../arm-none-eabi/lib/thumb/v7-m/nofp\libc_nano.a
END GROUP
LOAD c:/arm-tool/gcc-arm-none-eabi-10.3-2021.10/bin/../lib/gcc/arm-none-eabi/10.3.1/thumb/v7-m/nofp/crtend.o
LOAD c:/arm-tool/gcc-arm-none-eabi-10.3-2021.10/bin/../lib/gcc/arm-none-eabi/10.3.1/thumb/v7-m/nofp/crtn.o
                0x20005000                _estack = 0x20005000
                0x00000000                _Min_Heap_Size = 0x0
                0x00000100                _Min_Stack_Size = 0x100

.isr_vector     0x08000000      0x10c
                0x08000000                . = ALIGN (0x4)
 *(.isr_vector)
 .isr_vector    0x08000000      0x10c build/startup_stm32f10x_md.o
                0x08000000                g_pfnVectors
                0x0800010c                . = ALIGN (0x4)

.text           0x0800010c     0x5070
                0x0800010c                . = ALIGN (0x4)
 *(.text)
 .text          0x0800010c       0x40 c:/arm-tool/gcc-arm-none-eabi-10.3-2021.10/bin/../lib/gcc/arm-none-eabi/10.3.1/thumb/v7-m/nofp/crtbegin.o
 .text          0x0800014c       0x10 c:/arm-tool/gcc-arm-none-eabi-10.3-2021.10/bin/../lib/gcc/arm-none-eabi/10.3.1/../../../../arm-none-eabi/lib/thumb/v7-m/nofp\libc_nano.a(lib_a-strlen.o)
                0x0800014c                strlen
 .text          0x0800015c      0x378 c:/arm-tool/gcc-arm-none-eabi-10.3-2021.10/bin/../lib/gcc/arm-none-eabi/10.3.1/thumb/v7-m/nofp\libgcc.a(_arm_addsubdf3.o)
                0x0800015c                __aeabi_drsub
                0x08000164                __aeabi_dsub
                0x08000164                __subdf3
                0x08000168                __aeabi_dadd
                0x08000168                __adddf3
                0x080003e0                __floatunsidf
                0x080003e0                __aeabi_ui2d
                0x08000400                __floatsidf
                0x08000400                __aeabi_i2d
                0x08000424                __aeabi_f2d
                0x08000424                __extendsfdf2
                0x08000468                __floatundidf
                0x08000468                __aeabi_ul2d
                0x08000478                __floatdidf
                0x08000478                __aeabi_l2d
 .text          0x080004d4      0x424 c:/arm-tool/gcc-arm-none-eabi-10.3-2021.10/bin/../lib/gcc/arm-none-eabi/10.3.1/thumb/v7-m/nofp\libgcc.a(_arm_muldivdf3.o)
                0x080004d4                __aeabi_dmul
                0x080004d4                __muldf3
                0x08000728                __divdf3
                0x08000728                __aeabi_ddiv
 .text          0x080008f8       0xa0 c:/arm-tool/gcc-arm-none-eabi-10.3-2021.10/bin/../lib/gcc/arm-none-eabi/10.3.1/thumb/v7-m/nofp\libgcc.a(_arm_truncdfsf2.o)
                0x080008f8                __truncdfsf2
                0x080008f8                __aeabi_d2f
 .text          0x08000998      0x21c c:/arm-tool/gcc-arm-none-eabi-10.3-2021.10/bin/../lib/gcc/arm-none-eabi/10.3.1/thumb/v7-m/nofp\libgcc.a(_arm_addsubsf3.o)
                0x08000998                __aeabi_frsub
                0x080009a0                __subsf3
                0x080009a0                __aeabi_fsub
                0x080009a4                __aeabi_fadd
                0x080009a4                __addsf3
                0x08000b04                __aeabi_ui2f
                0x08000b04                __floatunsisf
                0x08000b0c                __aeabi_i2f
                0x08000b0c                __floatsisf
                0x08000b28                __aeabi_ul2f
                0x08000b28                __floatundisf
                0x08000b38                __aeabi_l2f
                0x08000b38                __floatdisf
 .text          0x08000bb4      0x2a0 c:/arm-tool/gcc-arm-none-eabi-10.3-2021.10/bin/../lib/gcc/arm-none-eabi/10.3.1/thumb/v7-m/nofp\libgcc.a(_arm_muldivsf3.o)
                0x08000bb4                __mulsf3
                0x08000bb4                __aeabi_fmul
                0x08000d1c                __aeabi_fdiv
                0x08000d1c                __divsf3
 .text          0x08000e54       0xec c:/arm-tool/gcc-arm-none-eabi-10.3-2021.10/bin/../lib/gcc/arm-none-eabi/10.3.1/thumb/v7-m/nofp\libgcc.a(_arm_cmpsf2.o)
                0x08000e54                __gesf2
                0x08000e54                __gtsf2
                0x08000e5c                __lesf2
                0x08000e5c                __ltsf2
                0x08000e64                __nesf2
                0x08000e64                __eqsf2
                0x08000e64                __cmpsf2
                0x08000ec4                __aeabi_cfrcmple
                0x08000ecc                __aeabi_cfcmpeq
                0x08000ecc                __aeabi_cfcmple
                0x08000edc                __aeabi_fcmpeq
                0x08000ef0                __aeabi_fcmplt
                0x08000f04                __aeabi_fcmple
                0x08000f18                __aeabi_fcmpge
                0x08000f2c                __aeabi_fcmpgt
 .text          0x08000f40       0x40 c:/arm-tool/gcc-arm-none-eabi-10.3-2021.10/bin/../lib/gcc/arm-none-eabi/10.3.1/thumb/v7-m/nofp\libgcc.a(_arm_fixunssfsi.o)
                0x08000f40                __fixunssfsi
                0x08000f40                __aeabi_f2uiz
 .text          0x08000f80       0x30 c:/arm-tool/gcc-arm-none-eabi-10.3-2021.10/bin/../lib/gcc/arm-none-eabi/10.3.1/thumb/v7-m/nofp\libgcc.a(_aeabi_uldivmod.o)
                0x08000f80                __aeabi_uldivmod
 .text          0x08000fb0      0x2d4 c:/arm-tool/gcc-arm-none-eabi-10.3-2021.10/bin/../lib/gcc/arm-none-eabi/10.3.1/thumb/v7-m/nofp\libgcc.a(_udivmoddi4.o)
                0x08000fb0                __udivmoddi4
 .text          0x08001284        0x4 c:/arm-tool/gcc-arm-none-eabi-10.3-2021.10/bin/../lib/gcc/arm-none-eabi/10.3.1/thumb/v7-m/nofp\libgcc.a(_dvmd_tls.o)
                0x08001284                __aeabi_idiv0
                0x08001284                __aeabi_ldiv0
 *(.text*)
 .text.main     0x08001288        0xe build/main.o
                0x08001288                main
 *fill*         0x08001296        0x2 
 .text.NVIC_PriorityGroupConfig
                0x08001298       0x24 build/misc.o
                0x08001298                NVIC_PriorityGroupConfig
 .text.NVIC_Init
                0x080012bc       0xc4 build/misc.o
                0x080012bc                NVIC_Init
 .text.GPIO_Init
                0x08001380      0x178 build/stm32f10x_gpio.o
                0x08001380                GPIO_Init
 .text.GPIO_StructInit
                0x080014f8       0x26 build/stm32f10x_gpio.o
                0x080014f8                GPIO_StructInit
 .text.GPIO_ReadInputDataBit
                0x0800151e       0x32 build/stm32f10x_gpio.o
                0x0800151e                GPIO_ReadInputDataBit
 .text.GPIO_ReadInputData
                0x08001550       0x18 build/stm32f10x_gpio.o
                0x08001550                GPIO_ReadInputData
 .text.GPIO_ReadOutputDataBit
                0x08001568       0x32 build/stm32f10x_gpio.o
                0x08001568                GPIO_ReadOutputDataBit
 .text.GPIO_ReadOutputData
                0x0800159a       0x18 build/stm32f10x_gpio.o
                0x0800159a                GPIO_ReadOutputData
 .text.GPIO_SetBits
                0x080015b2       0x1c build/stm32f10x_gpio.o
                0x080015b2                GPIO_SetBits
 .text.GPIO_WriteBit
                0x080015ce       0x2e build/stm32f10x_gpio.o
                0x080015ce                GPIO_WriteBit
 .text.I2C_Init
                0x080015fc      0x184 build/stm32f10x_i2c.o
                0x080015fc                I2C_Init
 .text.I2C_StructInit
                0x08001780       0x3c build/stm32f10x_i2c.o
                0x08001780                I2C_StructInit
 .text.RCC_GetClocksFreq
                0x080017bc      0x16c build/stm32f10x_rcc.o
                0x080017bc                RCC_GetClocksFreq
 .text.RCC_APB2PeriphClockCmd
                0x08001928       0x3c build/stm32f10x_rcc.o
                0x08001928                RCC_APB2PeriphClockCmd
 .text.RCC_APB1PeriphClockCmd
                0x08001964       0x3c build/stm32f10x_rcc.o
                0x08001964                RCC_APB1PeriphClockCmd
 .text.RCC_APB1PeriphResetCmd
                0x080019a0       0x3c build/stm32f10x_rcc.o
                0x080019a0                RCC_APB1PeriphResetCmd
 .text.TIM_TimeBaseInit
                0x080019dc       0xf8 build/stm32f10x_tim.o
                0x080019dc                TIM_TimeBaseInit
 .text.TIM_Cmd  0x08001ad4       0x3e build/stm32f10x_tim.o
                0x08001ad4                TIM_Cmd
 .text.TIM_ClearITPendingBit
                0x08001b12       0x20 build/stm32f10x_tim.o
                0x08001b12                TIM_ClearITPendingBit
 *fill*         0x08001b32        0x2 
 .text.USART_Init
                0x08001b34      0x174 build/stm32f10x_usart.o
                0x08001b34                USART_Init
 .text.USART_StructInit
                0x08001ca8       0x38 build/stm32f10x_usart.o
                0x08001ca8                USART_StructInit
 .text.USART_Cmd
                0x08001ce0       0x3e build/stm32f10x_usart.o
                0x08001ce0                USART_Cmd
 .text.USART_ITConfig
                0x08001d1e       0x8e build/stm32f10x_usart.o
                0x08001d1e                USART_ITConfig
 .text.USART_GetFlagStatus
                0x08001dac       0x36 build/stm32f10x_usart.o
                0x08001dac                USART_GetFlagStatus
 .text.USART_GetITStatus
                0x08001de2       0xb4 build/stm32f10x_usart.o
                0x08001de2                USART_GetITStatus
 .text.NMI_Handler
                0x08001e96        0xc build/stm32f10x_it.o
                0x08001e96                NMI_Handler
 .text.HardFault_Handler
                0x08001ea2        0x6 build/stm32f10x_it.o
                0x08001ea2                HardFault_Handler
 .text.MemManage_Handler
                0x08001ea8        0x6 build/stm32f10x_it.o
                0x08001ea8                MemManage_Handler
 .text.BusFault_Handler
                0x08001eae        0x6 build/stm32f10x_it.o
                0x08001eae                BusFault_Handler
 .text.UsageFault_Handler
                0x08001eb4        0x6 build/stm32f10x_it.o
                0x08001eb4                UsageFault_Handler
 .text.SVC_Handler
                0x08001eba        0xc build/stm32f10x_it.o
                0x08001eba                SVC_Handler
 .text.DebugMon_Handler
                0x08001ec6        0xc build/stm32f10x_it.o
                0x08001ec6                DebugMon_Handler
 .text.PendSV_Handler
                0x08001ed2        0xc build/stm32f10x_it.o
                0x08001ed2                PendSV_Handler
 *fill*         0x08001ede        0x2 
 .text.SysTick_Handler
                0x08001ee0       0x44 build/stm32f10x_it.o
                0x08001ee0                SysTick_Handler
 .text.SystemInit
                0x08001f24       0x68 build/system_stm32f10x.o
                0x08001f24                SystemInit
 .text.SetSysClock
                0x08001f8c        0xc build/system_stm32f10x.o
 .text.SetSysClockTo72
                0x08001f98      0x100 build/system_stm32f10x.o
 .text.gpio_init
                0x08002098       0x4c build/gpio.o
                0x08002098                gpio_init
 .text.gpio_pinmode
                0x080020e4       0x4e build/gpio.o
                0x080020e4                gpio_pinmode
 .text.gpio_pin_mode
                0x08002132       0x9c build/gpio.o
                0x08002132                gpio_pin_mode
 .text.gpio_set
                0x080021ce       0x2c build/gpio.o
                0x080021ce                gpio_set
 .text.gpio_clear
                0x080021fa       0x2c build/gpio.o
                0x080021fa                gpio_clear
 .text.gpio_toggle
                0x08002226       0x52 build/gpio.o
                0x08002226                gpio_toggle
 .text.gpio_in_pullup
                0x08002278       0x34 build/gpio.o
                0x08002278                gpio_in_pullup
 .text.gpio_get
                0x080022ac       0x2e build/gpio.o
                0x080022ac                gpio_get
 *fill*         0x080022da        0x2 
 .text.float_to_real
                0x080022dc      0x10c build/structs.o
                0x080022dc                float_to_real
 .text.pilot_init
                0x080023e8       0x48 build/init.o
                0x080023e8                pilot_init
 .text.rly_init
                0x08002430       0x38 build/init.o
                0x08002430                rly_init
 .text.pilot_write
                0x08002468       0x84 build/init.o
                0x08002468                pilot_write
 .text.rly_write
                0x080024ec       0x5c build/init.o
                0x080024ec                rly_write
 .text.blink_init
                0x08002548      0x110 build/init.o
                0x08002548                blink_init
 .text.disable_buffer
                0x08002658       0x5c build/init.o
                0x08002658                disable_buffer
 .text._delay_us
                0x080026b4       0x28 build/init.o
                0x080026b4                _delay_us
 .text._delay_ms
                0x080026dc       0x30 build/init.o
                0x080026dc                _delay_ms
 .text.lcd_port_pinmode_out
                0x0800270c       0x38 build/lcd.o
 .text.lcd_port_write_byte
                0x08002744       0x5c build/lcd.o
 .text.lcd_rs_pinmode_out
                0x080027a0       0x18 build/lcd.o
 .text.lcd_rs_clear
                0x080027b8       0x18 build/lcd.o
 .text.lcd_rs_set
                0x080027d0       0x18 build/lcd.o
 .text.lcd_en_pinmode_out
                0x080027e8       0x18 build/lcd.o
 .text.lcd_en_clear
                0x08002800       0x18 build/lcd.o
 .text.lcd_en_set
                0x08002818       0x18 build/lcd.o
 .text.lcd_write_cmd
                0x08002830       0x24 build/lcd.o
 .text.lcd_write_data
                0x08002854       0x50 build/lcd.o
 .text.lcd_write_byte
                0x080028a4       0x34 build/lcd.o
 .text.lcd_clear
                0x080028d8       0x14 build/lcd.o
                0x080028d8                lcd_clear
 .text.lcd_init
                0x080028ec       0x3c build/lcd.o
                0x080028ec                lcd_init
 .text.lcd_refresh
                0x08002928       0x2e build/lcd.o
                0x08002928                lcd_refresh
 *fill*         0x08002956        0x2 
 .text.lcd_goto_xy
                0x08002958       0x9c build/lcd.o
                0x08002958                lcd_goto_xy
 .text.lcd_write
                0x080029f4       0x6c build/lcd.o
                0x080029f4                lcd_write
 .text.lcd_write_array
                0x08002a60       0x42 build/lcd.o
                0x08002a60                lcd_write_array
 .text.lcd_write_cstr
                0x08002aa2       0x2c build/lcd.o
                0x08002aa2                lcd_write_cstr
 .text.lcd_print_as_number
                0x08002ace       0x9c build/lcd.o
 .text.lcd_print
                0x08002b6a       0x18 build/lcd.o
                0x08002b6a                lcd_print
 .text.lcd_print_xy
                0x08002b82       0x2c build/lcd.o
                0x08002b82                lcd_print_xy
 .text.lcd_print_uint8
                0x08002bae       0x28 build/lcd.o
                0x08002bae                lcd_print_uint8
 .text.lcd_print_uint64
                0x08002bd6       0x36 build/lcd.o
                0x08002bd6                lcd_print_uint64
 .text.keypad_port_input_pullup
                0x08002c0c       0x38 build/keypad.o
                0x08002c0c                keypad_port_input_pullup
 .text.keypad_port_get_input_data
                0x08002c44       0x58 build/keypad.o
 .text.keypad_read
                0x08002c9c       0x60 build/keypad.o
 .text.keypad_handle
                0x08002cfc       0x50 build/keypad.o
 .text.keypad_init
                0x08002d4c       0x3c build/keypad.o
                0x08002d4c                keypad_init
 .text.keypad_scan
                0x08002d88       0x2c build/keypad.o
                0x08002d88                keypad_scan
 .text.keypad_process
                0x08002db4       0x30 build/keypad.o
                0x08002db4                keypad_process
 .text.keypad_up_key_handle
                0x08002de4       0x44 build/keypad.o
                0x08002de4                keypad_up_key_handle
 .text.keypad_down_key_handle
                0x08002e28       0x44 build/keypad.o
                0x08002e28                keypad_down_key_handle
 .text.keypad_set_key_handle
                0x08002e6c       0x44 build/keypad.o
                0x08002e6c                keypad_set_key_handle
 .text.keypad_esc_key_handle
                0x08002eb0       0x44 build/keypad.o
                0x08002eb0                keypad_esc_key_handle
 .text.keypad_shft_key_handle
                0x08002ef4       0x38 build/keypad.o
                0x08002ef4                keypad_shft_key_handle
 .text.mpu6050_task
                0x08002f2c      0x200 build/system-task.o
                0x08002f2c                mpu6050_task
 .text.keypad_task
                0x0800312c       0x8c build/system-task.o
                0x0800312c                keypad_task
 .text.lcd_task
                0x080031b8       0x50 build/system-task.o
                0x080031b8                lcd_task
 .text.rtc_task
                0x08003208       0x6c build/system-task.o
                0x08003208                rtc_task
 .text.NVIC_SetPriority
                0x08003274       0x54 build/system.o
 .text.SysTick_Config
                0x080032c8       0x44 build/system.o
 .text.system_init
                0x0800330c      0x114 build/system.o
                0x0800330c                system_init
 .text.system_run
                0x08003420       0x18 build/system.o
                0x08003420                system_run
 .text.system_ticks
                0x08003438       0x70 build/system.o
                0x08003438                system_ticks
 .text.system_tasks_init
                0x080034a8       0x84 build/system.o
                0x080034a8                system_tasks_init
 .text.system_rtc
                0x0800352c       0x18 build/system.o
                0x0800352c                system_rtc
 .text.TIM3_init
                0x08003544       0x8c build/TIM.o
                0x08003544                TIM3_init
 .text.TIM2_IRQHandler
                0x080035d0       0x12 build/TIM.o
                0x080035d0                TIM2_IRQHandler
 *fill*         0x080035e2        0x2 
 .text.TIM3_IRQHandler
                0x080035e4       0x50 build/TIM.o
                0x080035e4                TIM3_IRQHandler
 .text.uart_reg_write_byte
                0x08003634       0x2c build/uart.o
                0x08003634                uart_reg_write_byte
 .text.uart_reg_write_buffer
                0x08003660       0x40 build/uart.o
                0x08003660                uart_reg_write_buffer
 .text.uart_reset
                0x080036a0       0x3c build/uart.o
                0x080036a0                uart_reset
 .text.uart_rx_buffer_add
                0x080036dc       0x48 build/uart.o
                0x080036dc                uart_rx_buffer_add
 .text.uart_send_buffer
                0x08003724       0x22 build/uart.o
                0x08003724                uart_send_buffer
 .text.uart_print
                0x08003746       0x26 build/uart.o
                0x08003746                uart_print
 .text.uart_print_integer
                0x0800376c       0x74 build/uart.o
                0x0800376c                uart_print_integer
 .text.uart_print_float
                0x080037e0       0x8c build/uart.o
                0x080037e0                uart_print_float
 .text.uart_init
                0x0800386c       0x10 build/uart.o
                0x0800386c                uart_init
 .text.uart_receive
                0x0800387c       0x7c build/uart.o
                0x0800387c                uart_receive
 .text.USART1_init
                0x080038f8       0xa0 build/uart_com.o
                0x080038f8                USART1_init
 .text.USART1_IRQHandler
                0x08003998       0x30 build/uart_com.o
                0x08003998                USART1_IRQHandler
 .text.USART2_IRQHandler
                0x080039c8        0xc build/uart_com.o
                0x080039c8                USART2_IRQHandler
 .text.USART3_IRQHandler
                0x080039d4        0xc build/uart_com.o
                0x080039d4                USART3_IRQHandler
 .text.uart_put_char
                0x080039e0       0x2e build/uart_com.o
                0x080039e0                uart_put_char
 *fill*         0x08003a0e        0x2 
 .text.mpu6050_init
                0x08003a10      0x14c build/mpu6050.o
                0x08003a10                mpu6050_init
 .text.mpu6050_reset
                0x08003b5c       0x60 build/mpu6050.o
                0x08003b5c                mpu6050_reset
 .text.mpu6050_read_All
                0x08003bbc      0x104 build/mpu6050.o
                0x08003bbc                mpu6050_read_All
 .text.mpu6050_setGyroRange
                0x08003cc0       0xc4 build/mpu6050.o
                0x08003cc0                mpu6050_setGyroRange
 .text.mpu6050_setAccelRange
                0x08003d84       0xbc build/mpu6050.o
                0x08003d84                mpu6050_setAccelRange
 .text.mpu6050_setSampleRateDivisor
                0x08003e40       0x28 build/mpu6050.o
                0x08003e40                mpu6050_setSampleRateDivisor
 .text.mpu6050_set_lpf
                0x08003e68      0x100 build/mpu6050.o
                0x08003e68                mpu6050_set_lpf
 .text.mpu6050_set_hpf
                0x08003f68      0x100 build/mpu6050.o
                0x08003f68                mpu6050_set_hpf
 .text.mpu6050_uart_print
                0x08004068       0x2a build/mpu6050.o
                0x08004068                mpu6050_uart_print
 *fill*         0x08004092        0x2 
 .text.mpu6050_uart_print_Accelometer
                0x08004094       0x74 build/mpu6050.o
                0x08004094                mpu6050_uart_print_Accelometer
 .text.mpu6050_uart_print_Gyroscope
                0x08004108       0x74 build/mpu6050.o
                0x08004108                mpu6050_uart_print_Gyroscope
 .text.mpu6050_uart_print_Temperature
                0x0800417c       0x38 build/mpu6050.o
                0x0800417c                mpu6050_uart_print_Temperature
 .text.mpu6050_uart_print_raw_Data
                0x080041b4       0x2a build/mpu6050.o
                0x080041b4                mpu6050_uart_print_raw_Data
 *fill*         0x080041de        0x2 
 .text.mpu6050_uart_print_raw_Accelometer
                0x080041e0       0x94 build/mpu6050.o
                0x080041e0                mpu6050_uart_print_raw_Accelometer
 .text.mpu6050_uart_print_raw_Gyroscope
                0x08004274       0x9c build/mpu6050.o
                0x08004274                mpu6050_uart_print_raw_Gyroscope
 .text.mpu6050_uart_print_raw_Temperature
                0x08004310       0x4c build/mpu6050.o
                0x08004310                mpu6050_uart_print_raw_Temperature
 .text.mpu6050_uart_print_raw_Array
                0x0800435c       0x80 build/mpu6050.o
                0x0800435c                mpu6050_uart_print_raw_Array
 .text.__enable_irq
                0x080043dc        0xe build/i2c-std.o
 .text.__disable_irq
                0x080043ea        0xe build/i2c-std.o
 .text.i2c_ready_std
                0x080043f8       0x3c build/i2c-std.o
 .text.i2c_wait_start_event_std
                0x08004434       0x60 build/i2c-std.o
 .text.i2c_wait_stop_event_std
                0x08004494       0x6c build/i2c-std.o
 .text.i2c_wait_7bit_slave_address_wr_std
                0x08004500       0x70 build/i2c-std.o
 .text.i2c_wait_7bit_slave_address_rd_std
                0x08004570       0x7c build/i2c-std.o
 .text.i2c_wait_write_byte_txe_std
                0x080045ec       0x70 build/i2c-std.o
 .text.i2c_wait_read_byte_rxne_std
                0x0800465c       0x6c build/i2c-std.o
 .text.i2c_wait_read_byte_btf_std
                0x080046c8       0x3c build/i2c-std.o
 .text.i2c_start_std
                0x08004704       0x68 build/i2c-std.o
 .text.i2c_stop_std
                0x0800476c       0x28 build/i2c-std.o
 .text.i2c_send_7bit_slave_address_wr_std
                0x08004794       0x58 build/i2c-std.o
 .text.i2c_send_7bit_slave_address_rd_std
                0x080047ec       0x32 build/i2c-std.o
 .text.i2c_write_byte_std
                0x0800481e       0x2c build/i2c-std.o
 .text.i2c_read_lastbyte_std
                0x0800484a       0x86 build/i2c-std.o
 .text.i2c_read_last2byte_std
                0x080048d0       0xa0 build/i2c-std.o
 .text.i2c_read_last3byte_std
                0x08004970       0xd4 build/i2c-std.o
 .text.i2c_read_nbyte_std
                0x08004a44      0x11a build/i2c-std.o
 *fill*         0x08004b5e        0x2 
 .text.i2c_init_std
                0x08004b60      0x124 build/i2c-std.o
                0x08004b60                i2c_init_std
 .text.i2c_write_7bit_base_byte_std
                0x08004c84       0x96 build/i2c-std.o
                0x08004c84                i2c_write_7bit_base_byte_std
 .text.i2c_read_7bit_base_byte_std
                0x08004d1a       0x3e build/i2c-std.o
                0x08004d1a                i2c_read_7bit_base_byte_std
 .text.i2c_read_7bit_base_nbyte_std
                0x08004d58       0xd4 build/i2c-std.o
                0x08004d58                i2c_read_7bit_base_nbyte_std
 .text.i2c_uart_print
                0x08004e2c      0x238 build/i2c.o
                0x08004e2c                i2c_uart_print
 .text.Reset_Handler
                0x08005064       0x44 build/startup_stm32f10x_md.o
                0x08005064                Reset_Handler
 .text.Default_Handler
                0x080050a8        0x2 build/startup_stm32f10x_md.o
                0x080050a8                EXTI2_IRQHandler
                0x080050a8                TIM1_CC_IRQHandler
                0x080050a8                PVD_IRQHandler
                0x080050a8                EXTI3_IRQHandler
                0x080050a8                EXTI0_IRQHandler
                0x080050a8                I2C2_EV_IRQHandler
                0x080050a8                ADC1_2_IRQHandler
                0x080050a8                SPI1_IRQHandler
                0x080050a8                TAMPER_IRQHandler
                0x080050a8                DMA1_Channel4_IRQHandler
                0x080050a8                RTC_IRQHandler
                0x080050a8                DMA1_Channel7_IRQHandler
                0x080050a8                CAN1_RX1_IRQHandler
                0x080050a8                TIM4_IRQHandler
                0x080050a8                I2C1_EV_IRQHandler
                0x080050a8                DMA1_Channel6_IRQHandler
                0x080050a8                RCC_IRQHandler
                0x080050a8                TIM1_TRG_COM_IRQHandler
                0x080050a8                DMA1_Channel1_IRQHandler
                0x080050a8                Default_Handler
                0x080050a8                EXTI15_10_IRQHandler
                0x080050a8                EXTI9_5_IRQHandler
                0x080050a8                SPI2_IRQHandler
                0x080050a8                DMA1_Channel5_IRQHandler
                0x080050a8                EXTI4_IRQHandler
                0x080050a8                USB_LP_CAN1_RX0_IRQHandler
                0x080050a8                USB_HP_CAN1_TX_IRQHandler
                0x080050a8                DMA1_Channel3_IRQHandler
                0x080050a8                TIM1_UP_IRQHandler
                0x080050a8                WWDG_IRQHandler
                0x080050a8                TIM1_BRK_IRQHandler
                0x080050a8                EXTI1_IRQHandler
                0x080050a8                RTCAlarm_IRQHandler
                0x080050a8                I2C2_ER_IRQHandler
                0x080050a8                DMA1_Channel2_IRQHandler
                0x080050a8                CAN1_SCE_IRQHandler
                0x080050a8                FLASH_IRQHandler
                0x080050a8                I2C1_ER_IRQHandler
                0x080050a8                USBWakeUp_IRQHandler
 .text.__itoa   0x080050aa       0x30 c:/arm-tool/gcc-arm-none-eabi-10.3-2021.10/bin/../lib/gcc/arm-none-eabi/10.3.1/../../../../arm-none-eabi/lib/thumb/v7-m/nofp\libc_nano.a(lib_a-itoa.o)
                0x080050aa                __itoa
 .text.itoa     0x080050da        0x4 c:/arm-tool/gcc-arm-none-eabi-10.3-2021.10/bin/../lib/gcc/arm-none-eabi/10.3.1/../../../../arm-none-eabi/lib/thumb/v7-m/nofp\libc_nano.a(lib_a-itoa.o)
                0x080050da                itoa
 *fill*         0x080050de        0x2 
 .text.__utoa   0x080050e0       0x84 c:/arm-tool/gcc-arm-none-eabi-10.3-2021.10/bin/../lib/gcc/arm-none-eabi/10.3.1/../../../../arm-none-eabi/lib/thumb/v7-m/nofp\libc_nano.a(lib_a-utoa.o)
                0x080050e0                __utoa
 *(.glue_7)
 .glue_7        0x08005164        0x0 linker stubs
 *(.glue_7t)
 .glue_7t       0x08005164        0x0 linker stubs
 *(.eh_frame)
 .eh_frame      0x08005164        0x0 c:/arm-tool/gcc-arm-none-eabi-10.3-2021.10/bin/../lib/gcc/arm-none-eabi/10.3.1/thumb/v7-m/nofp/crtbegin.o
 *(.init)
 .init          0x08005164        0x4 c:/arm-tool/gcc-arm-none-eabi-10.3-2021.10/bin/../lib/gcc/arm-none-eabi/10.3.1/thumb/v7-m/nofp/crti.o
                0x08005164                _init
 .init          0x08005168        0x8 c:/arm-tool/gcc-arm-none-eabi-10.3-2021.10/bin/../lib/gcc/arm-none-eabi/10.3.1/thumb/v7-m/nofp/crtn.o
 *(.fini)
 .fini          0x08005170        0x4 c:/arm-tool/gcc-arm-none-eabi-10.3-2021.10/bin/../lib/gcc/arm-none-eabi/10.3.1/thumb/v7-m/nofp/crti.o
                0x08005170                _fini
 .fini          0x08005174        0x8 c:/arm-tool/gcc-arm-none-eabi-10.3-2021.10/bin/../lib/gcc/arm-none-eabi/10.3.1/thumb/v7-m/nofp/crtn.o
                0x0800517c                . = ALIGN (0x4)
                0x0800517c                _etext = .

.vfp11_veneer   0x0800517c        0x0
 .vfp11_veneer  0x0800517c        0x0 linker stubs

.v4_bx          0x0800517c        0x0
 .v4_bx         0x0800517c        0x0 linker stubs

.iplt           0x0800517c        0x0
 .iplt          0x0800517c        0x0 c:/arm-tool/gcc-arm-none-eabi-10.3-2021.10/bin/../lib/gcc/arm-none-eabi/10.3.1/thumb/v7-m/nofp/crtbegin.o

.rodata         0x0800517c      0x3dc
                0x0800517c                . = ALIGN (0x4)
 *(.rodata)
 .rodata        0x0800517c       0x78 build/keypad.o
 .rodata        0x080051f4       0xf8 build/system-task.o
 .rodata        0x080052ec        0xc build/system.o
 .rodata        0x080052f8       0x1b build/uart.o
 *fill*         0x08005313        0x1 
 .rodata        0x08005314      0x178 build/mpu6050.o
 .rodata        0x0800548c       0xa7 build/i2c.o
 *(.rodata*)
 .rodata.__utoa.str1.1
                0x08005533       0x25 c:/arm-tool/gcc-arm-none-eabi-10.3-2021.10/bin/../lib/gcc/arm-none-eabi/10.3.1/../../../../arm-none-eabi/lib/thumb/v7-m/nofp\libc_nano.a(lib_a-utoa.o)
                0x08005558                . = ALIGN (0x4)

.ARM.extab
 *(.ARM.extab* .gnu.linkonce.armextab.*)

.ARM            0x08005558        0x8
                0x08005558                __exidx_start = .
 *(.ARM.exidx*)
 .ARM.exidx     0x08005558        0x8 c:/arm-tool/gcc-arm-none-eabi-10.3-2021.10/bin/../lib/gcc/arm-none-eabi/10.3.1/thumb/v7-m/nofp\libgcc.a(_udivmoddi4.o)
                0x08005560                __exidx_end = .

.rel.dyn        0x08005560        0x0
 .rel.iplt      0x08005560        0x0 c:/arm-tool/gcc-arm-none-eabi-10.3-2021.10/bin/../lib/gcc/arm-none-eabi/10.3.1/thumb/v7-m/nofp/crtbegin.o

.preinit_array  0x08005560        0x0
                0x08005560                PROVIDE (__preinit_array_start = .)
 *(.preinit_array*)
                0x08005560                PROVIDE (__preinit_array_end = .)

.init_array     0x08005560        0x4
                0x08005560                PROVIDE (__init_array_start = .)
 *(SORT_BY_NAME(.init_array.*))
 *(.init_array*)
 .init_array    0x08005560        0x4 c:/arm-tool/gcc-arm-none-eabi-10.3-2021.10/bin/../lib/gcc/arm-none-eabi/10.3.1/thumb/v7-m/nofp/crtbegin.o
                0x08005564                PROVIDE (__init_array_end = .)

.fini_array     0x08005564        0x4
                [!provide]                PROVIDE (__fini_array_start = .)
 *(SORT_BY_NAME(.fini_array.*))
 *(.fini_array*)
 .fini_array    0x08005564        0x4 c:/arm-tool/gcc-arm-none-eabi-10.3-2021.10/bin/../lib/gcc/arm-none-eabi/10.3.1/thumb/v7-m/nofp/crtbegin.o
                [!provide]                PROVIDE (__fini_array_end = .)
                0x08005568                _sidata = LOADADDR (.data)

.data           0x20000000      0x174 load address 0x08005568
                0x20000000                . = ALIGN (0x4)
                0x20000000                _sdata = .
 *(.data)
 *(.data*)
 .data.APBAHBPrescTable
                0x20000000       0x10 build/stm32f10x_rcc.o
 .data.ADCPrescTable
                0x20000010        0x4 build/stm32f10x_rcc.o
 .data.SystemCoreClock
                0x20000014        0x4 build/system_stm32f10x.o
                0x20000014                SystemCoreClock
 .data.blink_led
                0x20000018        0x8 build/init.o
                0x20000018                blink_led
 .data.pilot_en
                0x20000020        0x8 build/init.o
                0x20000020                pilot_en
 .data.pilot_db
                0x20000028       0x40 build/init.o
                0x20000028                pilot_db
 .data.rly      0x20000068       0x30 build/init.o
                0x20000068                rly
 .data.lcd_db   0x20000098       0x40 build/lcd.o
                0x20000098                lcd_db
 .data.lcd_rs   0x200000d8        0x8 build/lcd.o
                0x200000d8                lcd_rs
 .data.lcd_en   0x200000e0        0x8 build/lcd.o
                0x200000e0                lcd_en
 .data.keypad_en
                0x200000e8        0x8 build/keypad.o
                0x200000e8                keypad_en
 .data.keypad_port
                0x200000f0       0x40 build/keypad.o
                0x200000f0                keypad_port
 .data.uart_tx  0x20000130        0x8 build/uart.o
                0x20000130                uart_tx
 .data.uart_rx  0x20000138        0x8 build/uart.o
                0x20000138                uart_rx
 .data.myMPU6050
                0x20000140       0x2c build/mpu6050.o
                0x20000140                myMPU6050
 .data.I2Cx_Timeout
                0x2000016c        0x4 build/i2c-std.o
                0x2000016c                I2Cx_Timeout
 .data.i2cx     0x20000170        0x4 build/i2c.o
                0x20000170                i2cx
                0x20000174                . = ALIGN (0x4)
                0x20000174                _edata = .

.igot.plt       0x20000174        0x0 load address 0x080056dc
 .igot.plt      0x20000174        0x0 c:/arm-tool/gcc-arm-none-eabi-10.3-2021.10/bin/../lib/gcc/arm-none-eabi/10.3.1/thumb/v7-m/nofp/crtbegin.o
                0x20000174                . = ALIGN (0x4)

.bss            0x20000174       0xb0 load address 0x080056dc
                0x20000174                _sbss = .
                0x20000174                __bss_start__ = _sbss
 *(.bss)
 .bss           0x20000174       0x1c c:/arm-tool/gcc-arm-none-eabi-10.3-2021.10/bin/../lib/gcc/arm-none-eabi/10.3.1/thumb/v7-m/nofp/crtbegin.o
 *(.bss*)
 .bss.TimingDelay
                0x20000190        0x4 build/init.o
                0x20000190                TimingDelay
 .bss.lcd_update
                0x20000194        0x1 build/init.o
                0x20000194                lcd_update
 .bss.blink_update
                0x20000195        0x1 build/init.o
                0x20000195                blink_update
 *fill*         0x20000196        0x2 
 .bss.pilots    0x20000198        0x1 build/init.o
                0x20000198                pilots
 *fill*         0x20000199        0x3 
 .bss.relays    0x2000019c        0x1 build/init.o
                0x2000019c                relays
 .bss.lcd_line_cnt
                0x2000019d        0x1 build/lcd.o
                0x2000019d                lcd_line_cnt
 .bss.lcd_col_cnt
                0x2000019e        0x1 build/lcd.o
                0x2000019e                lcd_col_cnt
 *fill*         0x2000019f        0x1 
 .bss.lcd_coord
                0x200001a0        0x2 build/lcd.o
                0x200001a0                lcd_coord
 *fill*         0x200001a2        0x2 
 .bss.key_val   0x200001a4        0x1 build/keypad.o
                0x200001a4                key_val
 .bss.keypad_unpressed_mask
                0x200001a5        0x1 build/keypad.o
                0x200001a5                keypad_unpressed_mask
 .bss.keypad_state
                0x200001a6        0x1 build/system-task.o
                0x200001a6                keypad_state
 *fill*         0x200001a7        0x1 
 .bss.keypad_ticks
                0x200001a8        0x4 build/system-task.o
                0x200001a8                keypad_ticks
 .bss.keypad_debounce_cnt
                0x200001ac        0x4 build/system-task.o
                0x200001ac                keypad_debounce_cnt
 .bss.lcd_state
                0x200001b0        0x1 build/system-task.o
                0x200001b0                lcd_state
 *fill*         0x200001b1        0x3 
 .bss.lcd_ticks
                0x200001b4        0x4 build/system-task.o
                0x200001b4                lcd_ticks
 .bss.mpu_state
                0x200001b8        0x1 build/system-task.o
                0x200001b8                mpu_state
 *fill*         0x200001b9        0x3 
 .bss.mpu_ticks
                0x200001bc        0x4 build/system-task.o
                0x200001bc                mpu_ticks
 .bss.mpu_init_sucess
                0x200001c0        0x1 build/system-task.o
                0x200001c0                mpu_init_sucess
 .bss.pilot_state
                0x200001c1        0x1 build/system-task.o
                0x200001c1                pilot_state
 *fill*         0x200001c2        0x2 
 .bss.pilot_ticks
                0x200001c4        0x4 build/system-task.o
                0x200001c4                pilot_ticks
 .bss.rtc_state
                0x200001c8        0x1 build/system-task.o
                0x200001c8                rtc_state
 *fill*         0x200001c9        0x3 
 .bss.rtc_ticks
                0x200001cc        0x4 build/system-task.o
                0x200001cc                rtc_ticks
 .bss.rst.0     0x200001d0        0x1 build/system-task.o
 *fill*         0x200001d1        0x3 
 .bss.systemticks
                0x200001d4        0x4 build/system.o
                0x200001d4                systemticks
 .bss.is_tick   0x200001d8        0x1 build/system.o
                0x200001d8                is_tick
 *fill*         0x200001d9        0x3 
 .bss.logout_timeout
                0x200001dc        0x2 build/system.o
                0x200001dc                logout_timeout
 *fill*         0x200001de        0x2 
 .bss.rx_buffer
                0x200001e0       0x40 build/uart.o
                0x200001e0                rx_buffer
 .bss.rx_buffer_length
                0x20000220        0x1 build/uart.o
                0x20000220                rx_buffer_length
 .bss.buffer_overflow
                0x20000221        0x1 build/uart.o
                0x20000221                buffer_overflow
 *(COMMON)
                0x20000224                . = ALIGN (0x4)
 *fill*         0x20000222        0x2 
                0x20000224                _ebss = .
                0x20000224                __bss_end__ = _ebss

._user_heap_stack
                0x20000224      0x100 load address 0x080056dc
                0x20000224                . = ALIGN (0x4)
                0x20000224                PROVIDE (end = .)
                [!provide]                PROVIDE (_end = .)
                0x20000224                . = (. + _Min_Heap_Size)
                0x20000324                . = (. + _Min_Stack_Size)
 *fill*         0x20000224      0x100 
                0x20000324                . = ALIGN (0x4)

.memory_b1_text
 *(.mb1text)
 *(.mb1text*)
 *(.mb1rodata)
 *(.mb1rodata*)

/DISCARD/
 libc.a(*)
 libm.a(*)
 libgcc.a(*)

.ARM.attributes
                0x00000000       0x29
 *(.ARM.attributes)
 .ARM.attributes
                0x00000000       0x1d c:/arm-tool/gcc-arm-none-eabi-10.3-2021.10/bin/../lib/gcc/arm-none-eabi/10.3.1/thumb/v7-m/nofp/crti.o
 .ARM.attributes
                0x0000001d       0x2d c:/arm-tool/gcc-arm-none-eabi-10.3-2021.10/bin/../lib/gcc/arm-none-eabi/10.3.1/thumb/v7-m/nofp/crtbegin.o
 .ARM.attributes
                0x0000004a       0x2d build/main.o
 .ARM.attributes
                0x00000077       0x2d build/misc.o
 .ARM.attributes
                0x000000a4       0x2d build/stm32f10x_gpio.o
 .ARM.attributes
                0x000000d1       0x2d build/stm32f10x_i2c.o
 .ARM.attributes
                0x000000fe       0x2d build/stm32f10x_rcc.o
 .ARM.attributes
                0x0000012b       0x2d build/stm32f10x_tim.o
 .ARM.attributes
                0x00000158       0x2d build/stm32f10x_usart.o
 .ARM.attributes
                0x00000185       0x2d build/stm32f10x_it.o
 .ARM.attributes
                0x000001b2       0x2d build/system_stm32f10x.o
 .ARM.attributes
                0x000001df       0x2d build/gpio.o
 .ARM.attributes
                0x0000020c       0x2d build/structs.o
 .ARM.attributes
                0x00000239       0x2d build/init.o
 .ARM.attributes
                0x00000266       0x2d build/lcd.o
 .ARM.attributes
                0x00000293       0x2d build/keypad.o
 .ARM.attributes
                0x000002c0       0x2d build/system-task.o
 .ARM.attributes
                0x000002ed       0x2d build/system.o
 .ARM.attributes
                0x0000031a       0x2d build/TIM.o
 .ARM.attributes
                0x00000347       0x2d build/uart.o
 .ARM.attributes
                0x00000374       0x2d build/uart_com.o
 .ARM.attributes
                0x000003a1       0x2d build/mpu6050.o
 .ARM.attributes
                0x000003ce       0x2d build/i2c-std.o
 .ARM.attributes
                0x000003fb       0x2d build/i2c.o
 .ARM.attributes
                0x00000428       0x21 build/startup_stm32f10x_md.o
 .ARM.attributes
                0x00000449       0x2d c:/arm-tool/gcc-arm-none-eabi-10.3-2021.10/bin/../lib/gcc/arm-none-eabi/10.3.1/../../../../arm-none-eabi/lib/thumb/v7-m/nofp\libc_nano.a(lib_a-itoa.o)
 .ARM.attributes
                0x00000476       0x17 c:/arm-tool/gcc-arm-none-eabi-10.3-2021.10/bin/../lib/gcc/arm-none-eabi/10.3.1/../../../../arm-none-eabi/lib/thumb/v7-m/nofp\libc_nano.a(lib_a-strlen.o)
 .ARM.attributes
                0x0000048d       0x2d c:/arm-tool/gcc-arm-none-eabi-10.3-2021.10/bin/../lib/gcc/arm-none-eabi/10.3.1/../../../../arm-none-eabi/lib/thumb/v7-m/nofp\libc_nano.a(lib_a-utoa.o)
 .ARM.attributes
                0x000004ba       0x1d c:/arm-tool/gcc-arm-none-eabi-10.3-2021.10/bin/../lib/gcc/arm-none-eabi/10.3.1/thumb/v7-m/nofp\libgcc.a(_arm_addsubdf3.o)
 .ARM.attributes
                0x000004d7       0x1d c:/arm-tool/gcc-arm-none-eabi-10.3-2021.10/bin/../lib/gcc/arm-none-eabi/10.3.1/thumb/v7-m/nofp\libgcc.a(_arm_muldivdf3.o)
 .ARM.attributes
                0x000004f4       0x1d c:/arm-tool/gcc-arm-none-eabi-10.3-2021.10/bin/../lib/gcc/arm-none-eabi/10.3.1/thumb/v7-m/nofp\libgcc.a(_arm_truncdfsf2.o)
 .ARM.attributes
                0x00000511       0x1d c:/arm-tool/gcc-arm-none-eabi-10.3-2021.10/bin/../lib/gcc/arm-none-eabi/10.3.1/thumb/v7-m/nofp\libgcc.a(_arm_addsubsf3.o)
 .ARM.attributes
                0x0000052e       0x1d c:/arm-tool/gcc-arm-none-eabi-10.3-2021.10/bin/../lib/gcc/arm-none-eabi/10.3.1/thumb/v7-m/nofp\libgcc.a(_arm_muldivsf3.o)
 .ARM.attributes
                0x0000054b       0x1d c:/arm-tool/gcc-arm-none-eabi-10.3-2021.10/bin/../lib/gcc/arm-none-eabi/10.3.1/thumb/v7-m/nofp\libgcc.a(_arm_cmpsf2.o)
 .ARM.attributes
                0x00000568       0x1d c:/arm-tool/gcc-arm-none-eabi-10.3-2021.10/bin/../lib/gcc/arm-none-eabi/10.3.1/thumb/v7-m/nofp\libgcc.a(_arm_fixunssfsi.o)
 .ARM.attributes
                0x00000585       0x1d c:/arm-tool/gcc-arm-none-eabi-10.3-2021.10/bin/../lib/gcc/arm-none-eabi/10.3.1/thumb/v7-m/nofp\libgcc.a(_aeabi_uldivmod.o)
 .ARM.attributes
                0x000005a2       0x2d c:/arm-tool/gcc-arm-none-eabi-10.3-2021.10/bin/../lib/gcc/arm-none-eabi/10.3.1/thumb/v7-m/nofp\libgcc.a(_udivmoddi4.o)
 .ARM.attributes
                0x000005cf       0x1d c:/arm-tool/gcc-arm-none-eabi-10.3-2021.10/bin/../lib/gcc/arm-none-eabi/10.3.1/thumb/v7-m/nofp\libgcc.a(_dvmd_tls.o)
 .ARM.attributes
                0x000005ec       0x1d c:/arm-tool/gcc-arm-none-eabi-10.3-2021.10/bin/../lib/gcc/arm-none-eabi/10.3.1/thumb/v7-m/nofp/crtn.o
OUTPUT(build/STM32F103_IMU6050App-win-linux.elf elf32-littlearm)
LOAD linker stubs
LOAD c:/arm-tool/gcc-arm-none-eabi-10.3-2021.10/bin/../lib/gcc/arm-none-eabi/10.3.1/../../../../arm-none-eabi/lib/thumb/v7-m/nofp\libc.a
LOAD c:/arm-tool/gcc-arm-none-eabi-10.3-2021.10/bin/../lib/gcc/arm-none-eabi/10.3.1/../../../../arm-none-eabi/lib/thumb/v7-m/nofp\libm.a
LOAD c:/arm-tool/gcc-arm-none-eabi-10.3-2021.10/bin/../lib/gcc/arm-none-eabi/10.3.1/thumb/v7-m/nofp\libgcc.a

.debug_info     0x00000000    0x11ce0
 .debug_info    0x00000000       0xab build/main.o
 .debug_info    0x000000ab      0x57f build/misc.o
 .debug_info    0x0000062a      0x7ae build/stm32f10x_gpio.o
 .debug_info    0x00000dd8      0xc6d build/stm32f10x_i2c.o
 .debug_info    0x00001a45      0x9b9 build/stm32f10x_rcc.o
 .debug_info    0x000023fe     0x2035 build/stm32f10x_tim.o
 .debug_info    0x00004433      0xb2e build/stm32f10x_usart.o
 .debug_info    0x00004f61      0x1be build/stm32f10x_it.o
 .debug_info    0x0000511f      0x4de build/system_stm32f10x.o
 .debug_info    0x000055fd      0x5ca build/gpio.o
 .debug_info    0x00005bc7     0x12cb build/structs.o
 .debug_info    0x00006e92      0x776 build/init.o
 .debug_info    0x00007608     0x2c6e build/lcd.o
 .debug_info    0x0000a276      0x8f8 build/keypad.o
 .debug_info    0x0000ab6e      0xacf build/system-task.o
 .debug_info    0x0000b63d      0xb8e build/system.o
 .debug_info    0x0000c1cb      0x7e3 build/TIM.o
 .debug_info    0x0000c9ae      0xb5d build/uart.o
 .debug_info    0x0000d50b      0x89b build/uart_com.o
 .debug_info    0x0000dda6     0x1a5f build/mpu6050.o
 .debug_info    0x0000f805     0x10d1 build/i2c-std.o
 .debug_info    0x000108d6     0x13e8 build/i2c.o
 .debug_info    0x00011cbe       0x22 build/startup_stm32f10x_md.o

.debug_abbrev   0x00000000     0x2d37
 .debug_abbrev  0x00000000       0x4b build/main.o
 .debug_abbrev  0x0000004b      0x164 build/misc.o
 .debug_abbrev  0x000001af      0x1ee build/stm32f10x_gpio.o
 .debug_abbrev  0x0000039d      0x198 build/stm32f10x_i2c.o
 .debug_abbrev  0x00000535      0x1d8 build/stm32f10x_rcc.o
 .debug_abbrev  0x0000070d      0x1ce build/stm32f10x_tim.o
 .debug_abbrev  0x000008db      0x196 build/stm32f10x_usart.o
 .debug_abbrev  0x00000a71       0x8c build/stm32f10x_it.o
 .debug_abbrev  0x00000afd      0x1b3 build/system_stm32f10x.o
 .debug_abbrev  0x00000cb0      0x1b5 build/gpio.o
 .debug_abbrev  0x00000e65      0x28f build/structs.o
 .debug_abbrev  0x000010f4      0x257 build/init.o
 .debug_abbrev  0x0000134b      0x3dd build/lcd.o
 .debug_abbrev  0x00001728      0x280 build/keypad.o
 .debug_abbrev  0x000019a8      0x22b build/system-task.o
 .debug_abbrev  0x00001bd3      0x21e build/system.o
 .debug_abbrev  0x00001df1      0x1bc build/TIM.o
 .debug_abbrev  0x00001fad      0x35f build/uart.o
 .debug_abbrev  0x0000230c      0x207 build/uart_com.o
 .debug_abbrev  0x00002513      0x2e0 build/mpu6050.o
 .debug_abbrev  0x000027f3      0x28c build/i2c-std.o
 .debug_abbrev  0x00002a7f      0x2a6 build/i2c.o
 .debug_abbrev  0x00002d25       0x12 build/startup_stm32f10x_md.o

.debug_loc      0x00000000     0xaffa
 .debug_loc     0x00000000       0x2c build/main.o
 .debug_loc     0x0000002c      0x1cc build/misc.o
 .debug_loc     0x000001f8      0x63c build/stm32f10x_gpio.o
 .debug_loc     0x00000834      0xbc4 build/stm32f10x_i2c.o
 .debug_loc     0x000013f8      0xb2c build/stm32f10x_rcc.o
 .debug_loc     0x00001f24     0x2060 build/stm32f10x_tim.o
 .debug_loc     0x00003f84      0xa54 build/stm32f10x_usart.o
 .debug_loc     0x000049d8      0x1ec build/stm32f10x_it.o
 .debug_loc     0x00004bc4      0x110 build/system_stm32f10x.o
 .debug_loc     0x00004cd4      0x470 build/gpio.o
 .debug_loc     0x00005144      0x5da build/structs.o
 .debug_loc     0x0000571e      0x2a0 build/init.o
 .debug_loc     0x000059be     0x2724 build/lcd.o
 .debug_loc     0x000080e2      0x310 build/keypad.o
 .debug_loc     0x000083f2      0x1f0 build/system-task.o
 .debug_loc     0x000085e2      0x1b8 build/system.o
 .debug_loc     0x0000879a      0x160 build/TIM.o
 .debug_loc     0x000088fa      0x6a4 build/uart.o
 .debug_loc     0x00008f9e      0x268 build/uart_com.o
 .debug_loc     0x00009206     0x10d0 build/mpu6050.o
 .debug_loc     0x0000a2d6      0xa54 build/i2c-std.o
 .debug_loc     0x0000ad2a      0x2d0 build/i2c.o

.debug_aranges  0x00000000     0x1368
 .debug_aranges
                0x00000000       0x20 build/main.o
 .debug_aranges
                0x00000020       0x40 build/misc.o
 .debug_aranges
                0x00000060       0xa8 build/stm32f10x_gpio.o
 .debug_aranges
                0x00000108      0x120 build/stm32f10x_i2c.o
 .debug_aranges
                0x00000228      0x118 build/stm32f10x_rcc.o
 .debug_aranges
                0x00000340      0x2f0 build/stm32f10x_tim.o
 .debug_aranges
                0x00000630      0x100 build/stm32f10x_usart.o
 .debug_aranges
                0x00000730       0x60 build/stm32f10x_it.o
 .debug_aranges
                0x00000790       0x38 build/system_stm32f10x.o
 .debug_aranges
                0x000007c8       0x80 build/gpio.o
 .debug_aranges
                0x00000848       0x98 build/structs.o
 .debug_aranges
                0x000008e0       0x60 build/init.o
 .debug_aranges
                0x00000940      0x440 build/lcd.o
 .debug_aranges
                0x00000d80       0x88 build/keypad.o
 .debug_aranges
                0x00000e08       0x58 build/system-task.o
 .debug_aranges
                0x00000e60       0x50 build/system.o
 .debug_aranges
                0x00000eb0       0x40 build/TIM.o
 .debug_aranges
                0x00000ef0       0xc8 build/uart.o
 .debug_aranges
                0x00000fb8       0x58 build/uart_com.o
 .debug_aranges
                0x00001010      0x1b8 build/mpu6050.o
 .debug_aranges
                0x000011c8      0x118 build/i2c-std.o
 .debug_aranges
                0x000012e0       0x60 build/i2c.o
 .debug_aranges
                0x00001340       0x28 build/startup_stm32f10x_md.o

.debug_ranges   0x00000000     0x1200
 .debug_ranges  0x00000000       0x10 build/main.o
 .debug_ranges  0x00000010       0x30 build/misc.o
 .debug_ranges  0x00000040       0x98 build/stm32f10x_gpio.o
 .debug_ranges  0x000000d8      0x110 build/stm32f10x_i2c.o
 .debug_ranges  0x000001e8      0x108 build/stm32f10x_rcc.o
 .debug_ranges  0x000002f0      0x2e0 build/stm32f10x_tim.o
 .debug_ranges  0x000005d0       0xf0 build/stm32f10x_usart.o
 .debug_ranges  0x000006c0       0x50 build/stm32f10x_it.o
 .debug_ranges  0x00000710       0x28 build/system_stm32f10x.o
 .debug_ranges  0x00000738       0x70 build/gpio.o
 .debug_ranges  0x000007a8       0x88 build/structs.o
 .debug_ranges  0x00000830       0x50 build/init.o
 .debug_ranges  0x00000880      0x430 build/lcd.o
 .debug_ranges  0x00000cb0       0x78 build/keypad.o
 .debug_ranges  0x00000d28       0x48 build/system-task.o
 .debug_ranges  0x00000d70       0x40 build/system.o
 .debug_ranges  0x00000db0       0x30 build/TIM.o
 .debug_ranges  0x00000de0       0xb8 build/uart.o
 .debug_ranges  0x00000e98       0x48 build/uart_com.o
 .debug_ranges  0x00000ee0      0x1a8 build/mpu6050.o
 .debug_ranges  0x00001088      0x108 build/i2c-std.o
 .debug_ranges  0x00001190       0x50 build/i2c.o
 .debug_ranges  0x000011e0       0x20 build/startup_stm32f10x_md.o

.debug_macro    0x00000000    0x14599
 .debug_macro   0x00000000      0x490 build/main.o
 .debug_macro   0x00000490      0xa66 build/main.o
 .debug_macro   0x00000ef6       0x5c build/main.o
 .debug_macro   0x00000f52       0x22 build/main.o
 .debug_macro   0x00000f74       0x22 build/main.o
 .debug_macro   0x00000f96       0x8e build/main.o
 .debug_macro   0x00001024       0x51 build/main.o
 .debug_macro   0x00001075      0x103 build/main.o
 .debug_macro   0x00001178       0x6a build/main.o
 .debug_macro   0x000011e2      0x1df build/main.o
 .debug_macro   0x000013c1      0x69f build/main.o
 .debug_macro   0x00001a60     0x7eb3 build/main.o
 .debug_macro   0x00009913      0x2de build/main.o
 .debug_macro   0x00009bf1      0x144 build/main.o
 .debug_macro   0x00009d35      0x3cf build/main.o
 .debug_macro   0x0000a104       0xc8 build/main.o
 .debug_macro   0x0000a1cc      0x179 build/main.o
 .debug_macro   0x0000a345       0xac build/main.o
 .debug_macro   0x0000a3f1      0x3ad build/main.o
 .debug_macro   0x0000a79e       0x9a build/main.o
 .debug_macro   0x0000a838      0x2ce build/main.o
 .debug_macro   0x0000ab06      0x279 build/main.o
 .debug_macro   0x0000ad7f      0x2ab build/main.o
 .debug_macro   0x0000b02a      0x2b1 build/main.o
 .debug_macro   0x0000b2db       0x64 build/main.o
 .debug_macro   0x0000b33f       0x82 build/main.o
 .debug_macro   0x0000b3c1      0x3e2 build/main.o
 .debug_macro   0x0000b7a3       0x58 build/main.o
 .debug_macro   0x0000b7fb      0x341 build/main.o
 .debug_macro   0x0000bb3c      0x2c3 build/main.o
 .debug_macro   0x0000bdff      0x711 build/main.o
 .debug_macro   0x0000c510      0x226 build/main.o
 .debug_macro   0x0000c736       0x34 build/main.o
 .debug_macro   0x0000c76a       0x8a build/main.o
 .debug_macro   0x0000c7f4       0x35 build/main.o
 .debug_macro   0x0000c829       0x18 build/main.o
 .debug_macro   0x0000c841       0x52 build/main.o
 .debug_macro   0x0000c893       0x3c build/main.o
 .debug_macro   0x0000c8cf       0x34 build/main.o
 .debug_macro   0x0000c903       0x16 build/main.o
 .debug_macro   0x0000c919      0x10e build/main.o
 .debug_macro   0x0000ca27       0x8d build/main.o
 .debug_macro   0x0000cab4       0x16 build/main.o
 .debug_macro   0x0000caca       0x43 build/main.o
 .debug_macro   0x0000cb0d       0x34 build/main.o
 .debug_macro   0x0000cb41       0x10 build/main.o
 .debug_macro   0x0000cb51       0x58 build/main.o
 .debug_macro   0x0000cba9       0x71 build/main.o
 .debug_macro   0x0000cc1a       0x1c build/main.o
 .debug_macro   0x0000cc36      0x12a build/main.o
 .debug_macro   0x0000cd60      0x341 build/main.o
 .debug_macro   0x0000d0a1       0x16 build/main.o
 .debug_macro   0x0000d0b7       0x29 build/main.o
 .debug_macro   0x0000d0e0       0x1c build/main.o
 .debug_macro   0x0000d0fc       0x35 build/main.o
 .debug_macro   0x0000d131       0x10 build/main.o
 .debug_macro   0x0000d141       0x10 build/main.o
 .debug_macro   0x0000d151       0x1c build/main.o
 .debug_macro   0x0000d16d       0x52 build/main.o
 .debug_macro   0x0000d1bf       0x22 build/main.o
 .debug_macro   0x0000d1e1       0x10 build/main.o
 .debug_macro   0x0000d1f1       0x52 build/main.o
 .debug_macro   0x0000d243       0xd5 build/main.o
 .debug_macro   0x0000d318       0x1c build/main.o
 .debug_macro   0x0000d334       0x3d build/main.o
 .debug_macro   0x0000d371       0x16 build/main.o
 .debug_macro   0x0000d387      0x145 build/main.o
 .debug_macro   0x0000d4cc       0x4c build/main.o
 .debug_macro   0x0000d518      0x119 build/main.o
 .debug_macro   0x0000d631       0x10 build/main.o
 .debug_macro   0x0000d641      0x460 build/main.o
 .debug_macro   0x0000daa1       0x22 build/main.o
 .debug_macro   0x0000dac3       0x7c build/main.o
 .debug_macro   0x0000db3f       0x17 build/main.o
 .debug_macro   0x0000db56      0x118 build/main.o
 .debug_macro   0x0000dc6e      0x19b build/main.o
 .debug_macro   0x0000de09       0x16 build/main.o
 .debug_macro   0x0000de1f       0x40 build/main.o
 .debug_macro   0x0000de5f       0x5e build/main.o
 .debug_macro   0x0000debd       0x34 build/main.o
 .debug_macro   0x0000def1       0x5e build/main.o
 .debug_macro   0x0000df4f       0x4d build/main.o
 .debug_macro   0x0000df9c       0x46 build/main.o
 .debug_macro   0x0000dfe2       0xa2 build/main.o
 .debug_macro   0x0000e084       0x50 build/main.o
 .debug_macro   0x0000e0d4      0x30a build/main.o
 .debug_macro   0x0000e3de      0x125 build/main.o
 .debug_macro   0x0000e503       0x28 build/main.o
 .debug_macro   0x0000e52b      0x18b build/misc.o
 .debug_macro   0x0000e6b6       0x84 build/misc.o
 .debug_macro   0x0000e73a      0x1d3 build/stm32f10x_gpio.o
 .debug_macro   0x0000e90d      0x2a5 build/stm32f10x_gpio.o
 .debug_macro   0x0000ebb2      0x257 build/stm32f10x_i2c.o
 .debug_macro   0x0000ee09      0x2ab build/stm32f10x_i2c.o
 .debug_macro   0x0000f0b4      0x2a1 build/stm32f10x_rcc.o
 .debug_macro   0x0000f355      0x3dc build/stm32f10x_rcc.o
 .debug_macro   0x0000f731      0x19d build/stm32f10x_tim.o
 .debug_macro   0x0000f8ce      0x70b build/stm32f10x_tim.o
 .debug_macro   0x0000ffd9      0x239 build/stm32f10x_usart.o
 .debug_macro   0x00010212      0x220 build/stm32f10x_usart.o
 .debug_macro   0x00010432      0x490 build/stm32f10x_it.o
 .debug_macro   0x000108c2      0x187 build/system_stm32f10x.o
 .debug_macro   0x00010a49      0x490 build/gpio.o
 .debug_macro   0x00010ed9      0x490 build/structs.o
 .debug_macro   0x00011369      0x490 build/init.o
 .debug_macro   0x000117f9      0x490 build/lcd.o
 .debug_macro   0x00011c89      0x490 build/keypad.o
 .debug_macro   0x00012119      0x490 build/system-task.o
 .debug_macro   0x000125a9      0x490 build/system.o
 .debug_macro   0x00012a39      0x490 build/TIM.o
 .debug_macro   0x00012ec9      0x490 build/uart.o
 .debug_macro   0x00013359      0x490 build/uart_com.o
 .debug_macro   0x000137e9      0x490 build/mpu6050.o
 .debug_macro   0x00013c79      0x490 build/i2c-std.o
 .debug_macro   0x00014109      0x490 build/i2c.o

.debug_line     0x00000000     0xf878
 .debug_line    0x00000000      0x7f1 build/main.o
 .debug_line    0x000007f1      0x54f build/misc.o
 .debug_line    0x00000d40      0x837 build/stm32f10x_gpio.o
 .debug_line    0x00001577      0x998 build/stm32f10x_i2c.o
 .debug_line    0x00001f0f      0x9d3 build/stm32f10x_rcc.o
 .debug_line    0x000028e2     0x1445 build/stm32f10x_tim.o
 .debug_line    0x00003d27      0x96a build/stm32f10x_usart.o
 .debug_line    0x00004691      0x8c9 build/stm32f10x_it.o
 .debug_line    0x00004f5a      0x5c2 build/system_stm32f10x.o
 .debug_line    0x0000551c      0xa2a build/gpio.o
 .debug_line    0x00005f46      0xd62 build/structs.o
 .debug_line    0x00006ca8      0x9b0 build/init.o
 .debug_line    0x00007658     0x1923 build/lcd.o
 .debug_line    0x00008f7b      0xa07 build/keypad.o
 .debug_line    0x00009982      0x9c8 build/system-task.o
 .debug_line    0x0000a34a      0x960 build/system.o
 .debug_line    0x0000acaa      0x8c6 build/TIM.o
 .debug_line    0x0000b570      0xba9 build/uart.o
 .debug_line    0x0000c119      0x988 build/uart_com.o
 .debug_line    0x0000caa1     0x140f build/mpu6050.o
 .debug_line    0x0000deb0      0xfac build/i2c-std.o
 .debug_line    0x0000ee5c      0x99f build/i2c.o
 .debug_line    0x0000f7fb       0x7d build/startup_stm32f10x_md.o

.debug_str      0x00000000    0x5bb0a
 .debug_str     0x00000000    0x55b55 build/main.o
                              0x55e03 (size before relaxing)
 .debug_str     0x00055b55      0x2a1 build/misc.o
                              0x4d9a3 (size before relaxing)
 .debug_str     0x00055df6      0x5d1 build/stm32f10x_gpio.o
                              0x4dd1b (size before relaxing)
 .debug_str     0x000563c7      0x8fb build/stm32f10x_i2c.o
                              0x4e0bd (size before relaxing)
 .debug_str     0x00056cc2      0xaf3 build/stm32f10x_rcc.o
                              0x4e301 (size before relaxing)
 .debug_str     0x000577b5      0xbfe build/stm32f10x_tim.o
                              0x4e41f (size before relaxing)
 .debug_str     0x000583b3      0x801 build/stm32f10x_usart.o
                              0x4e02b (size before relaxing)
 .debug_str     0x00058bb4       0xc3 build/stm32f10x_it.o
                              0x55eec (size before relaxing)
 .debug_str     0x00058c77       0xc2 build/system_stm32f10x.o
                              0x4d8b6 (size before relaxing)
 .debug_str     0x00058d39      0x221 build/gpio.o
                              0x56191 (size before relaxing)
 .debug_str     0x00058f5a      0x25b build/structs.o
                              0x56131 (size before relaxing)
 .debug_str     0x000591b5      0x180 build/init.o
                              0x5626b (size before relaxing)
 .debug_str     0x00059335      0xb2b build/lcd.o
                              0x56ca2 (size before relaxing)
 .debug_str     0x00059e60      0x175 build/keypad.o
                              0x562e1 (size before relaxing)
 .debug_str     0x00059fd5      0x4cd build/system-task.o
                              0x5644d (size before relaxing)
 .debug_str     0x0005a4a2      0x365 build/system.o
                              0x564fd (size before relaxing)
 .debug_str     0x0005a807       0x4a build/TIM.o
                              0x5640e (size before relaxing)
 .debug_str     0x0005a851      0x1da build/uart.o
                              0x56194 (size before relaxing)
 .debug_str     0x0005aa2b       0xad build/uart_com.o
                              0x56605 (size before relaxing)
 .debug_str     0x0005aad8      0xa03 build/mpu6050.o
                              0x56c7b (size before relaxing)
 .debug_str     0x0005b4db      0x35a build/i2c-std.o
                              0x56519 (size before relaxing)
 .debug_str     0x0005b835      0x2a5 build/i2c.o
                              0x564f5 (size before relaxing)
 .debug_str     0x0005bada       0x30 build/startup_stm32f10x_md.o
                                 0x56 (size before relaxing)

.comment        0x00000000       0x49
 .comment       0x00000000       0x49 build/main.o
                                 0x4a (size before relaxing)
 .comment       0x00000049       0x4a build/misc.o
 .comment       0x00000049       0x4a build/stm32f10x_gpio.o
 .comment       0x00000049       0x4a build/stm32f10x_i2c.o
 .comment       0x00000049       0x4a build/stm32f10x_rcc.o
 .comment       0x00000049       0x4a build/stm32f10x_tim.o
 .comment       0x00000049       0x4a build/stm32f10x_usart.o
 .comment       0x00000049       0x4a build/stm32f10x_it.o
 .comment       0x00000049       0x4a build/system_stm32f10x.o
 .comment       0x00000049       0x4a build/gpio.o
 .comment       0x00000049       0x4a build/structs.o
 .comment       0x00000049       0x4a build/init.o
 .comment       0x00000049       0x4a build/lcd.o
 .comment       0x00000049       0x4a build/keypad.o
 .comment       0x00000049       0x4a build/system-task.o
 .comment       0x00000049       0x4a build/system.o
 .comment       0x00000049       0x4a build/TIM.o
 .comment       0x00000049       0x4a build/uart.o
 .comment       0x00000049       0x4a build/uart_com.o
 .comment       0x00000049       0x4a build/mpu6050.o
 .comment       0x00000049       0x4a build/i2c-std.o
 .comment       0x00000049       0x4a build/i2c.o

.debug_frame    0x00000000     0x553c
 .debug_frame   0x00000000       0x2c build/main.o
 .debug_frame   0x0000002c       0xd8 build/misc.o
 .debug_frame   0x00000104      0x2d0 build/stm32f10x_gpio.o
 .debug_frame   0x000003d4      0x530 build/stm32f10x_i2c.o
 .debug_frame   0x00000904      0x4f4 build/stm32f10x_rcc.o
 .debug_frame   0x00000df8      0xe2c build/stm32f10x_tim.o
 .debug_frame   0x00001c24      0x490 build/stm32f10x_usart.o
 .debug_frame   0x000020b4      0x10c build/stm32f10x_it.o
 .debug_frame   0x000021c0       0x98 build/system_stm32f10x.o
 .debug_frame   0x00002258      0x208 build/gpio.o
 .debug_frame   0x00002460      0x2a0 build/structs.o
 .debug_frame   0x00002700      0x14c build/init.o
 .debug_frame   0x0000284c     0x1330 build/lcd.o
 .debug_frame   0x00003b7c      0x1bc build/keypad.o
 .debug_frame   0x00003d38      0x10c build/system-task.o
 .debug_frame   0x00003e44       0xf0 build/system.o
 .debug_frame   0x00003f34       0xb8 build/TIM.o
 .debug_frame   0x00003fec      0x320 build/uart.o
 .debug_frame   0x0000430c      0x128 build/uart_com.o
 .debug_frame   0x00004434      0x794 build/mpu6050.o
 .debug_frame   0x00004bc8      0x4ac build/i2c-std.o
 .debug_frame   0x00005074      0x158 build/i2c.o
 .debug_frame   0x000051cc       0x38 c:/arm-tool/gcc-arm-none-eabi-10.3-2021.10/bin/../lib/gcc/arm-none-eabi/10.3.1/../../../../arm-none-eabi/lib/thumb/v7-m/nofp\libc_nano.a(lib_a-itoa.o)
 .debug_frame   0x00005204       0x48 c:/arm-tool/gcc-arm-none-eabi-10.3-2021.10/bin/../lib/gcc/arm-none-eabi/10.3.1/../../../../arm-none-eabi/lib/thumb/v7-m/nofp\libc_nano.a(lib_a-utoa.o)
 .debug_frame   0x0000524c       0xac c:/arm-tool/gcc-arm-none-eabi-10.3-2021.10/bin/../lib/gcc/arm-none-eabi/10.3.1/thumb/v7-m/nofp\libgcc.a(_arm_addsubdf3.o)
 .debug_frame   0x000052f8       0x50 c:/arm-tool/gcc-arm-none-eabi-10.3-2021.10/bin/../lib/gcc/arm-none-eabi/10.3.1/thumb/v7-m/nofp\libgcc.a(_arm_muldivdf3.o)
 .debug_frame   0x00005348       0x24 c:/arm-tool/gcc-arm-none-eabi-10.3-2021.10/bin/../lib/gcc/arm-none-eabi/10.3.1/thumb/v7-m/nofp\libgcc.a(_arm_truncdfsf2.o)
 .debug_frame   0x0000536c       0x4c c:/arm-tool/gcc-arm-none-eabi-10.3-2021.10/bin/../lib/gcc/arm-none-eabi/10.3.1/thumb/v7-m/nofp\libgcc.a(_arm_addsubsf3.o)
 .debug_frame   0x000053b8       0x38 c:/arm-tool/gcc-arm-none-eabi-10.3-2021.10/bin/../lib/gcc/arm-none-eabi/10.3.1/thumb/v7-m/nofp\libgcc.a(_arm_muldivsf3.o)
 .debug_frame   0x000053f0       0xc8 c:/arm-tool/gcc-arm-none-eabi-10.3-2021.10/bin/../lib/gcc/arm-none-eabi/10.3.1/thumb/v7-m/nofp\libgcc.a(_arm_cmpsf2.o)
 .debug_frame   0x000054b8       0x24 c:/arm-tool/gcc-arm-none-eabi-10.3-2021.10/bin/../lib/gcc/arm-none-eabi/10.3.1/thumb/v7-m/nofp\libgcc.a(_arm_fixunssfsi.o)
 .debug_frame   0x000054dc       0x2c c:/arm-tool/gcc-arm-none-eabi-10.3-2021.10/bin/../lib/gcc/arm-none-eabi/10.3.1/thumb/v7-m/nofp\libgcc.a(_aeabi_uldivmod.o)
 .debug_frame   0x00005508       0x34 c:/arm-tool/gcc-arm-none-eabi-10.3-2021.10/bin/../lib/gcc/arm-none-eabi/10.3.1/thumb/v7-m/nofp\libgcc.a(_udivmoddi4.o)

Cross Reference Table

Symbol                                            File
ADC1_2_IRQHandler                                 build/startup_stm32f10x_md.o
ADC_AnalogWatchdogCmd                             build/stm32f10x_adc.o
ADC_AnalogWatchdogSingleChannelConfig             build/stm32f10x_adc.o
ADC_AnalogWatchdogThresholdsConfig                build/stm32f10x_adc.o
ADC_AutoInjectedConvCmd                           build/stm32f10x_adc.o
ADC_ClearFlag                                     build/stm32f10x_adc.o
ADC_ClearITPendingBit                             build/stm32f10x_adc.o
ADC_Cmd                                           build/stm32f10x_adc.o
ADC_DMACmd                                        build/stm32f10x_adc.o
ADC_DeInit                                        build/stm32f10x_adc.o
ADC_DiscModeChannelCountConfig                    build/stm32f10x_adc.o
ADC_DiscModeCmd                                   build/stm32f10x_adc.o
ADC_ExternalTrigConvCmd                           build/stm32f10x_adc.o
ADC_ExternalTrigInjectedConvCmd                   build/stm32f10x_adc.o
ADC_ExternalTrigInjectedConvConfig                build/stm32f10x_adc.o
ADC_GetCalibrationStatus                          build/stm32f10x_adc.o
ADC_GetConversionValue                            build/stm32f10x_adc.o
ADC_GetDualModeConversionValue                    build/stm32f10x_adc.o
ADC_GetFlagStatus                                 build/stm32f10x_adc.o
ADC_GetITStatus                                   build/stm32f10x_adc.o
ADC_GetInjectedConversionValue                    build/stm32f10x_adc.o
ADC_GetResetCalibrationStatus                     build/stm32f10x_adc.o
ADC_GetSoftwareStartConvStatus                    build/stm32f10x_adc.o
ADC_GetSoftwareStartInjectedConvCmdStatus         build/stm32f10x_adc.o
ADC_ITConfig                                      build/stm32f10x_adc.o
ADC_Init                                          build/stm32f10x_adc.o
ADC_InjectedChannelConfig                         build/stm32f10x_adc.o
ADC_InjectedDiscModeCmd                           build/stm32f10x_adc.o
ADC_InjectedSequencerLengthConfig                 build/stm32f10x_adc.o
ADC_RegularChannelConfig                          build/stm32f10x_adc.o
ADC_ResetCalibration                              build/stm32f10x_adc.o
ADC_SetInjectedOffset                             build/stm32f10x_adc.o
ADC_SoftwareStartConvCmd                          build/stm32f10x_adc.o
ADC_SoftwareStartInjectedConvCmd                  build/stm32f10x_adc.o
ADC_StartCalibration                              build/stm32f10x_adc.o
ADC_StructInit                                    build/stm32f10x_adc.o
ADC_TempSensorVrefintCmd                          build/stm32f10x_adc.o
AHBPrescTable                                     build/system_stm32f10x.o
BKP_ClearFlag                                     build/stm32f10x_bkp.o
BKP_ClearITPendingBit                             build/stm32f10x_bkp.o
BKP_DeInit                                        build/stm32f10x_bkp.o
BKP_GetFlagStatus                                 build/stm32f10x_bkp.o
BKP_GetITStatus                                   build/stm32f10x_bkp.o
BKP_ITConfig                                      build/stm32f10x_bkp.o
BKP_RTCOutputConfig                               build/stm32f10x_bkp.o
BKP_ReadBackupRegister                            build/stm32f10x_bkp.o
BKP_SetRTCCalibrationValue                        build/stm32f10x_bkp.o
BKP_TamperPinCmd                                  build/stm32f10x_bkp.o
BKP_TamperPinLevelConfig                          build/stm32f10x_bkp.o
BKP_WriteBackupRegister                           build/stm32f10x_bkp.o
BlinkTimingDelay                                  build/init.o
BusFault_Handler                                  build/stm32f10x_it.o
CAN1_RX1_IRQHandler                               build/startup_stm32f10x_md.o
CAN1_SCE_IRQHandler                               build/startup_stm32f10x_md.o
CAN_CancelTransmit                                build/stm32f10x_can.o
CAN_ClearFlag                                     build/stm32f10x_can.o
CAN_ClearITPendingBit                             build/stm32f10x_can.o
CAN_DBGFreeze                                     build/stm32f10x_can.o
CAN_DeInit                                        build/stm32f10x_can.o
CAN_FIFORelease                                   build/stm32f10x_can.o
CAN_FilterInit                                    build/stm32f10x_can.o
CAN_GetFlagStatus                                 build/stm32f10x_can.o
CAN_GetITStatus                                   build/stm32f10x_can.o
CAN_GetLSBTransmitErrorCounter                    build/stm32f10x_can.o
CAN_GetLastErrorCode                              build/stm32f10x_can.o
CAN_GetReceiveErrorCounter                        build/stm32f10x_can.o
CAN_ITConfig                                      build/stm32f10x_can.o
CAN_Init                                          build/stm32f10x_can.o
CAN_MessagePending                                build/stm32f10x_can.o
CAN_OperatingModeRequest                          build/stm32f10x_can.o
CAN_Receive                                       build/stm32f10x_can.o
CAN_SlaveStartBank                                build/stm32f10x_can.o
CAN_Sleep                                         build/stm32f10x_can.o
CAN_StructInit                                    build/stm32f10x_can.o
CAN_TTComModeCmd                                  build/stm32f10x_can.o
CAN_Transmit                                      build/stm32f10x_can.o
CAN_TransmitStatus                                build/stm32f10x_can.o
CAN_WakeUp                                        build/stm32f10x_can.o
CEC_ClearFlag                                     build/stm32f10x_cec.o
CEC_ClearITPendingBit                             build/stm32f10x_cec.o
CEC_Cmd                                           build/stm32f10x_cec.o
CEC_DeInit                                        build/stm32f10x_cec.o
CEC_EndOfMessageCmd                               build/stm32f10x_cec.o
CEC_GetFlagStatus                                 build/stm32f10x_cec.o
CEC_GetITStatus                                   build/stm32f10x_cec.o
CEC_ITConfig                                      build/stm32f10x_cec.o
CEC_Init                                          build/stm32f10x_cec.o
CEC_OwnAddressConfig                              build/stm32f10x_cec.o
CEC_ReceiveDataByte                               build/stm32f10x_cec.o
CEC_SendDataByte                                  build/stm32f10x_cec.o
CEC_SetPrescaler                                  build/stm32f10x_cec.o
CEC_StartOfMessage                                build/stm32f10x_cec.o
CRC_CalcBlockCRC                                  build/stm32f10x_crc.o
CRC_CalcCRC                                       build/stm32f10x_crc.o
CRC_GetCRC                                        build/stm32f10x_crc.o
CRC_GetIDRegister                                 build/stm32f10x_crc.o
CRC_ResetDR                                       build/stm32f10x_crc.o
CRC_SetIDRegister                                 build/stm32f10x_crc.o
DAC_Cmd                                           build/stm32f10x_dac.o
DAC_DMACmd                                        build/stm32f10x_dac.o
DAC_DeInit                                        build/stm32f10x_dac.o
DAC_DualSoftwareTriggerCmd                        build/stm32f10x_dac.o
DAC_GetDataOutputValue                            build/stm32f10x_dac.o
DAC_Init                                          build/stm32f10x_dac.o
DAC_SetChannel1Data                               build/stm32f10x_dac.o
DAC_SetChannel2Data                               build/stm32f10x_dac.o
DAC_SetDualChannelData                            build/stm32f10x_dac.o
DAC_SoftwareTriggerCmd                            build/stm32f10x_dac.o
DAC_StructInit                                    build/stm32f10x_dac.o
DAC_WaveGenerationCmd                             build/stm32f10x_dac.o
DBGMCU_Config                                     build/stm32f10x_dbgmcu.o
DBGMCU_GetDEVID                                   build/stm32f10x_dbgmcu.o
DBGMCU_GetREVID                                   build/stm32f10x_dbgmcu.o
DMA1_Channel1_IRQHandler                          build/startup_stm32f10x_md.o
DMA1_Channel2_IRQHandler                          build/startup_stm32f10x_md.o
DMA1_Channel3_IRQHandler                          build/startup_stm32f10x_md.o
DMA1_Channel4_IRQHandler                          build/startup_stm32f10x_md.o
DMA1_Channel5_IRQHandler                          build/startup_stm32f10x_md.o
DMA1_Channel6_IRQHandler                          build/startup_stm32f10x_md.o
DMA1_Channel7_IRQHandler                          build/startup_stm32f10x_md.o
DMA_ClearFlag                                     build/stm32f10x_dma.o
DMA_ClearITPendingBit                             build/stm32f10x_dma.o
DMA_Cmd                                           build/stm32f10x_dma.o
DMA_DeInit                                        build/stm32f10x_dma.o
DMA_GetCurrDataCounter                            build/stm32f10x_dma.o
DMA_GetFlagStatus                                 build/stm32f10x_dma.o
DMA_GetITStatus                                   build/stm32f10x_dma.o
DMA_ITConfig                                      build/stm32f10x_dma.o
DMA_Init                                          build/stm32f10x_dma.o
DMA_SetCurrDataCounter                            build/stm32f10x_dma.o
DMA_StructInit                                    build/stm32f10x_dma.o
DebugMon_Handler                                  build/stm32f10x_it.o
Default_Handler                                   build/startup_stm32f10x_md.o
EXTI0_IRQHandler                                  build/startup_stm32f10x_md.o
EXTI15_10_IRQHandler                              build/startup_stm32f10x_md.o
EXTI1_IRQHandler                                  build/startup_stm32f10x_md.o
EXTI2_IRQHandler                                  build/startup_stm32f10x_md.o
EXTI3_IRQHandler                                  build/startup_stm32f10x_md.o
EXTI4_IRQHandler                                  build/startup_stm32f10x_md.o
EXTI9_5_IRQHandler                                build/startup_stm32f10x_md.o
EXTI_ClearFlag                                    build/stm32f10x_exti.o
EXTI_ClearITPendingBit                            build/stm32f10x_exti.o
EXTI_DeInit                                       build/stm32f10x_exti.o
EXTI_GenerateSWInterrupt                          build/stm32f10x_exti.o
EXTI_GetFlagStatus                                build/stm32f10x_exti.o
EXTI_GetITStatus                                  build/stm32f10x_exti.o
EXTI_Init                                         build/stm32f10x_exti.o
EXTI_StructInit                                   build/stm32f10x_exti.o
FLASH_ClearFlag                                   build/stm32f10x_flash.o
FLASH_EnableWriteProtection                       build/stm32f10x_flash.o
FLASH_EraseAllBank1Pages                          build/stm32f10x_flash.o
FLASH_EraseAllPages                               build/stm32f10x_flash.o
FLASH_EraseOptionBytes                            build/stm32f10x_flash.o
FLASH_ErasePage                                   build/stm32f10x_flash.o
FLASH_GetBank1Status                              build/stm32f10x_flash.o
FLASH_GetFlagStatus                               build/stm32f10x_flash.o
FLASH_GetPrefetchBufferStatus                     build/stm32f10x_flash.o
FLASH_GetReadOutProtectionStatus                  build/stm32f10x_flash.o
FLASH_GetStatus                                   build/stm32f10x_flash.o
FLASH_GetUserOptionByte                           build/stm32f10x_flash.o
FLASH_GetWriteProtectionOptionByte                build/stm32f10x_flash.o
FLASH_HalfCycleAccessCmd                          build/stm32f10x_flash.o
FLASH_IRQHandler                                  build/startup_stm32f10x_md.o
FLASH_ITConfig                                    build/stm32f10x_flash.o
FLASH_Lock                                        build/stm32f10x_flash.o
FLASH_LockBank1                                   build/stm32f10x_flash.o
FLASH_PrefetchBufferCmd                           build/stm32f10x_flash.o
FLASH_ProgramHalfWord                             build/stm32f10x_flash.o
FLASH_ProgramOptionByteData                       build/stm32f10x_flash.o
FLASH_ProgramWord                                 build/stm32f10x_flash.o
FLASH_ReadOutProtection                           build/stm32f10x_flash.o
FLASH_SetLatency                                  build/stm32f10x_flash.o
FLASH_Unlock                                      build/stm32f10x_flash.o
FLASH_UnlockBank1                                 build/stm32f10x_flash.o
FLASH_UserOptionByteConfig                        build/stm32f10x_flash.o
FLASH_WaitForLastBank1Operation                   build/stm32f10x_flash.o
FLASH_WaitForLastOperation                        build/stm32f10x_flash.o
FSMC_ClearFlag                                    build/stm32f10x_fsmc.o
FSMC_ClearITPendingBit                            build/stm32f10x_fsmc.o
FSMC_GetECC                                       build/stm32f10x_fsmc.o
FSMC_GetFlagStatus                                build/stm32f10x_fsmc.o
FSMC_GetITStatus                                  build/stm32f10x_fsmc.o
FSMC_ITConfig                                     build/stm32f10x_fsmc.o
FSMC_NANDCmd                                      build/stm32f10x_fsmc.o
FSMC_NANDDeInit                                   build/stm32f10x_fsmc.o
FSMC_NANDECCCmd                                   build/stm32f10x_fsmc.o
FSMC_NANDInit                                     build/stm32f10x_fsmc.o
FSMC_NANDStructInit                               build/stm32f10x_fsmc.o
FSMC_NORSRAMCmd                                   build/stm32f10x_fsmc.o
FSMC_NORSRAMDeInit                                build/stm32f10x_fsmc.o
FSMC_NORSRAMInit                                  build/stm32f10x_fsmc.o
FSMC_NORSRAMStructInit                            build/stm32f10x_fsmc.o
FSMC_PCCARDCmd                                    build/stm32f10x_fsmc.o
FSMC_PCCARDDeInit                                 build/stm32f10x_fsmc.o
FSMC_PCCARDInit                                   build/stm32f10x_fsmc.o
FSMC_PCCARDStructInit                             build/stm32f10x_fsmc.o
GPIO_AFIODeInit                                   build/stm32f10x_gpio.o
GPIO_DeInit                                       build/stm32f10x_gpio.o
GPIO_ETH_MediaInterfaceConfig                     build/stm32f10x_gpio.o
GPIO_EXTILineConfig                               build/stm32f10x_gpio.o
GPIO_EventOutputCmd                               build/stm32f10x_gpio.o
GPIO_EventOutputConfig                            build/stm32f10x_gpio.o
GPIO_Init                                         build/stm32f10x_gpio.o
                                                  build/i2c-std.o
                                                  build/uart_com.o
                                                  build/init.o
                                                  build/gpio.o
GPIO_PinLockConfig                                build/stm32f10x_gpio.o
GPIO_PinRemapConfig                               build/stm32f10x_gpio.o
GPIO_ReadInputData                                build/stm32f10x_gpio.o
                                                  build/init.o
GPIO_ReadInputDataBit                             build/stm32f10x_gpio.o
                                                  build/init.o
GPIO_ReadOutputData                               build/stm32f10x_gpio.o
                                                  build/init.o
GPIO_ReadOutputDataBit                            build/stm32f10x_gpio.o
                                                  build/init.o
GPIO_ResetBits                                    build/stm32f10x_gpio.o
                                                  build/init.o
GPIO_SetBits                                      build/stm32f10x_gpio.o
                                                  build/init.o
GPIO_StructInit                                   build/stm32f10x_gpio.o
                                                  build/i2c-std.o
                                                  build/uart_com.o
                                                  build/init.o
                                                  build/gpio.o
GPIO_Write                                        build/stm32f10x_gpio.o
GPIO_WriteBit                                     build/stm32f10x_gpio.o
                                                  build/init.o
HardFault_Handler                                 build/stm32f10x_it.o
I2C1_ER_IRQHandler                                build/startup_stm32f10x_md.o
I2C1_EV_IRQHandler                                build/startup_stm32f10x_md.o
I2C2_ER_IRQHandler                                build/startup_stm32f10x_md.o
I2C2_EV_IRQHandler                                build/startup_stm32f10x_md.o
I2C_ARPCmd                                        build/stm32f10x_i2c.o
I2C_AcknowledgeConfig                             build/stm32f10x_i2c.o
                                                  build/i2c-std.o
I2C_CalculatePEC                                  build/stm32f10x_i2c.o
I2C_CheckEvent                                    build/stm32f10x_i2c.o
I2C_ClearFlag                                     build/stm32f10x_i2c.o
I2C_ClearITPendingBit                             build/stm32f10x_i2c.o
I2C_Cmd                                           build/stm32f10x_i2c.o
I2C_DMACmd                                        build/stm32f10x_i2c.o
I2C_DMALastTransferCmd                            build/stm32f10x_i2c.o
I2C_DeInit                                        build/stm32f10x_i2c.o
I2C_DualAddressCmd                                build/stm32f10x_i2c.o
I2C_FastModeDutyCycleConfig                       build/stm32f10x_i2c.o
I2C_GeneralCallCmd                                build/stm32f10x_i2c.o
I2C_GenerateSTART                                 build/stm32f10x_i2c.o
I2C_GenerateSTOP                                  build/stm32f10x_i2c.o
I2C_GetFlagStatus                                 build/stm32f10x_i2c.o
I2C_GetITStatus                                   build/stm32f10x_i2c.o
I2C_GetLastEvent                                  build/stm32f10x_i2c.o
I2C_GetPEC                                        build/stm32f10x_i2c.o
I2C_ITConfig                                      build/stm32f10x_i2c.o
I2C_Init                                          build/stm32f10x_i2c.o
                                                  build/i2c-std.o
I2C_NACKPositionConfig                            build/stm32f10x_i2c.o
                                                  build/i2c-std.o
I2C_OwnAddress2Config                             build/stm32f10x_i2c.o
I2C_PECPositionConfig                             build/stm32f10x_i2c.o
I2C_ReadRegister                                  build/stm32f10x_i2c.o
I2C_ReceiveData                                   build/stm32f10x_i2c.o
I2C_SMBusAlertConfig                              build/stm32f10x_i2c.o
I2C_Send7bitAddress                               build/stm32f10x_i2c.o
I2C_SendData                                      build/stm32f10x_i2c.o
I2C_SoftwareResetCmd                              build/stm32f10x_i2c.o
I2C_StretchClockCmd                               build/stm32f10x_i2c.o
I2C_StructInit                                    build/stm32f10x_i2c.o
                                                  build/i2c-std.o
I2C_TransmitPEC                                   build/stm32f10x_i2c.o
I2Cx_Timeout                                      build/i2c-std.o
                                                  build/i2c-com.o
                                                  build/stm32f10x_it.o
I2S_Cmd                                           build/stm32f10x_spi.o
I2S_Init                                          build/stm32f10x_spi.o
I2S_StructInit                                    build/stm32f10x_spi.o
IWDG_Enable                                       build/stm32f10x_iwdg.o
IWDG_GetFlagStatus                                build/stm32f10x_iwdg.o
IWDG_ReloadCounter                                build/stm32f10x_iwdg.o
IWDG_SetPrescaler                                 build/stm32f10x_iwdg.o
IWDG_SetReload                                    build/stm32f10x_iwdg.o
IWDG_WriteAccessCmd                               build/stm32f10x_iwdg.o
MemManage_Handler                                 build/stm32f10x_it.o
NMI_Handler                                       build/stm32f10x_it.o
NVIC_Init                                         build/misc.o
                                                  build/uart_com.o
                                                  build/TIM.o
NVIC_PriorityGroupConfig                          build/misc.o
                                                  build/system.o
NVIC_SetVectorTable                               build/misc.o
NVIC_SystemLPConfig                               build/misc.o
PVD_IRQHandler                                    build/startup_stm32f10x_md.o
PWR_BackupAccessCmd                               build/stm32f10x_pwr.o
PWR_ClearFlag                                     build/stm32f10x_pwr.o
PWR_DeInit                                        build/stm32f10x_pwr.o
PWR_EnterSTANDBYMode                              build/stm32f10x_pwr.o
PWR_EnterSTOPMode                                 build/stm32f10x_pwr.o
PWR_GetFlagStatus                                 build/stm32f10x_pwr.o
PWR_PVDCmd                                        build/stm32f10x_pwr.o
PWR_PVDLevelConfig                                build/stm32f10x_pwr.o
PWR_WakeUpPinCmd                                  build/stm32f10x_pwr.o
PendSV_Handler                                    build/stm32f10x_it.o
RCC_ADCCLKConfig                                  build/stm32f10x_rcc.o
RCC_AHBPeriphClockCmd                             build/stm32f10x_rcc.o
RCC_APB1PeriphClockCmd                            build/stm32f10x_rcc.o
                                                  build/i2c-std.o
                                                  build/uart_com.o
                                                  build/TIM.o
RCC_APB1PeriphResetCmd                            build/stm32f10x_rcc.o
                                                  build/i2c-std.o
                                                  build/stm32f10x_wwdg.o
                                                  build/stm32f10x_usart.o
                                                  build/stm32f10x_tim.o
                                                  build/stm32f10x_spi.o
                                                  build/stm32f10x_pwr.o
                                                  build/stm32f10x_i2c.o
                                                  build/stm32f10x_dac.o
                                                  build/stm32f10x_cec.o
                                                  build/stm32f10x_can.o
RCC_APB2PeriphClockCmd                            build/stm32f10x_rcc.o
                                                  build/i2c-std.o
                                                  build/uart_com.o
                                                  build/system.o
RCC_APB2PeriphResetCmd                            build/stm32f10x_rcc.o
                                                  build/stm32f10x_usart.o
                                                  build/stm32f10x_tim.o
                                                  build/stm32f10x_spi.o
                                                  build/stm32f10x_gpio.o
                                                  build/stm32f10x_adc.o
RCC_AdjustHSICalibrationValue                     build/stm32f10x_rcc.o
RCC_BackupResetCmd                                build/stm32f10x_rcc.o
                                                  build/stm32f10x_bkp.o
RCC_ClearFlag                                     build/stm32f10x_rcc.o
RCC_ClearITPendingBit                             build/stm32f10x_rcc.o
RCC_ClockSecuritySystemCmd                        build/stm32f10x_rcc.o
RCC_DeInit                                        build/stm32f10x_rcc.o
RCC_GetClocksFreq                                 build/stm32f10x_rcc.o
                                                  build/i2c.o
                                                  build/stm32f10x_usart.o
                                                  build/stm32f10x_spi.o
                                                  build/stm32f10x_i2c.o
RCC_GetFlagStatus                                 build/stm32f10x_rcc.o
RCC_GetITStatus                                   build/stm32f10x_rcc.o
RCC_GetSYSCLKSource                               build/stm32f10x_rcc.o