Archive member included to satisfy reference by file (symbol)

c:/arm-opt/gcc-arm-none-eabi-10.3-2021.10/bin/../lib/gcc/arm-none-eabi/10.3.1/../../../../arm-none-eabi/lib/thumb/v7-m/nofp\libc_nano.a(lib_a-exit.o)
                              c:/arm-opt/gcc-arm-none-eabi-10.3-2021.10/bin/../lib/gcc/arm-none-eabi/10.3.1/../../../../arm-none-eabi/lib/thumb/v7-m/nofp/crt0.o (exit)
c:/arm-opt/gcc-arm-none-eabi-10.3-2021.10/bin/../lib/gcc/arm-none-eabi/10.3.1/../../../../arm-none-eabi/lib/thumb/v7-m/nofp\libc_nano.a(lib_a-impure.o)
                              c:/arm-opt/gcc-arm-none-eabi-10.3-2021.10/bin/../lib/gcc/arm-none-eabi/10.3.1/../../../../arm-none-eabi/lib/thumb/v7-m/nofp\libc_nano.a(lib_a-exit.o) (_global_impure_ptr)
c:/arm-opt/gcc-arm-none-eabi-10.3-2021.10/bin/../lib/gcc/arm-none-eabi/10.3.1/../../../../arm-none-eabi/lib/thumb/v7-m/nofp\libc_nano.a(lib_a-init.o)
                              c:/arm-opt/gcc-arm-none-eabi-10.3-2021.10/bin/../lib/gcc/arm-none-eabi/10.3.1/../../../../arm-none-eabi/lib/thumb/v7-m/nofp/crt0.o (__libc_init_array)
c:/arm-opt/gcc-arm-none-eabi-10.3-2021.10/bin/../lib/gcc/arm-none-eabi/10.3.1/../../../../arm-none-eabi/lib/thumb/v7-m/nofp\libc_nano.a(lib_a-itoa.o)
                              build/lcd.o (itoa)
c:/arm-opt/gcc-arm-none-eabi-10.3-2021.10/bin/../lib/gcc/arm-none-eabi/10.3.1/../../../../arm-none-eabi/lib/thumb/v7-m/nofp\libc_nano.a(lib_a-memchr-stub.o)
                              build/array.o (memchr)
c:/arm-opt/gcc-arm-none-eabi-10.3-2021.10/bin/../lib/gcc/arm-none-eabi/10.3.1/../../../../arm-none-eabi/lib/thumb/v7-m/nofp\libc_nano.a(lib_a-memset.o)
                              c:/arm-opt/gcc-arm-none-eabi-10.3-2021.10/bin/../lib/gcc/arm-none-eabi/10.3.1/../../../../arm-none-eabi/lib/thumb/v7-m/nofp/crt0.o (memset)
c:/arm-opt/gcc-arm-none-eabi-10.3-2021.10/bin/../lib/gcc/arm-none-eabi/10.3.1/../../../../arm-none-eabi/lib/thumb/v7-m/nofp\libc_nano.a(lib_a-strlen.o)
                              build/lcd.o (strlen)
c:/arm-opt/gcc-arm-none-eabi-10.3-2021.10/bin/../lib/gcc/arm-none-eabi/10.3.1/../../../../arm-none-eabi/lib/thumb/v7-m/nofp\libc_nano.a(lib_a-utoa.o)
                              c:/arm-opt/gcc-arm-none-eabi-10.3-2021.10/bin/../lib/gcc/arm-none-eabi/10.3.1/../../../../arm-none-eabi/lib/thumb/v7-m/nofp\libc_nano.a(lib_a-itoa.o) (__utoa)
c:/arm-opt/gcc-arm-none-eabi-10.3-2021.10/bin/../lib/gcc/arm-none-eabi/10.3.1/../../../../arm-none-eabi/lib/thumb/v7-m/nofp\libc_nano.a(lib_a-vsprintf.o)
                              build/lcd.o (vsprintf)
c:/arm-opt/gcc-arm-none-eabi-10.3-2021.10/bin/../lib/gcc/arm-none-eabi/10.3.1/../../../../arm-none-eabi/lib/thumb/v7-m/nofp\libc_nano.a(lib_a-nano-svfprintf.o)
                              c:/arm-opt/gcc-arm-none-eabi-10.3-2021.10/bin/../lib/gcc/arm-none-eabi/10.3.1/../../../../arm-none-eabi/lib/thumb/v7-m/nofp\libc_nano.a(lib_a-vsprintf.o) (_svfprintf_r)
c:/arm-opt/gcc-arm-none-eabi-10.3-2021.10/bin/../lib/gcc/arm-none-eabi/10.3.1/../../../../arm-none-eabi/lib/thumb/v7-m/nofp\libc_nano.a(lib_a-nano-vfprintf_i.o)
                              c:/arm-opt/gcc-arm-none-eabi-10.3-2021.10/bin/../lib/gcc/arm-none-eabi/10.3.1/../../../../arm-none-eabi/lib/thumb/v7-m/nofp\libc_nano.a(lib_a-nano-svfprintf.o) (_printf_i)
c:/arm-opt/gcc-arm-none-eabi-10.3-2021.10/bin/../lib/gcc/arm-none-eabi/10.3.1/../../../../arm-none-eabi/lib/thumb/v7-m/nofp\libc_nano.a(lib_a-memcpy-stub.o)
                              c:/arm-opt/gcc-arm-none-eabi-10.3-2021.10/bin/../lib/gcc/arm-none-eabi/10.3.1/../../../../arm-none-eabi/lib/thumb/v7-m/nofp\libc_nano.a(lib_a-nano-svfprintf.o) (memcpy)
c:/arm-opt/gcc-arm-none-eabi-10.3-2021.10/bin/../lib/gcc/arm-none-eabi/10.3.1/../../../../arm-none-eabi/lib/thumb/v7-m/nofp\libc_nano.a(lib_a-memmove.o)
                              c:/arm-opt/gcc-arm-none-eabi-10.3-2021.10/bin/../lib/gcc/arm-none-eabi/10.3.1/../../../../arm-none-eabi/lib/thumb/v7-m/nofp\libc_nano.a(lib_a-nano-svfprintf.o) (memmove)
c:/arm-opt/gcc-arm-none-eabi-10.3-2021.10/bin/../lib/gcc/arm-none-eabi/10.3.1/../../../../arm-none-eabi/lib/thumb/v7-m/nofp\libc_nano.a(lib_a-nano-freer.o)
                              c:/arm-opt/gcc-arm-none-eabi-10.3-2021.10/bin/../lib/gcc/arm-none-eabi/10.3.1/../../../../arm-none-eabi/lib/thumb/v7-m/nofp\libc_nano.a(lib_a-nano-svfprintf.o) (_free_r)
c:/arm-opt/gcc-arm-none-eabi-10.3-2021.10/bin/../lib/gcc/arm-none-eabi/10.3.1/../../../../arm-none-eabi/lib/thumb/v7-m/nofp\libc_nano.a(lib_a-nano-mallocr.o)
                              c:/arm-opt/gcc-arm-none-eabi-10.3-2021.10/bin/../lib/gcc/arm-none-eabi/10.3.1/../../../../arm-none-eabi/lib/thumb/v7-m/nofp\libc_nano.a(lib_a-nano-svfprintf.o) (_malloc_r)
c:/arm-opt/gcc-arm-none-eabi-10.3-2021.10/bin/../lib/gcc/arm-none-eabi/10.3.1/../../../../arm-none-eabi/lib/thumb/v7-m/nofp\libc_nano.a(lib_a-nano-reallocr.o)
[...]
Memory Configuration

Name             Origin             Length             Attributes
FLASH            0x08000000         0x00010000         xr
RAM              0x20000000         0x00005000         xrw
MEMORY_B1        0x60000000         0x00000000         xr
*default*        0x00000000         0xffffffff

Linker script and memory map

LOAD c:/arm-opt/gcc-arm-none-eabi-10.3-2021.10/bin/../lib/gcc/arm-none-eabi/10.3.1/thumb/v7-m/nofp/crti.o
LOAD c:/arm-opt/gcc-arm-none-eabi-10.3-2021.10/bin/../lib/gcc/arm-none-eabi/10.3.1/thumb/v7-m/nofp/crtbegin.o
LOAD c:/arm-opt/gcc-arm-none-eabi-10.3-2021.10/bin/../lib/gcc/arm-none-eabi/10.3.1/../../../../arm-none-eabi/lib/thumb/v7-m/nofp/crt0.o
LOAD build/main.o
LOAD build/misc.o
LOAD build/stm32f10x_adc.o
LOAD build/stm32f10x_bkp.o
LOAD build/stm32f10x_can.o
LOAD build/stm32f10x_cec.o
LOAD build/stm32f10x_crc.o
LOAD build/stm32f10x_dac.o
LOAD build/stm32f10x_dbgmcu.o
LOAD build/stm32f10x_dma.o
LOAD build/stm32f10x_exti.o
LOAD build/stm32f10x_flash.o
LOAD build/stm32f10x_fsmc.o
LOAD build/stm32f10x_gpio.o
LOAD build/stm32f10x_i2c.o
LOAD build/stm32f10x_iwdg.o
LOAD build/stm32f10x_pwr.o
LOAD build/stm32f10x_rcc.o
LOAD build/stm32f10x_rtc.o
LOAD build/stm32f10x_sdio.o
LOAD build/stm32f10x_spi.o
LOAD build/stm32f10x_tim.o
LOAD build/stm32f10x_usart.o
LOAD build/stm32f10x_wwdg.o
LOAD build/stm32f10x_it.o
LOAD build/system_stm32f10x.o
LOAD build/array.o
LOAD build/crc.o
LOAD build/gpio.o
LOAD build/queue.o
LOAD build/structs.o
LOAD build/init.o
LOAD build/lcd.o
LOAD build/keypad.o
LOAD build/system-task.o
LOAD build/system.o
LOAD build/TIM.o
LOAD build/uart-cmd.o
LOAD build/uart.o
LOAD build/uart_com.o
LOAD build/mpu6050.o
LOAD build/i2c.o
LOAD build/time.o
LOAD build/startup_stm32f10x_md.o
LOAD c:/arm-opt/gcc-arm-none-eabi-10.3-2021.10/bin/../lib/gcc/arm-none-eabi/10.3.1/../../../../arm-none-eabi/lib/thumb/v7-m/nofp\libc_nano.a
LOAD c:/arm-opt/gcc-arm-none-eabi-10.3-2021.10/bin/../lib/gcc/arm-none-eabi/10.3.1/../../../../arm-none-eabi/lib/thumb/v7-m/nofp\libm.a
LOAD c:/arm-opt/gcc-arm-none-eabi-10.3-2021.10/bin/../lib/gcc/arm-none-eabi/10.3.1/../../../../arm-none-eabi/lib/thumb/v7-m/nofp\libnosys.a
START GROUP
LOAD c:/arm-opt/gcc-arm-none-eabi-10.3-2021.10/bin/../lib/gcc/arm-none-eabi/10.3.1/thumb/v7-m/nofp\libgcc.a
LOAD c:/arm-opt/gcc-arm-none-eabi-10.3-2021.10/bin/../lib/gcc/arm-none-eabi/10.3.1/../../../../arm-none-eabi/lib/thumb/v7-m/nofp\libc_nano.a
END GROUP
START GROUP
LOAD c:/arm-opt/gcc-arm-none-eabi-10.3-2021.10/bin/../lib/gcc/arm-none-eabi/10.3.1/thumb/v7-m/nofp\libgcc.a
LOAD c:/arm-opt/gcc-arm-none-eabi-10.3-2021.10/bin/../lib/gcc/arm-none-eabi/10.3.1/../../../../arm-none-eabi/lib/thumb/v7-m/nofp\libc_nano.a
END GROUP
LOAD c:/arm-opt/gcc-arm-none-eabi-10.3-2021.10/bin/../lib/gcc/arm-none-eabi/10.3.1/thumb/v7-m/nofp/crtend.o
LOAD c:/arm-opt/gcc-arm-none-eabi-10.3-2021.10/bin/../lib/gcc/arm-none-eabi/10.3.1/thumb/v7-m/nofp/crtn.o
                0x20005000                _estack = 0x20005000
                0x00000000                _Min_Heap_Size = 0x0
                0x00000100                _Min_Stack_Size = 0x100

.isr_vector     0x08000000      0x10c
                0x08000000                . = ALIGN (0x4)
 *(.isr_vector)
 .isr_vector    0x08000000      0x10c build/startup_stm32f10x_md.o
                0x08000000                g_pfnVectors
                0x0800010c                . = ALIGN (0x4)

.text           0x0800010c     0x246c
                0x0800010c                . = ALIGN (0x4)
 *(.text)
 .text          0x0800010c       0x40 c:/arm-opt/gcc-arm-none-eabi-10.3-2021.10/bin/../lib/gcc/arm-none-eabi/10.3.1/thumb/v7-m/nofp/crtbegin.o
 .text          0x0800014c       0x10 c:/arm-opt/gcc-arm-none-eabi-10.3-2021.10/bin/../lib/gcc/arm-none-eabi/10.3.1/../../../../arm-none-eabi/lib/thumb/v7-m/nofp\libc_nano.a(lib_a-strlen.o)
                0x0800014c                strlen
 .text          0x0800015c       0x30 c:/arm-opt/gcc-arm-none-eabi-10.3-2021.10/bin/../lib/gcc/arm-none-eabi/10.3.1/thumb/v7-m/nofp\libgcc.a(_aeabi_uldivmod.o)
                0x0800015c                __aeabi_uldivmod
 .text          0x0800018c      0x2d4 c:/arm-opt/gcc-arm-none-eabi-10.3-2021.10/bin/../lib/gcc/arm-none-eabi/10.3.1/thumb/v7-m/nofp\libgcc.a(_udivmoddi4.o)
                0x0800018c                __udivmoddi4
 .text          0x08000460        0x4 c:/arm-opt/gcc-arm-none-eabi-10.3-2021.10/bin/../lib/gcc/arm-none-eabi/10.3.1/thumb/v7-m/nofp\libgcc.a(_dvmd_tls.o)
                0x08000460                __aeabi_idiv0
                0x08000460                __aeabi_ldiv0
 *(.text*)
 .text.main     0x08000464        0xe build/main.o
                0x08000464                main
 *fill*         0x08000472        0x2 
 .text.NVIC_PriorityGroupConfig
                0x08000474       0x24 build/misc.o
                0x08000474                NVIC_PriorityGroupConfig
 .text.NVIC_Init
                0x08000498       0xc4 build/misc.o
                0x08000498                NVIC_Init
 .text.GPIO_Init
                0x0800055c      0x178 build/stm32f10x_gpio.o
                0x0800055c                GPIO_Init
 .text.GPIO_StructInit
                0x080006d4       0x26 build/stm32f10x_gpio.o
                0x080006d4                GPIO_StructInit
 .text.GPIO_ReadInputDataBit
                0x080006fa       0x32 build/stm32f10x_gpio.o
                0x080006fa                GPIO_ReadInputDataBit
 .text.GPIO_ReadInputData
                0x0800072c       0x18 build/stm32f10x_gpio.o
                0x0800072c                GPIO_ReadInputData
 .text.GPIO_ReadOutputDataBit
                0x08000744       0x32 build/stm32f10x_gpio.o
                0x08000744                GPIO_ReadOutputDataBit
 .text.GPIO_ReadOutputData
                0x08000776       0x18 build/stm32f10x_gpio.o
                0x08000776                GPIO_ReadOutputData
 .text.GPIO_SetBits
                0x0800078e       0x1c build/stm32f10x_gpio.o
                0x0800078e                GPIO_SetBits
 .text.GPIO_WriteBit
                0x080007aa       0x2e build/stm32f10x_gpio.o
                0x080007aa                GPIO_WriteBit
 .text.RCC_GetClocksFreq
                0x080007d8      0x16c build/stm32f10x_rcc.o
                0x080007d8                RCC_GetClocksFreq
 .text.RCC_APB2PeriphClockCmd
                0x08000944       0x3c build/stm32f10x_rcc.o
                0x08000944                RCC_APB2PeriphClockCmd
 .text.TIM_TimeBaseInit
                0x08000980       0xf8 build/stm32f10x_tim.o
                0x08000980                TIM_TimeBaseInit
 .text.TIM_Cmd  0x08000a78       0x3e build/stm32f10x_tim.o
                0x08000a78                TIM_Cmd
 .text.TIM_ClearITPendingBit
                0x08000ab6       0x20 build/stm32f10x_tim.o
                0x08000ab6                TIM_ClearITPendingBit
 *fill*         0x08000ad6        0x2 
 .text.USART_Init
                0x08000ad8      0x174 build/stm32f10x_usart.o
                0x08000ad8                USART_Init
 .text.USART_StructInit
                0x08000c4c       0x38 build/stm32f10x_usart.o
                0x08000c4c                USART_StructInit
 .text.USART_Cmd
                0x08000c84       0x3e build/stm32f10x_usart.o
                0x08000c84                USART_Cmd
 .text.USART_ITConfig
                0x08000cc2       0x8e build/stm32f10x_usart.o
                0x08000cc2                USART_ITConfig
 .text.USART_GetFlagStatus
                0x08000d50       0x36 build/stm32f10x_usart.o
                0x08000d50                USART_GetFlagStatus
 .text.USART_GetITStatus
                0x08000d86       0xb4 build/stm32f10x_usart.o
                0x08000d86                USART_GetITStatus
 .text.NMI_Handler
                0x08000e3a        0xc build/stm32f10x_it.o
                0x08000e3a                NMI_Handler
 .text.HardFault_Handler
                0x08000e46        0x6 build/stm32f10x_it.o
                0x08000e46                HardFault_Handler
 .text.MemManage_Handler
                0x08000e4c        0x6 build/stm32f10x_it.o
                0x08000e4c                MemManage_Handler
 .text.BusFault_Handler
                0x08000e52        0x6 build/stm32f10x_it.o
                0x08000e52                BusFault_Handler
 .text.UsageFault_Handler
                0x08000e58        0x6 build/stm32f10x_it.o
                0x08000e58                UsageFault_Handler
 .text.SVC_Handler
                0x08000e5e        0xc build/stm32f10x_it.o
                0x08000e5e                SVC_Handler
 .text.DebugMon_Handler
                0x08000e6a        0xc build/stm32f10x_it.o
                0x08000e6a                DebugMon_Handler
 .text.PendSV_Handler
                0x08000e76        0xc build/stm32f10x_it.o
                0x08000e76                PendSV_Handler
 *fill*         0x08000e82        0x2 
 .text.SysTick_Handler
                0x08000e84       0x24 build/stm32f10x_it.o
                0x08000e84                SysTick_Handler
 .text.SystemInit
                0x08000ea8       0x68 build/system_stm32f10x.o
                0x08000ea8                SystemInit
 .text.SetSysClock
                0x08000f10        0xc build/system_stm32f10x.o
 .text.SetSysClockTo72
                0x08000f1c      0x100 build/system_stm32f10x.o
 .text.gpio_init
                0x0800101c       0x4c build/gpio.o
                0x0800101c                gpio_init
 .text.gpio_pinmode
                0x08001068       0x4e build/gpio.o
                0x08001068                gpio_pinmode
 .text.gpio_pin_mode
                0x080010b6       0x9c build/gpio.o
                0x080010b6                gpio_pin_mode
 .text.gpio_set
                0x08001152       0x2c build/gpio.o
                0x08001152                gpio_set
 .text.gpio_clear
                0x0800117e       0x2c build/gpio.o
                0x0800117e                gpio_clear
 .text.gpio_toggle
                0x080011aa       0x50 build/gpio.o
                0x080011aa                gpio_toggle
 .text.gpio_in_pullup
                0x080011fa       0x34 build/gpio.o
                0x080011fa                gpio_in_pullup
 .text.gpio_get
                0x0800122e       0x2c build/gpio.o
                0x0800122e                gpio_get
 *fill*         0x0800125a        0x2 
 .text.pilot_init
                0x0800125c       0x48 build/init.o
                0x0800125c                pilot_init
 .text.rly_init
                0x080012a4       0x38 build/init.o
                0x080012a4                rly_init
 .text.pilot_write
                0x080012dc       0x84 build/init.o
                0x080012dc                pilot_write
 .text.rly_write
                0x08001360       0x5c build/init.o
                0x08001360                rly_write
 .text.blink_init
                0x080013bc      0x110 build/init.o
                0x080013bc                blink_init
 .text.disable_buffer
                0x080014cc       0x5c build/init.o
                0x080014cc                disable_buffer
 .text._delay_us
                0x08001528       0x28 build/init.o
                0x08001528                _delay_us
 .text._delay_ms
                0x08001550       0x30 build/init.o
                0x08001550                _delay_ms
 .text.lcd_port_pinmode_out
                0x08001580       0x38 build/lcd.o
 .text.lcd_port_write_byte
                0x080015b8       0x5c build/lcd.o
 .text.lcd_rs_pinmode_out
                0x08001614       0x18 build/lcd.o
 .text.lcd_rs_clear
                0x0800162c       0x18 build/lcd.o
 .text.lcd_rs_set
                0x08001644       0x18 build/lcd.o
 .text.lcd_en_pinmode_out
                0x0800165c       0x18 build/lcd.o
 .text.lcd_en_clear
                0x08001674       0x18 build/lcd.o
 .text.lcd_en_set
                0x0800168c       0x18 build/lcd.o
 .text.lcd_write_cmd
                0x080016a4       0x24 build/lcd.o
 .text.lcd_write_data
                0x080016c8       0x50 build/lcd.o
 .text.lcd_write_byte
                0x08001718       0x34 build/lcd.o
 .text.lcd_clear
                0x0800174c       0x14 build/lcd.o
                0x0800174c                lcd_clear
 .text.lcd_init
                0x08001760       0x3c build/lcd.o
                0x08001760                lcd_init
 .text.lcd_refresh
                0x0800179c       0x2e build/lcd.o
                0x0800179c                lcd_refresh
 *fill*         0x080017ca        0x2 
 .text.lcd_goto_xy
                0x080017cc       0x9c build/lcd.o
                0x080017cc                lcd_goto_xy
 .text.lcd_write
                0x08001868       0x6c build/lcd.o
                0x08001868                lcd_write
 .text.lcd_write_array
                0x080018d4       0x42 build/lcd.o
                0x080018d4                lcd_write_array
 .text.lcd_write_cstr
                0x08001916       0x2c build/lcd.o
                0x08001916                lcd_write_cstr
 .text.lcd_print_as_number
                0x08001942       0x9c build/lcd.o
 .text.lcd_print
                0x080019de       0x18 build/lcd.o
                0x080019de                lcd_print
 .text.lcd_print_xy
                0x080019f6       0x2c build/lcd.o
                0x080019f6                lcd_print_xy
 .text.lcd_print_uint8
                0x08001a22       0x28 build/lcd.o
                0x08001a22                lcd_print_uint8
 .text.lcd_print_uint64
                0x08001a4a       0x36 build/lcd.o
                0x08001a4a                lcd_print_uint64
 .text.keypad_port_input_pullup
                0x08001a80       0x38 build/keypad.o
                0x08001a80                keypad_port_input_pullup
 .text.keypad_port_get_input_data
                0x08001ab8       0x54 build/keypad.o
 .text.keypad_read
                0x08001b0c       0x60 build/keypad.o
 .text.keypad_handle
                0x08001b6c       0x50 build/keypad.o
 .text.keypad_init
                0x08001bbc       0x3c build/keypad.o
                0x08001bbc                keypad_init
 .text.keypad_scan
                0x08001bf8       0x2c build/keypad.o
                0x08001bf8                keypad_scan
 .text.keypad_process
                0x08001c24       0x30 build/keypad.o
                0x08001c24                keypad_process
 .text.keypad_up_key_handle
                0x08001c54       0x44 build/keypad.o
                0x08001c54                keypad_up_key_handle
 .text.keypad_down_key_handle
                0x08001c98       0x44 build/keypad.o
                0x08001c98                keypad_down_key_handle
 .text.keypad_set_key_handle
                0x08001cdc       0x44 build/keypad.o
                0x08001cdc                keypad_set_key_handle
 .text.keypad_esc_key_handle
                0x08001d20       0x44 build/keypad.o
                0x08001d20                keypad_esc_key_handle
 .text.keypad_shft_key_handle
                0x08001d64       0x38 build/keypad.o
                0x08001d64                keypad_shft_key_handle
 .text.keypad_task
                0x08001d9c       0x98 build/system-task.o
                0x08001d9c                keypad_task
 .text.lcd_task
                0x08001e34       0xdc build/system-task.o
                0x08001e34                lcd_task
 .text.rtc_task
                0x08001f10       0x6c build/system-task.o
                0x08001f10                rtc_task
 .text.NVIC_SetPriority
                0x08001f7c       0x54 build/system.o
 .text.SysTick_Config
                0x08001fd0       0x44 build/system.o
 .text.system_init
                0x08002014      0x148 build/system.o
                0x08002014                system_init
 .text.system_run
                0x0800215c       0x14 build/system.o
                0x0800215c                system_run
 .text.system_ticks
                0x08002170       0x58 build/system.o
                0x08002170                system_ticks
 .text.system_rtc
                0x080021c8       0x18 build/system.o
                0x080021c8                system_rtc
 .text.TIM3_init
                0x080021e0       0x8c build/TIM.o
                0x080021e0                TIM3_init
 .text.TIM2_IRQHandler
                0x0800226c       0x12 build/TIM.o
                0x0800226c                TIM2_IRQHandler
 *fill*         0x0800227e        0x2 
 .text.TIM3_IRQHandler
                0x08002280       0x50 build/TIM.o
                0x08002280                TIM3_IRQHandler
 .text.uart_reset
                0x080022d0       0x3c build/uart.o
 .text.uart_rx_buffer_add
                0x0800230c       0x48 build/uart.o
                0x0800230c                uart_rx_buffer_add
 .text.uart_init
                0x08002354       0x10 build/uart.o
                0x08002354                uart_init
 .text.uart_receive
                0x08002364       0x7c build/uart.o
                0x08002364                uart_receive
 .text.USART1_init
                0x080023e0       0xc0 build/uart_com.o
                0x080023e0                USART1_init
 .text.USART1_IRQHandler
                0x080024a0       0x30 build/uart_com.o
                0x080024a0                USART1_IRQHandler
 .text.USART2_IRQHandler
                0x080024d0        0xc build/uart_com.o
                0x080024d0                USART2_IRQHandler
 .text.USART3_IRQHandler
                0x080024dc        0xc build/uart_com.o
                0x080024dc                USART3_IRQHandler
 .text.uart_put_char
                0x080024e8       0x2e build/uart_com.o
                0x080024e8                uart_put_char
 *fill*         0x08002516        0x2 
 .text.Reset_Handler
                0x08002518       0x44 build/startup_stm32f10x_md.o
                0x08002518                Reset_Handler
 .text.Default_Handler
                0x0800255c        0x2 build/startup_stm32f10x_md.o
                0x0800255c                EXTI2_IRQHandler
                0x0800255c                TIM1_CC_IRQHandler
                0x0800255c                PVD_IRQHandler
                0x0800255c                EXTI3_IRQHandler
                0x0800255c                EXTI0_IRQHandler
                0x0800255c                I2C2_EV_IRQHandler
                0x0800255c                ADC1_2_IRQHandler
                0x0800255c                SPI1_IRQHandler
                0x0800255c                TAMPER_IRQHandler
                0x0800255c                DMA1_Channel4_IRQHandler
                0x0800255c                RTC_IRQHandler
                0x0800255c                DMA1_Channel7_IRQHandler
                0x0800255c                CAN1_RX1_IRQHandler
                0x0800255c                TIM4_IRQHandler
                0x0800255c                I2C1_EV_IRQHandler
                0x0800255c                DMA1_Channel6_IRQHandler
                0x0800255c                RCC_IRQHandler
                0x0800255c                TIM1_TRG_COM_IRQHandler
                0x0800255c                DMA1_Channel1_IRQHandler
                0x0800255c                Default_Handler
                0x0800255c                EXTI15_10_IRQHandler
                0x0800255c                EXTI9_5_IRQHandler
                0x0800255c                SPI2_IRQHandler
                0x0800255c                DMA1_Channel5_IRQHandler
                0x0800255c                EXTI4_IRQHandler
                0x0800255c                USB_LP_CAN1_RX0_IRQHandler
                0x0800255c                USB_HP_CAN1_TX_IRQHandler
                0x0800255c                DMA1_Channel3_IRQHandler
                0x0800255c                TIM1_UP_IRQHandler
                0x0800255c                WWDG_IRQHandler
                0x0800255c                TIM1_BRK_IRQHandler
                0x0800255c                EXTI1_IRQHandler
                0x0800255c                RTCAlarm_IRQHandler
                0x0800255c                I2C2_ER_IRQHandler
                0x0800255c                DMA1_Channel2_IRQHandler
                0x0800255c                CAN1_SCE_IRQHandler
                0x0800255c                FLASH_IRQHandler
                0x0800255c                I2C1_ER_IRQHandler
                0x0800255c                USBWakeUp_IRQHandler
 *(.glue_7)
 .glue_7        0x0800255e        0x0 linker stubs
 *(.glue_7t)
 .glue_7t       0x0800255e        0x0 linker stubs
 *(.eh_frame)
 *fill*         0x0800255e        0x2 
 .eh_frame      0x08002560        0x0 c:/arm-opt/gcc-arm-none-eabi-10.3-2021.10/bin/../lib/gcc/arm-none-eabi/10.3.1/thumb/v7-m/nofp/crtbegin.o
 *(.init)
 .init          0x08002560        0x4 c:/arm-opt/gcc-arm-none-eabi-10.3-2021.10/bin/../lib/gcc/arm-none-eabi/10.3.1/thumb/v7-m/nofp/crti.o
                0x08002560                _init
 .init          0x08002564        0x8 c:/arm-opt/gcc-arm-none-eabi-10.3-2021.10/bin/../lib/gcc/arm-none-eabi/10.3.1/thumb/v7-m/nofp/crtn.o
 *(.fini)
 .fini          0x0800256c        0x4 c:/arm-opt/gcc-arm-none-eabi-10.3-2021.10/bin/../lib/gcc/arm-none-eabi/10.3.1/thumb/v7-m/nofp/crti.o
                0x0800256c                _fini
 .fini          0x08002570        0x8 c:/arm-opt/gcc-arm-none-eabi-10.3-2021.10/bin/../lib/gcc/arm-none-eabi/10.3.1/thumb/v7-m/nofp/crtn.o
                0x08002578                . = ALIGN (0x4)
                0x08002578                _etext = .

.vfp11_veneer   0x08002578        0x0
 .vfp11_veneer  0x08002578        0x0 linker stubs

.v4_bx          0x08002578        0x0
 .v4_bx         0x08002578        0x0 linker stubs

.iplt           0x08002578        0x0
 .iplt          0x08002578        0x0 c:/arm-opt/gcc-arm-none-eabi-10.3-2021.10/bin/../lib/gcc/arm-none-eabi/10.3.1/thumb/v7-m/nofp/crtbegin.o

.rodata         0x08002578       0xbc
                0x08002578                . = ALIGN (0x4)
 *(.rodata)
 .rodata        0x08002578       0x78 build/keypad.o
 .rodata        0x080025f0       0x38 build/system-task.o
 .rodata        0x08002628        0xc build/system.o
 *(.rodata*)
                0x08002634                . = ALIGN (0x4)

.ARM.extab
 *(.ARM.extab* .gnu.linkonce.armextab.*)

.ARM            0x08002634        0x8
                0x08002634                __exidx_start = .
 *(.ARM.exidx*)
 .ARM.exidx     0x08002634        0x8 c:/arm-opt/gcc-arm-none-eabi-10.3-2021.10/bin/../lib/gcc/arm-none-eabi/10.3.1/thumb/v7-m/nofp\libgcc.a(_udivmoddi4.o)
                0x0800263c                __exidx_end = .

.rel.dyn        0x0800263c        0x0
 .rel.iplt      0x0800263c        0x0 c:/arm-opt/gcc-arm-none-eabi-10.3-2021.10/bin/../lib/gcc/arm-none-eabi/10.3.1/thumb/v7-m/nofp/crtbegin.o

.preinit_array  0x0800263c        0x0
                0x0800263c                PROVIDE (__preinit_array_start = .)
 *(.preinit_array*)
                0x0800263c                PROVIDE (__preinit_array_end = .)

.init_array     0x0800263c        0x4
                0x0800263c                PROVIDE (__init_array_start = .)
 *(SORT_BY_NAME(.init_array.*))
 *(.init_array*)
 .init_array    0x0800263c        0x4 c:/arm-opt/gcc-arm-none-eabi-10.3-2021.10/bin/../lib/gcc/arm-none-eabi/10.3.1/thumb/v7-m/nofp/crtbegin.o
                0x08002640                PROVIDE (__init_array_end = .)

.fini_array     0x08002640        0x4
                [!provide]                PROVIDE (__fini_array_start = .)
 *(SORT_BY_NAME(.fini_array.*))
 *(.fini_array*)
 .fini_array    0x08002640        0x4 c:/arm-opt/gcc-arm-none-eabi-10.3-2021.10/bin/../lib/gcc/arm-none-eabi/10.3.1/thumb/v7-m/nofp/crtbegin.o
                [!provide]                PROVIDE (__fini_array_end = .)
                0x08002644                _sidata = LOADADDR (.data)

.data           0x20000000      0x130 load address 0x08002644
                0x20000000                . = ALIGN (0x4)
                0x20000000                _sdata = .
 *(.data)
 *(.data*)
 .data.APBAHBPrescTable
                0x20000000       0x10 build/stm32f10x_rcc.o
 .data.ADCPrescTable
                0x20000010        0x4 build/stm32f10x_rcc.o
 .data.SystemCoreClock
                0x20000014        0x4 build/system_stm32f10x.o
                0x20000014                SystemCoreClock
 .data.blink_led
                0x20000018        0x8 build/init.o
                0x20000018                blink_led
 .data.pilot_en
                0x20000020        0x8 build/init.o
                0x20000020                pilot_en
 .data.pilot_db
                0x20000028       0x40 build/init.o
                0x20000028                pilot_db
 .data.rly      0x20000068       0x30 build/init.o
                0x20000068                rly
 .data.lcd_db   0x20000098       0x40 build/lcd.o
                0x20000098                lcd_db
 .data.lcd_rs   0x200000d8        0x8 build/lcd.o
                0x200000d8                lcd_rs
 .data.lcd_en   0x200000e0        0x8 build/lcd.o
                0x200000e0                lcd_en
 .data.keypad_en
                0x200000e8        0x8 build/keypad.o
                0x200000e8                keypad_en
 .data.keypad_port
                0x200000f0       0x40 build/keypad.o
                0x200000f0                keypad_port
                0x20000130                . = ALIGN (0x4)
                0x20000130                _edata = .

.igot.plt       0x20000130        0x0 load address 0x08002774
 .igot.plt      0x20000130        0x0 c:/arm-opt/gcc-arm-none-eabi-10.3-2021.10/bin/../lib/gcc/arm-none-eabi/10.3.1/thumb/v7-m/nofp/crtbegin.o
                0x20000130                . = ALIGN (0x4)

.bss            0x20000130       0xa4 load address 0x08002774
                0x20000130                _sbss = .
                0x20000130                __bss_start__ = _sbss
 *(.bss)
 .bss           0x20000130       0x1c c:/arm-opt/gcc-arm-none-eabi-10.3-2021.10/bin/../lib/gcc/arm-none-eabi/10.3.1/thumb/v7-m/nofp/crtbegin.o
 *(.bss*)
 .bss.TimingDelay
                0x2000014c        0x4 build/init.o
                0x2000014c                TimingDelay
 .bss.lcd_update
                0x20000150        0x1 build/init.o
                0x20000150                lcd_update
 .bss.blink_update
                0x20000151        0x1 build/init.o
                0x20000151                blink_update
 *fill*         0x20000152        0x2 
 .bss.pilots    0x20000154        0x1 build/init.o
                0x20000154                pilots
 *fill*         0x20000155        0x3 
 .bss.relays    0x20000158        0x1 build/init.o
                0x20000158                relays
 .bss.lcd_line_cnt
                0x20000159        0x1 build/lcd.o
                0x20000159                lcd_line_cnt
 .bss.lcd_col_cnt
                0x2000015a        0x1 build/lcd.o
                0x2000015a                lcd_col_cnt
 *fill*         0x2000015b        0x1 
 .bss.lcd_coord
                0x2000015c        0x2 build/lcd.o
                0x2000015c                lcd_coord
 *fill*         0x2000015e        0x2 
 .bss.key_val   0x20000160        0x1 build/keypad.o
                0x20000160                key_val
 .bss.keypad_unpressed_mask
                0x20000161        0x1 build/keypad.o
                0x20000161                keypad_unpressed_mask
 .bss.keypad_state
                0x20000162        0x1 build/system-task.o
                0x20000162                keypad_state
 *fill*         0x20000163        0x1 
 .bss.keypad_ticks
                0x20000164        0x4 build/system-task.o
                0x20000164                keypad_ticks
 .bss.keypad_debounce_cnt
                0x20000168        0x4 build/system-task.o
                0x20000168                keypad_debounce_cnt
 .bss.lcd_state
                0x2000016c        0x1 build/system-task.o
                0x2000016c                lcd_state
 *fill*         0x2000016d        0x3 
 .bss.lcd_ticks
                0x20000170        0x4 build/system-task.o
                0x20000170                lcd_ticks
 .bss.pilot_state
                0x20000174        0x1 build/system-task.o
                0x20000174                pilot_state
 *fill*         0x20000175        0x3 
 .bss.pilot_ticks
                0x20000178        0x4 build/system-task.o
                0x20000178                pilot_ticks
 .bss.rtc_state
                0x2000017c        0x1 build/system-task.o
                0x2000017c                rtc_state
 *fill*         0x2000017d        0x3 
 .bss.rtc_ticks
                0x20000180        0x4 build/system-task.o
                0x20000180                rtc_ticks
 .bss.systemticks
                0x20000184        0x4 build/system.o
                0x20000184                systemticks
 .bss.is_tick   0x20000188        0x1 build/system.o
                0x20000188                is_tick
 *fill*         0x20000189        0x3 
 .bss.logout_timeout
                0x2000018c        0x2 build/system.o
                0x2000018c                logout_timeout
 *fill*         0x2000018e        0x2 
 .bss.rx_buffer
                0x20000190       0x40 build/uart.o
                0x20000190                rx_buffer
 .bss.rx_buffer_length
                0x200001d0        0x1 build/uart.o
                0x200001d0                rx_buffer_length
 .bss.buffer_overflow
                0x200001d1        0x1 build/uart.o
                0x200001d1                buffer_overflow
 *(COMMON)
                0x200001d4                . = ALIGN (0x4)
 *fill*         0x200001d2        0x2 
                0x200001d4                _ebss = .
                0x200001d4                __bss_end__ = _ebss

._user_heap_stack
                0x200001d4      0x100 load address 0x08002774
                0x200001d4                . = ALIGN (0x4)
                0x200001d4                PROVIDE (end = .)
                [!provide]                PROVIDE (_end = .)
                0x200001d4                . = (. + _Min_Heap_Size)
                0x200002d4                . = (. + _Min_Stack_Size)
 *fill*         0x200001d4      0x100 
                0x200002d4                . = ALIGN (0x4)

.memory_b1_text
 *(.mb1text)
 *(.mb1text*)
 *(.mb1rodata)
 *(.mb1rodata*)

/DISCARD/
 libc.a(*)
 libm.a(*)
 libgcc.a(*)

.ARM.attributes
                0x00000000       0x29
 *(.ARM.attributes)
 .ARM.attributes
                0x00000000       0x1d c:/arm-opt/gcc-arm-none-eabi-10.3-2021.10/bin/../lib/gcc/arm-none-eabi/10.3.1/thumb/v7-m/nofp/crti.o
 .ARM.attributes
                0x0000001d       0x2d c:/arm-opt/gcc-arm-none-eabi-10.3-2021.10/bin/../lib/gcc/arm-none-eabi/10.3.1/thumb/v7-m/nofp/crtbegin.o
 .ARM.attributes
                0x0000004a       0x2d build/main.o
 .ARM.attributes
                0x00000077       0x2d build/misc.o
 .ARM.attributes
                0x000000a4       0x2d build/stm32f10x_gpio.o
 .ARM.attributes
                0x000000d1       0x2d build/stm32f10x_rcc.o
 .ARM.attributes
                0x000000fe       0x2d build/stm32f10x_tim.o
 .ARM.attributes
                0x0000012b       0x2d build/stm32f10x_usart.o
 .ARM.attributes
                0x00000158       0x2d build/stm32f10x_it.o
 .ARM.attributes
                0x00000185       0x2d build/system_stm32f10x.o
 .ARM.attributes
                0x000001b2       0x2d build/gpio.o
 .ARM.attributes
                0x000001df       0x2d build/init.o
 .ARM.attributes
                0x0000020c       0x2d build/lcd.o
 .ARM.attributes
                0x00000239       0x2d build/keypad.o
 .ARM.attributes
                0x00000266       0x2d build/system-task.o
 .ARM.attributes
                0x00000293       0x2d build/system.o
 .ARM.attributes
                0x000002c0       0x2d build/TIM.o
 .ARM.attributes
                0x000002ed       0x2d build/uart.o
 .ARM.attributes
                0x0000031a       0x2d build/uart_com.o
 .ARM.attributes
                0x00000347       0x21 build/startup_stm32f10x_md.o
 .ARM.attributes
                0x00000368       0x17 c:/arm-opt/gcc-arm-none-eabi-10.3-2021.10/bin/../lib/gcc/arm-none-eabi/10.3.1/../../../../arm-none-eabi/lib/thumb/v7-m/nofp\libc_nano.a(lib_a-strlen.o)
 .ARM.attributes
                0x0000037f       0x1d c:/arm-opt/gcc-arm-none-eabi-10.3-2021.10/bin/../lib/gcc/arm-none-eabi/10.3.1/thumb/v7-m/nofp\libgcc.a(_aeabi_uldivmod.o)
 .ARM.attributes
                0x0000039c       0x2d c:/arm-opt/gcc-arm-none-eabi-10.3-2021.10/bin/../lib/gcc/arm-none-eabi/10.3.1/thumb/v7-m/nofp\libgcc.a(_udivmoddi4.o)
 .ARM.attributes
                0x000003c9       0x1d c:/arm-opt/gcc-arm-none-eabi-10.3-2021.10/bin/../lib/gcc/arm-none-eabi/10.3.1/thumb/v7-m/nofp\libgcc.a(_dvmd_tls.o)
 .ARM.attributes
                0x000003e6       0x1d c:/arm-opt/gcc-arm-none-eabi-10.3-2021.10/bin/../lib/gcc/arm-none-eabi/10.3.1/thumb/v7-m/nofp/crtn.o
OUTPUT(build/STM32F103_IMU6050App.elf elf32-littlearm)
LOAD linker stubs
LOAD c:/arm-opt/gcc-arm-none-eabi-10.3-2021.10/bin/../lib/gcc/arm-none-eabi/10.3.1/../../../../arm-none-eabi/lib/thumb/v7-m/nofp\libc.a
LOAD c:/arm-opt/gcc-arm-none-eabi-10.3-2021.10/bin/../lib/gcc/arm-none-eabi/10.3.1/../../../../arm-none-eabi/lib/thumb/v7-m/nofp\libm.a
LOAD c:/arm-opt/gcc-arm-none-eabi-10.3-2021.10/bin/../lib/gcc/arm-none-eabi/10.3.1/thumb/v7-m/nofp\libgcc.a

.debug_info     0x00000000     0xb653
 .debug_info    0x00000000       0xab build/main.o
 .debug_info    0x000000ab      0x57f build/misc.o
 .debug_info    0x0000062a      0x7ae build/stm32f10x_gpio.o
 .debug_info    0x00000dd8      0x9b9 build/stm32f10x_rcc.o
 .debug_info    0x00001791     0x2035 build/stm32f10x_tim.o
 .debug_info    0x000037c6      0xb2e build/stm32f10x_usart.o
 .debug_info    0x000042f4      0x185 build/stm32f10x_it.o
 .debug_info    0x00004479      0x4de build/system_stm32f10x.o
 .debug_info    0x00004957      0x550 build/gpio.o
 .debug_info    0x00004ea7      0x776 build/init.o
 .debug_info    0x0000561d     0x2c6e build/lcd.o
 .debug_info    0x0000828b      0x8f8 build/keypad.o
 .debug_info    0x00008b83      0x7ea build/system-task.o
 .debug_info    0x0000936d      0x9e5 build/system.o
 .debug_info    0x00009d52      0x7e3 build/TIM.o
 .debug_info    0x0000a535      0x920 build/uart.o
 .debug_info    0x0000ae55      0x7dc build/uart_com.o
 .debug_info    0x0000b631       0x22 build/startup_stm32f10x_md.o

.debug_abbrev   0x00000000     0x2004
 .debug_abbrev  0x00000000       0x4b build/main.o
 .debug_abbrev  0x0000004b      0x164 build/misc.o
 .debug_abbrev  0x000001af      0x1ee build/stm32f10x_gpio.o
 .debug_abbrev  0x0000039d      0x1d8 build/stm32f10x_rcc.o
 .debug_abbrev  0x00000575      0x1ce build/stm32f10x_tim.o
 .debug_abbrev  0x00000743      0x196 build/stm32f10x_usart.o
 .debug_abbrev  0x000008d9       0x85 build/stm32f10x_it.o
 .debug_abbrev  0x0000095e      0x1b3 build/system_stm32f10x.o
 .debug_abbrev  0x00000b11      0x1b5 build/gpio.o
 .debug_abbrev  0x00000cc6      0x257 build/init.o
 .debug_abbrev  0x00000f1d      0x3dd build/lcd.o
 .debug_abbrev  0x000012fa      0x280 build/keypad.o
 .debug_abbrev  0x0000157a      0x202 build/system-task.o
 .debug_abbrev  0x0000177c      0x209 build/system.o
 .debug_abbrev  0x00001985      0x1bc build/TIM.o
 .debug_abbrev  0x00001b41      0x2fb build/uart.o
 .debug_abbrev  0x00001e3c      0x1b6 build/uart_com.o
 .debug_abbrev  0x00001ff2       0x12 build/startup_stm32f10x_md.o

.debug_loc      0x00000000     0x7ec4
 .debug_loc     0x00000000       0x2c build/main.o
 .debug_loc     0x0000002c      0x1cc build/misc.o
 .debug_loc     0x000001f8      0x63c build/stm32f10x_gpio.o
 .debug_loc     0x00000834      0xb2c build/stm32f10x_rcc.o
 .debug_loc     0x00001360     0x2060 build/stm32f10x_tim.o
 .debug_loc     0x000033c0      0xa54 build/stm32f10x_usart.o
 .debug_loc     0x00003e14      0x1ec build/stm32f10x_it.o
 .debug_loc     0x00004000      0x110 build/system_stm32f10x.o
 .debug_loc     0x00004110      0x3b8 build/gpio.o
 .debug_loc     0x000044c8      0x2a0 build/init.o
 .debug_loc     0x00004768     0x2724 build/lcd.o
 .debug_loc     0x00006e8c      0x310 build/keypad.o
 .debug_loc     0x0000719c      0x1e8 build/system-task.o
 .debug_loc     0x00007384      0x174 build/system.o
 .debug_loc     0x000074f8      0x160 build/TIM.o
 .debug_loc     0x00007658      0x604 build/uart.o
 .debug_loc     0x00007c5c      0x268 build/uart_com.o

.debug_aranges  0x00000000      0xe50
 .debug_aranges
                0x00000000       0x20 build/main.o
 .debug_aranges
                0x00000020       0x40 build/misc.o
 .debug_aranges
                0x00000060       0xa8 build/stm32f10x_gpio.o
 .debug_aranges
                0x00000108      0x118 build/stm32f10x_rcc.o
 .debug_aranges
                0x00000220      0x2f0 build/stm32f10x_tim.o
 .debug_aranges
                0x00000510      0x100 build/stm32f10x_usart.o
 .debug_aranges
                0x00000610       0x60 build/stm32f10x_it.o
 .debug_aranges
                0x00000670       0x38 build/system_stm32f10x.o
 .debug_aranges
                0x000006a8       0x70 build/gpio.o
 .debug_aranges
                0x00000718       0x60 build/init.o
 .debug_aranges
                0x00000778      0x440 build/lcd.o
 .debug_aranges
                0x00000bb8       0x88 build/keypad.o
 .debug_aranges
                0x00000c40       0x50 build/system-task.o
 .debug_aranges
                0x00000c90       0x48 build/system.o
 .debug_aranges
                0x00000cd8       0x40 build/TIM.o
 .debug_aranges
                0x00000d18       0xb8 build/uart.o
 .debug_aranges
                0x00000dd0       0x58 build/uart_com.o
 .debug_aranges
                0x00000e28       0x28 build/startup_stm32f10x_md.o

.debug_ranges   0x00000000      0xd38
 .debug_ranges  0x00000000       0x10 build/main.o
 .debug_ranges  0x00000010       0x30 build/misc.o
 .debug_ranges  0x00000040       0x98 build/stm32f10x_gpio.o
 .debug_ranges  0x000000d8      0x108 build/stm32f10x_rcc.o
 .debug_ranges  0x000001e0      0x2e0 build/stm32f10x_tim.o
 .debug_ranges  0x000004c0       0xf0 build/stm32f10x_usart.o
 .debug_ranges  0x000005b0       0x50 build/stm32f10x_it.o
 .debug_ranges  0x00000600       0x28 build/system_stm32f10x.o
 .debug_ranges  0x00000628       0x60 build/gpio.o
 .debug_ranges  0x00000688       0x50 build/init.o
 .debug_ranges  0x000006d8      0x430 build/lcd.o
 .debug_ranges  0x00000b08       0x78 build/keypad.o
 .debug_ranges  0x00000b80       0x40 build/system-task.o
 .debug_ranges  0x00000bc0       0x38 build/system.o
 .debug_ranges  0x00000bf8       0x30 build/TIM.o
 .debug_ranges  0x00000c28       0xa8 build/uart.o
 .debug_ranges  0x00000cd0       0x48 build/uart_com.o
 .debug_ranges  0x00000d18       0x20 build/startup_stm32f10x_md.o

.debug_macro    0x00000000    0x127ac
 .debug_macro   0x00000000      0x461 build/main.o
 .debug_macro   0x00000461      0xa66 build/main.o
 .debug_macro   0x00000ec7       0x5c build/main.o
 .debug_macro   0x00000f23       0x22 build/main.o
 .debug_macro   0x00000f45       0x22 build/main.o
 .debug_macro   0x00000f67       0x8e build/main.o
 .debug_macro   0x00000ff5       0x51 build/main.o
 .debug_macro   0x00001046      0x103 build/main.o
 .debug_macro   0x00001149       0x6a build/main.o
 .debug_macro   0x000011b3      0x1df build/main.o
 .debug_macro   0x00001392      0x69f build/main.o
 .debug_macro   0x00001a31     0x7eb3 build/main.o
 .debug_macro   0x000098e4      0x2de build/main.o
 .debug_macro   0x00009bc2      0x144 build/main.o
 .debug_macro   0x00009d06      0x3cf build/main.o
 .debug_macro   0x0000a0d5       0xc8 build/main.o
 .debug_macro   0x0000a19d      0x179 build/main.o
 .debug_macro   0x0000a316       0xac build/main.o
 .debug_macro   0x0000a3c2      0x3ad build/main.o
 .debug_macro   0x0000a76f       0x9a build/main.o
 .debug_macro   0x0000a809      0x2ce build/main.o
 .debug_macro   0x0000aad7      0x279 build/main.o
 .debug_macro   0x0000ad50      0x2ab build/main.o
 .debug_macro   0x0000affb      0x2b1 build/main.o
 .debug_macro   0x0000b2ac       0x64 build/main.o
 .debug_macro   0x0000b310       0x82 build/main.o
 .debug_macro   0x0000b392      0x3e2 build/main.o
 .debug_macro   0x0000b774       0x58 build/main.o
 .debug_macro   0x0000b7cc      0x341 build/main.o
 .debug_macro   0x0000bb0d      0x2c3 build/main.o
 .debug_macro   0x0000bdd0      0x711 build/main.o
 .debug_macro   0x0000c4e1      0x226 build/main.o
 .debug_macro   0x0000c707       0x34 build/main.o
 .debug_macro   0x0000c73b       0x8a build/main.o
 .debug_macro   0x0000c7c5       0x35 build/main.o
 .debug_macro   0x0000c7fa       0x18 build/main.o
 .debug_macro   0x0000c812       0x52 build/main.o
 .debug_macro   0x0000c864       0x3c build/main.o
 .debug_macro   0x0000c8a0       0x34 build/main.o
 .debug_macro   0x0000c8d4       0x16 build/main.o
 .debug_macro   0x0000c8ea      0x10e build/main.o
 .debug_macro   0x0000c9f8       0x8d build/main.o
 .debug_macro   0x0000ca85       0x16 build/main.o
 .debug_macro   0x0000ca9b       0x43 build/main.o
 .debug_macro   0x0000cade       0x34 build/main.o
 .debug_macro   0x0000cb12       0x10 build/main.o
 .debug_macro   0x0000cb22       0x58 build/main.o
 .debug_macro   0x0000cb7a       0x71 build/main.o
 .debug_macro   0x0000cbeb       0x1c build/main.o
 .debug_macro   0x0000cc07      0x12a build/main.o
 .debug_macro   0x0000cd31      0x341 build/main.o
 .debug_macro   0x0000d072       0x16 build/main.o
 .debug_macro   0x0000d088       0x29 build/main.o
 .debug_macro   0x0000d0b1       0x1c build/main.o
 .debug_macro   0x0000d0cd       0x35 build/main.o
 .debug_macro   0x0000d102       0x10 build/main.o
 .debug_macro   0x0000d112       0x10 build/main.o
 .debug_macro   0x0000d122       0x1c build/main.o
 .debug_macro   0x0000d13e       0x52 build/main.o
 .debug_macro   0x0000d190       0x22 build/main.o
 .debug_macro   0x0000d1b2       0x10 build/main.o
 .debug_macro   0x0000d1c2       0x52 build/main.o
 .debug_macro   0x0000d214       0xd5 build/main.o
 .debug_macro   0x0000d2e9       0x1c build/main.o
 .debug_macro   0x0000d305       0x3d build/main.o
 .debug_macro   0x0000d342       0x16 build/main.o
 .debug_macro   0x0000d358      0x145 build/main.o
 .debug_macro   0x0000d49d       0x4c build/main.o
 .debug_macro   0x0000d4e9      0x119 build/main.o
 .debug_macro   0x0000d602       0x10 build/main.o
 .debug_macro   0x0000d612      0x460 build/main.o
 .debug_macro   0x0000da72       0x22 build/main.o
 .debug_macro   0x0000da94       0x7c build/main.o
 .debug_macro   0x0000db10       0x17 build/main.o
 .debug_macro   0x0000db27      0x118 build/main.o
 .debug_macro   0x0000dc3f      0x19b build/main.o
 .debug_macro   0x0000ddda       0x16 build/main.o
 .debug_macro   0x0000ddf0       0x40 build/main.o
 .debug_macro   0x0000de30       0x5e build/main.o
 .debug_macro   0x0000de8e       0x34 build/main.o
 .debug_macro   0x0000dec2       0x4d build/main.o
 .debug_macro   0x0000df0f      0x125 build/main.o
 .debug_macro   0x0000e034       0x22 build/main.o
 .debug_macro   0x0000e056      0x18b build/misc.o
 .debug_macro   0x0000e1e1       0x84 build/misc.o
 .debug_macro   0x0000e265      0x1d3 build/stm32f10x_gpio.o
 .debug_macro   0x0000e438      0x2a5 build/stm32f10x_gpio.o
 .debug_macro   0x0000e6dd      0x2a1 build/stm32f10x_rcc.o
 .debug_macro   0x0000e97e      0x3dc build/stm32f10x_rcc.o
 .debug_macro   0x0000ed5a      0x19d build/stm32f10x_tim.o
 .debug_macro   0x0000eef7      0x70b build/stm32f10x_tim.o
 .debug_macro   0x0000f602      0x239 build/stm32f10x_usart.o
 .debug_macro   0x0000f83b      0x220 build/stm32f10x_usart.o
 .debug_macro   0x0000fa5b      0x461 build/stm32f10x_it.o
 .debug_macro   0x0000febc      0x187 build/system_stm32f10x.o
 .debug_macro   0x00010043      0x461 build/gpio.o
 .debug_macro   0x000104a4      0x461 build/init.o
 .debug_macro   0x00010905      0x461 build/lcd.o
 .debug_macro   0x00010d66      0x461 build/keypad.o
 .debug_macro   0x000111c7      0x461 build/system-task.o
 .debug_macro   0x00011628      0x461 build/system.o
 .debug_macro   0x00011a89      0x461 build/TIM.o
 .debug_macro   0x00011eea      0x461 build/uart.o
 .debug_macro   0x0001234b      0x461 build/uart_com.o

.debug_line     0x00000000     0xafad
 .debug_line    0x00000000      0x7ab build/main.o
 .debug_line    0x000007ab      0x54c build/misc.o
 .debug_line    0x00000cf7      0x834 build/stm32f10x_gpio.o
 .debug_line    0x0000152b      0x9d0 build/stm32f10x_rcc.o
 .debug_line    0x00001efb     0x1442 build/stm32f10x_tim.o
 .debug_line    0x0000333d      0x967 build/stm32f10x_usart.o
 .debug_line    0x00003ca4      0x879 build/stm32f10x_it.o
 .debug_line    0x0000451d      0x5c0 build/system_stm32f10x.o
 .debug_line    0x00004add      0x9a9 build/gpio.o
 .debug_line    0x00005486      0x96a build/init.o
 .debug_line    0x00005df0     0x18dd build/lcd.o
 .debug_line    0x000076cd      0x9c1 build/keypad.o
 .debug_line    0x0000808e      0x8e6 build/system-task.o
 .debug_line    0x00008974      0x8e6 build/system.o
 .debug_line    0x0000925a      0x880 build/TIM.o
 .debug_line    0x00009ada      0xafd build/uart.o
 .debug_line    0x0000a5d7      0x958 build/uart_com.o
 .debug_line    0x0000af2f       0x7e build/startup_stm32f10x_md.o

.debug_str      0x00000000    0x58668
 .debug_str     0x00000000    0x5442e build/main.o
                              0x546d4 (size before relaxing)
 .debug_str     0x0005442e      0x2a9 build/misc.o
                              0x4d9dd (size before relaxing)
 .debug_str     0x000546d7      0x5d1 build/stm32f10x_gpio.o
                              0x4dd55 (size before relaxing)
 .debug_str     0x00054ca8      0xb6a build/stm32f10x_rcc.o
                              0x4e33b (size before relaxing)
 .debug_str     0x00055812      0xc26 build/stm32f10x_tim.o
                              0x4e459 (size before relaxing)
 .debug_str     0x00056438      0x801 build/stm32f10x_usart.o
                              0x4e065 (size before relaxing)
 .debug_str     0x00056c39       0xaf build/stm32f10x_it.o
                              0x54797 (size before relaxing)
 .debug_str     0x00056ce8       0xc3 build/system_stm32f10x.o
                              0x4d8f1 (size before relaxing)
 .debug_str     0x00056dab      0x213 build/gpio.o
                              0x54a49 (size before relaxing)
 .debug_str     0x00056fbe      0x180 build/init.o
                              0x54b3c (size before relaxing)
 .debug_str     0x0005713e      0xba5 build/lcd.o
                              0x55573 (size before relaxing)
 .debug_str     0x00057ce3      0x175 build/keypad.o
                              0x54bb2 (size before relaxing)
 .debug_str     0x00057e58      0x1e7 build/system-task.o
                              0x54a02 (size before relaxing)
 .debug_str     0x0005803f      0x35b build/system.o
                              0x54d1c (size before relaxing)
 .debug_str     0x0005839a       0x4a build/TIM.o
                              0x54cdf (size before relaxing)
 .debug_str     0x000583e4      0x1a6 build/uart.o
                              0x549cf (size before relaxing)
 .debug_str     0x0005858a       0xad build/uart_com.o
                              0x54d53 (size before relaxing)
 .debug_str     0x00058637       0x31 build/startup_stm32f10x_md.o
                                 0x91 (size before relaxing)

.comment        0x00000000       0x49
 .comment       0x00000000       0x49 build/main.o
                                 0x4a (size before relaxing)
 .comment       0x00000049       0x4a build/misc.o
 .comment       0x00000049       0x4a build/stm32f10x_gpio.o
 .comment       0x00000049       0x4a build/stm32f10x_rcc.o
 .comment       0x00000049       0x4a build/stm32f10x_tim.o
 .comment       0x00000049       0x4a build/stm32f10x_usart.o
 .comment       0x00000049       0x4a build/stm32f10x_it.o
 .comment       0x00000049       0x4a build/system_stm32f10x.o
 .comment       0x00000049       0x4a build/gpio.o
 .comment       0x00000049       0x4a build/init.o
 .comment       0x00000049       0x4a build/lcd.o
 .comment       0x00000049       0x4a build/keypad.o
 .comment       0x00000049       0x4a build/system-task.o
 .comment       0x00000049       0x4a build/system.o
 .comment       0x00000049       0x4a build/TIM.o
 .comment       0x00000049       0x4a build/uart.o
 .comment       0x00000049       0x4a build/uart_com.o

.debug_frame    0x00000000     0x3bf8
 .debug_frame   0x00000000       0x2c build/main.o
 .debug_frame   0x0000002c       0xd8 build/misc.o
 .debug_frame   0x00000104      0x2d0 build/stm32f10x_gpio.o
 .debug_frame   0x000003d4      0x4f4 build/stm32f10x_rcc.o
 .debug_frame   0x000008c8      0xe2c build/stm32f10x_tim.o
 .debug_frame   0x000016f4      0x490 build/stm32f10x_usart.o
 .debug_frame   0x00001b84      0x10c build/stm32f10x_it.o
 .debug_frame   0x00001c90       0x98 build/system_stm32f10x.o
 .debug_frame   0x00001d28      0x1b8 build/gpio.o
 .debug_frame   0x00001ee0      0x14c build/init.o
 .debug_frame   0x0000202c     0x1330 build/lcd.o
 .debug_frame   0x0000335c      0x1bc build/keypad.o
 .debug_frame   0x00003518       0xf8 build/system-task.o
 .debug_frame   0x00003610       0xd0 build/system.o
 .debug_frame   0x000036e0       0xb8 build/TIM.o
 .debug_frame   0x00003798      0x2d8 build/uart.o
 .debug_frame   0x00003a70      0x128 build/uart_com.o
 .debug_frame   0x00003b98       0x2c c:/arm-opt/gcc-arm-none-eabi-10.3-2021.10/bin/../lib/gcc/arm-none-eabi/10.3.1/thumb/v7-m/nofp\libgcc.a(_aeabi_uldivmod.o)
 .debug_frame   0x00003bc4       0x34 c:/arm-opt/gcc-arm-none-eabi-10.3-2021.10/bin/../lib/gcc/arm-none-eabi/10.3.1/thumb/v7-m/nofp\libgcc.a(_udivmoddi4.o)

Cross Reference Table

Symbol                                            File
ADC1_2_IRQHandler                                 build/startup_stm32f10x_md.o
ADC_AnalogWatchdogCmd                             build/stm32f10x_adc.o
ADC_AnalogWatchdogSingleChannelConfig             build/stm32f10x_adc.o
ADC_AnalogWatchdogThresholdsConfig                build/stm32f10x_adc.o
ADC_AutoInjectedConvCmd                           build/stm32f10x_adc.o
ADC_ClearFlag                                     build/stm32f10x_adc.o
ADC_ClearITPendingBit                             build/stm32f10x_adc.o
ADC_Cmd                                           build/stm32f10x_adc.o
ADC_DMACmd                                        build/stm32f10x_adc.o
ADC_DeInit                                        build/stm32f10x_adc.o
ADC_DiscModeChannelCountConfig                    build/stm32f10x_adc.o
ADC_DiscModeCmd                                   build/stm32f10x_adc.o
ADC_ExternalTrigConvCmd                           build/stm32f10x_adc.o
ADC_ExternalTrigInjectedConvCmd                   build/stm32f10x_adc.o
ADC_ExternalTrigInjectedConvConfig                build/stm32f10x_adc.o
ADC_GetCalibrationStatus                          build/stm32f10x_adc.o
ADC_GetConversionValue                            build/stm32f10x_adc.o
ADC_GetDualModeConversionValue                    build/stm32f10x_adc.o
ADC_GetFlagStatus                                 build/stm32f10x_adc.o
ADC_GetITStatus                                   build/stm32f10x_adc.o
ADC_GetInjectedConversionValue                    build/stm32f10x_adc.o
ADC_GetResetCalibrationStatus                     build/stm32f10x_adc.o
ADC_GetSoftwareStartConvStatus                    build/stm32f10x_adc.o
ADC_GetSoftwareStartInjectedConvCmdStatus         build/stm32f10x_adc.o
ADC_ITConfig                                      build/stm32f10x_adc.o
ADC_Init                                          build/stm32f10x_adc.o
ADC_InjectedChannelConfig                         build/stm32f10x_adc.o
ADC_InjectedDiscModeCmd                           build/stm32f10x_adc.o
ADC_InjectedSequencerLengthConfig                 build/stm32f10x_adc.o
ADC_RegularChannelConfig                          build/stm32f10x_adc.o
ADC_ResetCalibration                              build/stm32f10x_adc.o
ADC_SetInjectedOffset                             build/stm32f10x_adc.o
ADC_SoftwareStartConvCmd                          build/stm32f10x_adc.o
ADC_SoftwareStartInjectedConvCmd                  build/stm32f10x_adc.o
ADC_StartCalibration                              build/stm32f10x_adc.o
ADC_StructInit                                    build/stm32f10x_adc.o
ADC_TempSensorVrefintCmd                          build/stm32f10x_adc.o
AHBPrescTable                                     build/system_stm32f10x.o
BKP_ClearFlag                                     build/stm32f10x_bkp.o
BKP_ClearITPendingBit                             build/stm32f10x_bkp.o
BKP_DeInit                                        build/stm32f10x_bkp.o
BKP_GetFlagStatus                                 build/stm32f10x_bkp.o
BKP_GetITStatus                                   build/stm32f10x_bkp.o
BKP_ITConfig                                      build/stm32f10x_bkp.o
BKP_RTCOutputConfig                               build/stm32f10x_bkp.o
BKP_ReadBackupRegister                            build/stm32f10x_bkp.o
BKP_SetRTCCalibrationValue                        build/stm32f10x_bkp.o
BKP_TamperPinCmd                                  build/stm32f10x_bkp.o
BKP_TamperPinLevelConfig                          build/stm32f10x_bkp.o
BKP_WriteBackupRegister                           build/stm32f10x_bkp.o
BlinkTimingDelay                                  build/init.o
BusFault_Handler                                  build/stm32f10x_it.o
CAN1_RX1_IRQHandler                               build/startup_stm32f10x_md.o
CAN1_SCE_IRQHandler                               build/startup_stm32f10x_md.o
CAN_CancelTransmit                                build/stm32f10x_can.o
CAN_ClearFlag                                     build/stm32f10x_can.o
CAN_ClearITPendingBit                             build/stm32f10x_can.o
CAN_DBGFreeze                                     build/stm32f10x_can.o
CAN_DeInit                                        build/stm32f10x_can.o
CAN_FIFORelease                                   build/stm32f10x_can.o
CAN_FilterInit                                    build/stm32f10x_can.o
CAN_GetFlagStatus                                 build/stm32f10x_can.o
CAN_GetITStatus                                   build/stm32f10x_can.o
CAN_GetLSBTransmitErrorCounter                    build/stm32f10x_can.o
CAN_GetLastErrorCode                              build/stm32f10x_can.o
CAN_GetReceiveErrorCounter                        build/stm32f10x_can.o
CAN_ITConfig                                      build/stm32f10x_can.o
CAN_Init                                          build/stm32f10x_can.o
CAN_MessagePending                                build/stm32f10x_can.o
CAN_OperatingModeRequest                          build/stm32f10x_can.o
CAN_Receive                                       build/stm32f10x_can.o
CAN_SlaveStartBank                                build/stm32f10x_can.o
CAN_Sleep                                         build/stm32f10x_can.o
CAN_StructInit                                    build/stm32f10x_can.o
CAN_TTComModeCmd                                  build/stm32f10x_can.o
CAN_Transmit                                      build/stm32f10x_can.o
CAN_TransmitStatus                                build/stm32f10x_can.o
CAN_WakeUp                                        build/stm32f10x_can.o
CEC_ClearFlag                                     build/stm32f10x_cec.o
CEC_ClearITPendingBit                             build/stm32f10x_cec.o
CEC_Cmd                                           build/stm32f10x_cec.o
CEC_DeInit                                        build/stm32f10x_cec.o
CEC_EndOfMessageCmd                               build/stm32f10x_cec.o
CEC_GetFlagStatus                                 build/stm32f10x_cec.o
CEC_GetITStatus                                   build/stm32f10x_cec.o
CEC_ITConfig                                      build/stm32f10x_cec.o
CEC_Init                                          build/stm32f10x_cec.o
CEC_OwnAddressConfig                              build/stm32f10x_cec.o
CEC_ReceiveDataByte                               build/stm32f10x_cec.o
CEC_SendDataByte                                  build/stm32f10x_cec.o
CEC_SetPrescaler                                  build/stm32f10x_cec.o
CEC_StartOfMessage                                build/stm32f10x_cec.o
CRC_CalcBlockCRC                                  build/stm32f10x_crc.o
CRC_CalcCRC                                       build/stm32f10x_crc.o
CRC_GetCRC                                        build/stm32f10x_crc.o
CRC_GetIDRegister                                 build/stm32f10x_crc.o
CRC_ResetDR                                       build/stm32f10x_crc.o
CRC_SetIDRegister                                 build/stm32f10x_crc.o
DAC_Cmd                                           build/stm32f10x_dac.o
DAC_DMACmd                                        build/stm32f10x_dac.o
DAC_DeInit                                        build/stm32f10x_dac.o
DAC_DualSoftwareTriggerCmd                        build/stm32f10x_dac.o
DAC_GetDataOutputValue                            build/stm32f10x_dac.o
DAC_Init                                          build/stm32f10x_dac.o
DAC_SetChannel1Data                               build/stm32f10x_dac.o
DAC_SetChannel2Data                               build/stm32f10x_dac.o
DAC_SetDualChannelData                            build/stm32f10x_dac.o
DAC_SoftwareTriggerCmd                            build/stm32f10x_dac.o
DAC_StructInit                                    build/stm32f10x_dac.o
DAC_WaveGenerationCmd                             build/stm32f10x_dac.o
DBGMCU_Config                                     build/stm32f10x_dbgmcu.o
DBGMCU_GetDEVID                                   build/stm32f10x_dbgmcu.o
DBGMCU_GetREVID                                   build/stm32f10x_dbgmcu.o
DMA1_Channel1_IRQHandler                          build/startup_stm32f10x_md.o
DMA1_Channel2_IRQHandler                          build/startup_stm32f10x_md.o
DMA1_Channel3_IRQHandler                          build/startup_stm32f10x_md.o
DMA1_Channel4_IRQHandler                          build/startup_stm32f10x_md.o
DMA1_Channel5_IRQHandler                          build/startup_stm32f10x_md.o
DMA1_Channel6_IRQHandler                          build/startup_stm32f10x_md.o
DMA1_Channel7_IRQHandler                          build/startup_stm32f10x_md.o
DMA_ClearFlag                                     build/stm32f10x_dma.o
DMA_ClearITPendingBit                             build/stm32f10x_dma.o
DMA_Cmd                                           build/stm32f10x_dma.o
DMA_DeInit                                        build/stm32f10x_dma.o
DMA_GetCurrDataCounter                            build/stm32f10x_dma.o
DMA_GetFlagStatus                                 build/stm32f10x_dma.o
DMA_GetITStatus                                   build/stm32f10x_dma.o
DMA_ITConfig                                      build/stm32f10x_dma.o
DMA_Init                                          build/stm32f10x_dma.o
DMA_SetCurrDataCounter                            build/stm32f10x_dma.o
DMA_StructInit                                    build/stm32f10x_dma.o
DebugMon_Handler                                  build/stm32f10x_it.o
Default_Handler                                   build/startup_stm32f10x_md.o
EXTI0_IRQHandler                                  build/startup_stm32f10x_md.o
EXTI15_10_IRQHandler                              build/startup_stm32f10x_md.o
EXTI1_IRQHandler                                  build/startup_stm32f10x_md.o
EXTI2_IRQHandler                                  build/startup_stm32f10x_md.o
EXTI3_IRQHandler                                  build/startup_stm32f10x_md.o
EXTI4_IRQHandler                                  build/startup_stm32f10x_md.o
EXTI9_5_IRQHandler                                build/startup_stm32f10x_md.o
EXTI_ClearFlag                                    build/stm32f10x_exti.o
EXTI_ClearITPendingBit                            build/stm32f10x_exti.o
EXTI_DeInit                                       build/stm32f10x_exti.o
EXTI_GenerateSWInterrupt                          build/stm32f10x_exti.o
EXTI_GetFlagStatus                                build/stm32f10x_exti.o
EXTI_GetITStatus                                  build/stm32f10x_exti.o
EXTI_Init                                         build/stm32f10x_exti.o
EXTI_StructInit                                   build/stm32f10x_exti.o
FLASH_ClearFlag                                   build/stm32f10x_flash.o
FLASH_EnableWriteProtection                       build/stm32f10x_flash.o
FLASH_EraseAllBank1Pages                          build/stm32f10x_flash.o
FLASH_EraseAllPages                               build/stm32f10x_flash.o
FLASH_EraseOptionBytes                            build/stm32f10x_flash.o
FLASH_ErasePage                                   build/stm32f10x_flash.o
FLASH_GetBank1Status                              build/stm32f10x_flash.o
FLASH_GetFlagStatus                               build/stm32f10x_flash.o
FLASH_GetPrefetchBufferStatus                     build/stm32f10x_flash.o
FLASH_GetReadOutProtectionStatus                  build/stm32f10x_flash.o
FLASH_GetStatus                                   build/stm32f10x_flash.o
FLASH_GetUserOptionByte                           build/stm32f10x_flash.o
FLASH_GetWriteProtectionOptionByte                build/stm32f10x_flash.o
FLASH_HalfCycleAccessCmd                          build/stm32f10x_flash.o
FLASH_IRQHandler                                  build/startup_stm32f10x_md.o
FLASH_ITConfig                                    build/stm32f10x_flash.o
FLASH_Lock                                        build/stm32f10x_flash.o
FLASH_LockBank1                                   build/stm32f10x_flash.o
FLASH_PrefetchBufferCmd                           build/stm32f10x_flash.o
FLASH_ProgramHalfWord                             build/stm32f10x_flash.o
FLASH_ProgramOptionByteData                       build/stm32f10x_flash.o
FLASH_ProgramWord                                 build/stm32f10x_flash.o
FLASH_ReadOutProtection                           build/stm32f10x_flash.o
FLASH_SetLatency                                  build/stm32f10x_flash.o
FLASH_Unlock                                      build/stm32f10x_flash.o
FLASH_UnlockBank1                                 build/stm32f10x_flash.o
FLASH_UserOptionByteConfig                        build/stm32f10x_flash.o
FLASH_WaitForLastBank1Operation                   build/stm32f10x_flash.o
FLASH_WaitForLastOperation                        build/stm32f10x_flash.o
FSMC_ClearFlag                                    build/stm32f10x_fsmc.o
FSMC_ClearITPendingBit                            build/stm32f10x_fsmc.o
FSMC_GetECC                                       build/stm32f10x_fsmc.o
FSMC_GetFlagStatus                                build/stm32f10x_fsmc.o
FSMC_GetITStatus                                  build/stm32f10x_fsmc.o
FSMC_ITConfig                                     build/stm32f10x_fsmc.o
FSMC_NANDCmd                                      build/stm32f10x_fsmc.o
FSMC_NANDDeInit                                   build/stm32f10x_fsmc.o
FSMC_NANDECCCmd                                   build/stm32f10x_fsmc.o
FSMC_NANDInit                                     build/stm32f10x_fsmc.o
FSMC_NANDStructInit                               build/stm32f10x_fsmc.o
FSMC_NORSRAMCmd                                   build/stm32f10x_fsmc.o
FSMC_NORSRAMDeInit                                build/stm32f10x_fsmc.o
FSMC_NORSRAMInit                                  build/stm32f10x_fsmc.o
FSMC_NORSRAMStructInit                            build/stm32f10x_fsmc.o
FSMC_PCCARDCmd                                    build/stm32f10x_fsmc.o
FSMC_PCCARDDeInit                                 build/stm32f10x_fsmc.o
FSMC_PCCARDInit                                   build/stm32f10x_fsmc.o
FSMC_PCCARDStructInit                             build/stm32f10x_fsmc.o
GPIO_AFIODeInit                                   build/stm32f10x_gpio.o
GPIO_DeInit                                       build/stm32f10x_gpio.o
GPIO_ETH_MediaInterfaceConfig                     build/stm32f10x_gpio.o
GPIO_EXTILineConfig                               build/stm32f10x_gpio.o
GPIO_EventOutputCmd                               build/stm32f10x_gpio.o
GPIO_EventOutputConfig                            build/stm32f10x_gpio.o
GPIO_Init                                         build/stm32f10x_gpio.o
                                                  build/uart_com.o
                                                  build/init.o
                                                  build/gpio.o
GPIO_PinLockConfig                                build/stm32f10x_gpio.o
GPIO_PinRemapConfig                               build/stm32f10x_gpio.o
GPIO_ReadInputData                                build/stm32f10x_gpio.o
                                                  build/init.o
GPIO_ReadInputDataBit                             build/stm32f10x_gpio.o
                                                  build/init.o
GPIO_ReadOutputData                               build/stm32f10x_gpio.o
                                                  build/init.o
GPIO_ReadOutputDataBit                            build/stm32f10x_gpio.o
                                                  build/init.o
GPIO_ResetBits                                    build/stm32f10x_gpio.o
                                                  build/init.o
GPIO_SetBits                                      build/stm32f10x_gpio.o
                                                  build/init.o
GPIO_StructInit                                   build/stm32f10x_gpio.o
                                                  build/uart_com.o
                                                  build/init.o
                                                  build/gpio.o
GPIO_Write                                        build/stm32f10x_gpio.o
GPIO_WriteBit                                     build/stm32f10x_gpio.o
                                                  build/init.o
HardFault_Handler                                 build/stm32f10x_it.o
I2C1_ER_IRQHandler                                build/startup_stm32f10x_md.o
I2C1_EV_IRQHandler                                build/startup_stm32f10x_md.o
I2C2_ER_IRQHandler                                build/startup_stm32f10x_md.o
I2C2_EV_IRQHandler                                build/startup_stm32f10x_md.o
I2C_ARPCmd                                        build/stm32f10x_i2c.o
I2C_AcknowledgeConfig                             build/stm32f10x_i2c.o
I2C_CalculatePEC                                  build/stm32f10x_i2c.o
I2C_CheckEvent                                    build/stm32f10x_i2c.o
I2C_ClearFlag                                     build/stm32f10x_i2c.o
I2C_ClearITPendingBit                             build/stm32f10x_i2c.o
I2C_Cmd                                           build/stm32f10x_i2c.o
I2C_DMACmd                                        build/stm32f10x_i2c.o
I2C_DMALastTransferCmd                            build/stm32f10x_i2c.o
I2C_DeInit                                        build/stm32f10x_i2c.o
I2C_DualAddressCmd                                build/stm32f10x_i2c.o
I2C_FastModeDutyCycleConfig                       build/stm32f10x_i2c.o
I2C_GeneralCallCmd                                build/stm32f10x_i2c.o
I2C_GenerateSTART                                 build/stm32f10x_i2c.o
I2C_GenerateSTOP                                  build/stm32f10x_i2c.o
I2C_GetFlagStatus                                 build/stm32f10x_i2c.o
I2C_GetITStatus                                   build/stm32f10x_i2c.o
I2C_GetLastEvent                                  build/stm32f10x_i2c.o
I2C_GetPEC                                        build/stm32f10x_i2c.o
I2C_ITConfig                                      build/stm32f10x_i2c.o
I2C_Init                                          build/stm32f10x_i2c.o
I2C_NACKPositionConfig                            build/stm32f10x_i2c.o
I2C_OwnAddress2Config                             build/stm32f10x_i2c.o
I2C_PECPositionConfig                             build/stm32f10x_i2c.o
I2C_ReadRegister                                  build/stm32f10x_i2c.o
I2C_ReceiveData                                   build/stm32f10x_i2c.o
I2C_SMBusAlertConfig                              build/stm32f10x_i2c.o
I2C_Send7bitAddress                               build/stm32f10x_i2c.o
I2C_SendData                                      build/stm32f10x_i2c.o
I2C_SoftwareResetCmd                              build/stm32f10x_i2c.o
I2C_StretchClockCmd                               build/stm32f10x_i2c.o
I2C_StructInit                                    build/stm32f10x_i2c.o
I2C_TransmitPEC                                   build/stm32f10x_i2c.o
I2S_Cmd                                           build/stm32f10x_spi.o
I2S_Init                                          build/stm32f10x_spi.o
I2S_StructInit                                    build/stm32f10x_spi.o
IWDG_Enable                                       build/stm32f10x_iwdg.o
IWDG_GetFlagStatus                                build/stm32f10x_iwdg.o
IWDG_ReloadCounter                                build/stm32f10x_iwdg.o
IWDG_SetPrescaler                                 build/stm32f10x_iwdg.o
IWDG_SetReload                                    build/stm32f10x_iwdg.o
IWDG_WriteAccessCmd                               build/stm32f10x_iwdg.o
MemManage_Handler                                 build/stm32f10x_it.o
NMI_Handler                                       build/stm32f10x_it.o
NVIC_Init                                         build/misc.o
                                                  build/uart_com.o
                                                  build/TIM.o
NVIC_PriorityGroupConfig                          build/misc.o
                                                  build/system.o
NVIC_SetVectorTable                               build/misc.o
NVIC_SystemLPConfig                               build/misc.o
PVD_IRQHandler                                    build/startup_stm32f10x_md.o
PWR_BackupAccessCmd                               build/stm32f10x_pwr.o
PWR_ClearFlag                                     build/stm32f10x_pwr.o
PWR_DeInit                                        build/stm32f10x_pwr.o
PWR_EnterSTANDBYMode                              build/stm32f10x_pwr.o
PWR_EnterSTOPMode                                 build/stm32f10x_pwr.o
PWR_GetFlagStatus                                 build/stm32f10x_pwr.o
PWR_PVDCmd                                        build/stm32f10x_pwr.o
PWR_PVDLevelConfig                                build/stm32f10x_pwr.o
PWR_WakeUpPinCmd                                  build/stm32f10x_pwr.o
PendSV_Handler                                    build/stm32f10x_it.o
RCC_ADCCLKConfig                                  build/stm32f10x_rcc.o
RCC_AHBPeriphClockCmd                             build/stm32f10x_rcc.o
RCC_APB1PeriphClockCmd                            build/stm32f10x_rcc.o
                                                  build/uart_com.o
                                                  build/TIM.o
RCC_APB1PeriphResetCmd                            build/stm32f10x_rcc.o
                                                  build/stm32f10x_wwdg.o
                                                  build/stm32f10x_usart.o
                                                  build/stm32f10x_tim.o
                                                  build/stm32f10x_spi.o
                                                  build/stm32f10x_pwr.o
                                                  build/stm32f10x_i2c.o
                                                  build/stm32f10x_dac.o
                                                  build/stm32f10x_cec.o
                                                  build/stm32f10x_can.o
RCC_APB2PeriphClockCmd                            build/stm32f10x_rcc.o
                                                  build/uart_com.o
                                                  build/system.o
RCC_APB2PeriphResetCmd                            build/stm32f10x_rcc.o
                                                  build/stm32f10x_usart.o
                                                  build/stm32f10x_tim.o
                                                  build/stm32f10x_spi.o
                                                  build/stm32f10x_gpio.o
                                                  build/stm32f10x_adc.o
RCC_AdjustHSICalibrationValue                     build/stm32f10x_rcc.o
RCC_BackupResetCmd                                build/stm32f10x_rcc.o
                                                  build/stm32f10x_bkp.o
RCC_ClearFlag                                     build/stm32f10x_rcc.o
RCC_ClearITPendingBit                             build/stm32f10x_rcc.o
RCC_ClockSecuritySystemCmd                        build/stm32f10x_rcc.o
RCC_DeInit                                        build/stm32f10x_rcc.o
RCC_GetClocksFreq                                 build/stm32f10x_rcc.o
                                                  build/stm32f10x_usart.o
                                                  build/stm32f10x_spi.o
                                                  build/stm32f10x_i2c.o
RCC_GetFlagStatus                                 build/stm32f10x_rcc.o
RCC_GetITStatus                                   build/stm32f10x_rcc.o
RCC_GetSYSCLKSource                               build/stm32f10x_rcc.o
RCC_HCLKConfig                                    build/stm32f10x_rcc.o
RCC_HSEConfig                                     build/stm32f10x_rcc.o
RCC_HSICmd                                        build/stm32f10x_rcc.o
RCC_IRQHandler                                    build/startup_stm32f10x_md.o
RCC_ITConfig                                      build/stm32f10x_rcc.o
RCC_LSEConfig                                     build/stm32f10x_rcc.o
RCC_LSICmd                                        build/stm32f10x_rcc.o
RCC_MCOConfig                                     build/stm32f10x_rcc.o
RCC_PCLK1Config                                   build/stm32f10x_rcc.o
RCC_PCLK2Config                                   build/stm32f10x_rcc.o
RCC_PLLCmd                                        build/stm32f10x_rcc.o
RCC_PLLConfig                                     build/stm32f10x_rcc.o
RCC_RTCCLKCmd                                     build/stm32f10x_rcc.o
RCC_RTCCLKConfig                                  build/stm32f10x_rcc.o
RCC_SYSCLKConfig                                  build/stm32f10x_rcc.o
RCC_USBCLKConfig                                  build/stm32f10x_rcc.o
RCC_WaitForHSEStartUp                             build/stm32f10x_rcc.o
RTCAlarm_IRQHandler                               build/startup_stm32f10x_md.o
RTC_ClearFlag                                     build/stm32f10x_rtc.o
RTC_ClearITPendingBit                             build/stm32f10x_rtc.o
RTC_EnterConfigMode                               build/stm32f10x_rtc.o
RTC_ExitConfigMode                                build/stm32f10x_rtc.o
RTC_GetCounter                                    build/stm32f10x_rtc.o
RTC_GetDivider                                    build/stm32f10x_rtc.o
RTC_GetFlagStatus                                 build/stm32f10x_rtc.o
RTC_GetITStatus                                   build/stm32f10x_rtc.o
RTC_IRQHandler                                    build/startup_stm32f10x_md.o
RTC_ITConfig                                      build/stm32f10x_rtc.o
RTC_SetAlarm                                      build/stm32f10x_rtc.o
RTC_SetCounter                                    build/stm32f10x_rtc.o
RTC_SetPrescaler                                  build/stm32f10x_rtc.o
RTC_WaitForLastTask                               build/stm32f10x_rtc.o
RTC_WaitForSynchro                                build/stm32f10x_rtc.o
Reset_Handler                                     build/startup_stm32f10x_md.o
SDIO_CEATAITCmd                                   build/stm32f10x_sdio.o
SDIO_ClearFlag                                    build/stm32f10x_sdio.o
SDIO_ClearITPendingBit                            build/stm32f10x_sdio.o
SDIO_ClockCmd                                     build/stm32f10x_sdio.o
SDIO_CmdStructInit                                build/stm32f10x_sdio.o
SDIO_CommandCompletionCmd                         build/stm32f10x_sdio.o
SDIO_DMACmd                                       build/stm32f10x_sdio.o
SDIO_DataConfig                                   build/stm32f10x_sdio.o
SDIO_DataStructInit                               build/stm32f10x_sdio.o
SDIO_DeInit                                       build/stm32f10x_sdio.o
SDIO_GetCommandResponse                           build/stm32f10x_sdio.o
SDIO_GetDataCounter                               build/stm32f10x_sdio.o
SDIO_GetFIFOCount                                 build/stm32f10x_sdio.o
SDIO_GetFlagStatus                                build/stm32f10x_sdio.o
SDIO_GetITStatus                                  build/stm32f10x_sdio.o
SDIO_GetPowerState                                build/stm32f10x_sdio.o
SDIO_GetResponse                                  build/stm32f10x_sdio.o
SDIO_ITConfig                                     build/stm32f10x_sdio.o
SDIO_Init                                         build/stm32f10x_sdio.o
SDIO_ReadData                                     build/stm32f10x_sdio.o
SDIO_SendCEATACmd                                 build/stm32f10x_sdio.o
SDIO_SendCommand                                  build/stm32f10x_sdio.o
SDIO_SendSDIOSuspendCmd                           build/stm32f10x_sdio.o
SDIO_SetPowerState                                build/stm32f10x_sdio.o
SDIO_SetSDIOOperation                             build/stm32f10x_sdio.o
SDIO_SetSDIOReadWaitMode                          build/stm32f10x_sdio.o
SDIO_StartSDIOReadWait                            build/stm32f10x_sdio.o
SDIO_StopSDIOReadWait                             build/stm32f10x_sdio.o
SDIO_StructInit                                   build/stm32f10x_sdio.o
SDIO_WriteData                                    build/stm32f10x_sdio.o
SPI1_IRQHandler                                   build/startup_stm32f10x_md.o
SPI2_IRQHandler                                   build/startup_stm32f10x_md.o
SPI_BiDirectionalLineConfig                       build/stm32f10x_spi.o
SPI_CalculateCRC                                  build/stm32f10x_spi.o
SPI_Cmd                                           build/stm32f10x_spi.o
SPI_DataSizeConfig                                build/stm32f10x_spi.o
SPI_GetCRC                                        build/stm32f10x_spi.o
SPI_GetCRCPolynomial                              build/stm32f10x_spi.o
SPI_I2S_ClearFlag                                 build/stm32f10x_spi.o
SPI_I2S_ClearITPendingBit                         build/stm32f10x_spi.o
SPI_I2S_DMACmd                                    build/stm32f10x_spi.o
SPI_I2S_DeInit                                    build/stm32f10x_spi.o
SPI_I2S_GetFlagStatus                             build/stm32f10x_spi.o
SPI_I2S_GetITStatus                               build/stm32f10x_spi.o
SPI_I2S_ITConfig                                  build/stm32f10x_spi.o
SPI_I2S_ReceiveData                               build/stm32f10x_spi.o
SPI_I2S_SendData                                  build/stm32f10x_spi.o
SPI_Init                                          build/stm32f10x_spi.o
SPI_NSSInternalSoftwareConfig                     build/stm32f10x_spi.o
SPI_SSOutputCmd                                   build/stm32f10x_spi.o
SPI_StructInit                                    build/stm32f10x_spi.o
SPI_TransmitCRC                                   build/stm32f10x_spi.o
SVC_Handler                                       build/stm32f10x_it.o
SysTick_CLKSourceConfig                           build/misc.o
SysTick_Handler                                   build/stm32f10x_it.o
SystemCoreClock                                   build/system_stm32f10x.o
                                                  build/TIM.o
                                                  build/system.o
SystemCoreClockUpdate                             build/system_stm32f10x.o
SystemInit                                        build/system_stm32f10x.o
                                                  build/startup_stm32f10x_md.o
TAMPER_IRQHandler                                 build/startup_stm32f10x_md.o
TIM1_BRK_IRQHandler                               build/startup_stm32f10x_md.o
TIM1_CC_IRQHandler                                build/startup_stm32f10x_md.o
TIM1_TRG_COM_IRQHandler                           build/startup_stm32f10x_md.o
TIM1_UP_IRQHandler                                build/startup_stm32f10x_md.o
TIM2_IRQHandler                                   build/TIM.o
TIM2_init                                         build/TIM.o
TIM3_IRQHandler                                   build/TIM.o
TIM3_init                                         build/TIM.o
                                                  build/system.o
TIM4_IRQHandler                                   build/startup_stm32f10x_md.o
TIM4_init                                         build/TIM.o
TIM_ARRPreloadConfig                              build/stm32f10x_tim.o
TIM_BDTRConfig                                    build/stm32f10x_tim.o
TIM_BDTRStructInit                                build/stm32f10x_tim.o
TIM_CCPreloadControl                              build/stm32f10x_tim.o
TIM_CCxCmd                                        build/stm32f10x_tim.o
TIM_CCxNCmd                                       build/stm32f10x_tim.o
TIM_ClearFlag                                     build/stm32f10x_tim.o
TIM_ClearITPendingBit                             build/stm32f10x_tim.o
                                                  build/TIM.o
TIM_ClearOC1Ref                                   build/stm32f10x_tim.o
TIM_ClearOC2Ref                                   build/stm32f10x_tim.o
TIM_ClearOC3Ref                                   build/stm32f10x_tim.o
TIM_ClearOC4Ref                                   build/stm32f10x_tim.o
TIM_Cmd                                           build/stm32f10x_tim.o
                                                  build/TIM.o
                                                  build/keypad.o
TIM_CounterModeConfig                             build/stm32f10x_tim.o
TIM_CtrlPWMOutputs                                build/stm32f10x_tim.o
TIM_DMACmd                                        build/stm32f10x_tim.o
TIM_DMAConfig                                     build/stm32f10x_tim.o
TIM_DeInit                                        build/stm32f10x_tim.o
TIM_ETRClockMode1Config                           build/stm32f10x_tim.o
TIM_ETRClockMode2Config                           build/stm32f10x_tim.o
TIM_ETRConfig                                     build/stm32f10x_tim.o
TIM_EncoderInterfaceConfig                        build/stm32f10x_tim.o
TIM_ForcedOC1Config                               build/stm32f10x_tim.o
TIM_ForcedOC2Config                               build/stm32f10x_tim.o
TIM_ForcedOC3Config                               build/stm32f10x_tim.o
TIM_ForcedOC4Config                               build/stm32f10x_tim.o
TIM_GenerateEvent                                 build/stm32f10x_tim.o
TIM_GetCapture1                                   build/stm32f10x_tim.o
TIM_GetCapture2                                   build/stm32f10x_tim.o
TIM_GetCapture3                                   build/stm32f10x_tim.o
TIM_GetCapture4                                   build/stm32f10x_tim.o
TIM_GetCounter                                    build/stm32f10x_tim.o
TIM_GetFlagStatus                                 build/stm32f10x_tim.o
TIM_GetITStatus                                   build/stm32f10x_tim.o
TIM_GetPrescaler                                  build/stm32f10x_tim.o
TIM_ICInit                                        build/stm32f10x_tim.o
TIM_ICStructInit                                  build/stm32f10x_tim.o
TIM_ITConfig                                      build/stm32f10x_tim.o
                                                  build/TIM.o
TIM_ITRxExternalClockConfig                       build/stm32f10x_tim.o
TIM_InternalClockConfig                           build/stm32f10x_tim.o
TIM_OC1FastConfig                                 build/stm32f10x_tim.o
TIM_OC1Init                                       build/stm32f10x_tim.o
TIM_OC1NPolarityConfig                            build/stm32f10x_tim.o
TIM_OC1PolarityConfig                             build/stm32f10x_tim.o
TIM_OC1PreloadConfig                              build/stm32f10x_tim.o
TIM_OC2FastConfig                                 build/stm32f10x_tim.o
TIM_OC2Init                                       build/stm32f10x_tim.o
TIM_OC2NPolarityConfig                            build/stm32f10x_tim.o
TIM_OC2PolarityConfig                             build/stm32f10x_tim.o
TIM_OC2PreloadConfig                              build/stm32f10x_tim.o
TIM_OC3FastConfig                                 build/stm32f10x_tim.o
TIM_OC3Init                                       build/stm32f10x_tim.o
TIM_OC3NPolarityConfig                            build/stm32f10x_tim.o
TIM_OC3PolarityConfig                             build/stm32f10x_tim.o
TIM_OC3PreloadConfig                              build/stm32f10x_tim.o
TIM_OC4FastConfig                                 build/stm32f10x_tim.o
TIM_OC4Init                                       build/stm32f10x_tim.o
TIM_OC4PolarityConfig                             build/stm32f10x_tim.o
TIM_OC4PreloadConfig                              build/stm32f10x_tim.o
TIM_OCStructInit                                  build/stm32f10x_tim.o
TIM_PWMIConfig                                    build/stm32f10x_tim.o
TIM_PrescalerConfig                               build/stm32f10x_tim.o
TIM_SelectCCDMA                                   build/stm32f10x_tim.o
TIM_SelectCOM                                     build/stm32f10x_tim.o
TIM_SelectHallSensor                              build/stm32f10x_tim.o
TIM_SelectInputTrigger                            build/stm32f10x_tim.o
TIM_SelectMasterSlaveMode                         build/stm32f10x_tim.o
TIM_SelectOCxM                                    build/stm32f10x_tim.o
TIM_SelectOnePulseMode                            build/stm32f10x_tim.o
TIM_SelectOutputTrigger                           build/stm32f10x_tim.o
TIM_SelectSlaveMode                               build/stm32f10x_tim.o
TIM_SetAutoreload                                 build/stm32f10x_tim.o
TIM_SetClockDivision                              build/stm32f10x_tim.o
TIM_SetCompare1                                   build/stm32f10x_tim.o
TIM_SetCompare2                                   build/stm32f10x_tim.o
TIM_SetCompare3                                   build/stm32f10x_tim.o
TIM_SetCompare4                                   build/stm32f10x_tim.o
TIM_SetCounter                                    build/stm32f10x_tim.o
TIM_SetIC1Prescaler                               build/stm32f10x_tim.o
TIM_SetIC2Prescaler                               build/stm32f10x_tim.o
TIM_SetIC3Prescaler                               build/stm32f10x_tim.o
TIM_SetIC4Prescaler                               build/stm32f10x_tim.o
TIM_TIxExternalClockConfig                        build/stm32f10x_tim.o
TIM_TimeBaseInit                                  build/stm32f10x_tim.o
                                                  build/TIM.o
TIM_TimeBaseStructInit                            build/stm32f10x_tim.o
TIM_UpdateDisableConfig                           build/stm32f10x_tim.o
TIM_UpdateRequestConfig                           build/stm32f10x_tim.o
TimingDelay                                       build/init.o
                                                  build/system.o
                                                  build/stm32f10x_it.o
USART1_IRQHandler                                 build/uart_com.o
USART1_init                                       build/uart_com.o
                                                  build/uart.o
USART2_IRQHandler                                 build/uart_com.o
USART2_init                                       build/uart_com.o
USART3_IRQHandler                                 build/uart_com.o
USART3_init                                       build/uart_com.o
USART_ClearFlag                                   build/stm32f10x_usart.o
USART_ClearITPendingBit                           build/stm32f10x_usart.o
USART_ClockInit                                   build/stm32f10x_usart.o
USART_ClockStructInit                             build/stm32f10x_usart.o
USART_Cmd                                         build/stm32f10x_usart.o
                                                  build/uart_com.o
USART_DMACmd                                      build/stm32f10x_usart.o
USART_DeInit                                      build/stm32f10x_usart.o
USART_GetFlagStatus                               build/stm32f10x_usart.o
                                                  build/uart_com.o
                                                  build/uart.o
USART_GetITStatus                                 build/stm32f10x_usart.o
                                                  build/uart_com.o
USART_HalfDuplexCmd                               build/stm32f10x_usart.o
USART_ITConfig                                    build/stm32f10x_usart.o
                                                  build/uart_com.o
USART_Init                                        build/stm32f10x_usart.o
                                                  build/uart_com.o
USART_IrDACmd                                     build/stm32f10x_usart.o
USART_IrDAConfig                                  build/stm32f10x_usart.o
USART_LINBreakDetectLengthConfig                  build/stm32f10x_usart.o
USART_LINCmd                                      build/stm32f10x_usart.o
USART_OneBitMethodCmd                             build/stm32f10x_usart.o
USART_OverSampling8Cmd                            build/stm32f10x_usart.o
USART_ReceiveData                                 build/stm32f10x_usart.o
USART_ReceiverWakeUpCmd                           build/stm32f10x_usart.o
USART_SendBreak                                   build/stm32f10x_usart.o
USART_SendData                                    build/stm32f10x_usart.o
USART_SetAddress                                  build/stm32f10x_usart.o
USART_SetGuardTime                                build/stm32f10x_usart.o
USART_SetPrescaler                                build/stm32f10x_usart.o
USART_SmartCardCmd                                build/stm32f10x_usart.o
USART_SmartCardNACKCmd                            build/stm32f10x_usart.o
USART_StructInit                                  build/stm32f10x_usart.o
                                                  build/uart_com.o
USART_WakeUpConfig                                build/stm32f10x_usart.o
USBWakeUp_IRQHandler                              build/startup_stm32f10x_md.o
USB_HP_CAN1_TX_IRQHandler                         build/startup_stm32f10x_md.o
USB_LP_CAN1_RX0_IRQHandler                        build/startup_stm32f10x_md.o
UsageFault_Handler                                build/stm32f10x_it.o
WWDG_ClearFlag                                    build/stm32f10x_wwdg.o
WWDG_DeInit                                       build/stm32f10x_wwdg.o
WWDG_Enable                                       build/stm32f10x_wwdg.o
WWDG_EnableIT                                     build/stm32f10x_wwdg.o
WWDG_GetFlagStatus                                build/stm32f10x_wwdg.o
WWDG_IRQHandler                                   build/startup_stm32f10x_md.o
WWDG_SetCounter                                   build/stm32f10x_wwdg.o
WWDG_SetPrescaler                                 build/stm32f10x_wwdg.o
WWDG_SetWindowValue                               build/stm32f10x_wwdg.o
__adddf3                                          c:/arm-opt/gcc-arm-none-eabi-10.3-2021.10/bin/../lib/gcc/arm-none-eabi/10.3.1/thumb/v7-m/nofp\libgcc.a(_arm_addsubdf3.o)
__addsf3                                          c:/arm-opt/gcc-arm-none-eabi-10.3-2021.10/bin/../lib/gcc/arm-none-eabi/10.3.1/thumb/v7-m/nofp\libgcc.a(_arm_addsubsf3.o)
__aeabi_cdcmpeq                                   c:/arm-opt/gcc-arm-none-eabi-10.3-2021.10/bin/../lib/gcc/arm-none-eabi/10.3.1/thumb/v7-m/nofp\libgcc.a(_arm_cmpdf2.o)
__aeabi_cdcmple                                   c:/arm-opt/gcc-arm-none-eabi-10.3-2021.10/bin/../lib/gcc/arm-none-eabi/10.3.1/thumb/v7-m/nofp\libgcc.a(_arm_cmpdf2.o)
__aeabi_cdrcmple                                  c:/arm-opt/gcc-arm-none-eabi-10.3-2021.10/bin/../lib/gcc/arm-none-eabi/10.3.1/thumb/v7-m/nofp\libgcc.a(_arm_cmpdf2.o)
__aeabi_cfcmpeq                                   c:/arm-opt/gcc-arm-none-eabi-10.3-2021.10/bin/../lib/gcc/arm-none-eabi/10.3.1/thumb/v7-m/nofp\libgcc.a(_arm_cmpsf2.o)
__aeabi_cfcmple                                   c:/arm-opt/gcc-arm-none-eabi-10.3-2021.10/bin/../lib/gcc/arm-none-eabi/10.3.1/thumb/v7-m/nofp\libgcc.a(_arm_cmpsf2.o)
__aeabi_cfrcmple                                  c:/arm-opt/gcc-arm-none-eabi-10.3-2021.10/bin/../lib/gcc/arm-none-eabi/10.3.1/thumb/v7-m/nofp\libgcc.a(_arm_cmpsf2.o)
__aeabi_d2f                                       c:/arm-opt/gcc-arm-none-eabi-10.3-2021.10/bin/../lib/gcc/arm-none-eabi/10.3.1/thumb/v7-m/nofp\libgcc.a(_arm_truncdfsf2.o)
                                                  build/structs.o
__aeabi_d2uiz                                     c:/arm-opt/gcc-arm-none-eabi-10.3-2021.10/bin/../lib/gcc/arm-none-eabi/10.3.1/thumb/v7-m/nofp\libgcc.a(_arm_fixunsdfsi.o)
                                                  build/lcd.o
__aeabi_dadd                                      c:/arm-opt/gcc-arm-none-eabi-10.3-2021.10/bin/../lib/gcc/arm-none-eabi/10.3.1/thumb/v7-m/nofp\libgcc.a(_arm_addsubdf3.o)
                                                  build/lcd.o
                                                  build/structs.o
__aeabi_dcmpeq                                    c:/arm-opt/gcc-arm-none-eabi-10.3-2021.10/bin/../lib/gcc/arm-none-eabi/10.3.1/thumb/v7-m/nofp\libgcc.a(_arm_cmpdf2.o)
__aeabi_dcmpge                                    c:/arm-opt/gcc-arm-none-eabi-10.3-2021.10/bin/../lib/gcc/arm-none-eabi/10.3.1/thumb/v7-m/nofp\libgcc.a(_arm_cmpdf2.o)