./uart/uart.c:185:9:uart_reg_read_byte	16	static
./uart/uart.c:200:6:uart_reg_write_byte	16	static
./uart/uart.c:222:6:uart_reg_write_buffer	32	static
./uart/uart.c:235:6:uart_reset	16	static
./uart/uart.c:250:9:uart_rx_buffer_add	16	static
./uart/uart.c:273:9:startswith_header	32	static
./uart/uart.c:296:9:endswith_delimiter	32	static
./uart/uart.c:318:6:uart_receive_start	8	static
./uart/uart.c:343:6:uart_receive_stop	8	static
./uart/uart.c:360:9:uart_islistening	4	static
./uart/uart.c:378:9:uart_send_byte	16	static
./uart/uart.c:394:6:uart_send_buffer	24	static
./uart/uart.c:412:6:uart_send_message	24	static
./uart/uart.c:430:6:uart_print	16	static
./uart/uart.c:443:6:uart_println	16	static
./uart/uart.c:458:6:uart_print_Array	48	static
./uart/uart.c:481:6:uart_println_Array	48	static
./uart/uart.c:502:6:uart_init	8	static
./uart/uart.c:532:9:uart_receive	24	static
./uart/uart.c:605:9:uart_data_is_available	16	static
